02-10 16:27:38.049 32225 27507 W TapAndPay: isUncertifiedDevice: false [CONTEXT service_id=79 ]
02-10 16:27:38.049 32225 27507 W TapAndPay: deviceSupportsTokenization: true [CONTEXT service_id=79 ]
02-10 16:27:38.049 32225 27507 W TapAndPay: isGooglePayEnabled: true [CONTEXT service_id=79 ]
02-10 16:27:38.062 32225 28182 I NetworkScheduler.Stats: Task com.google.android.gms/com.google.android.gms.tapandpay.gcmtask.TapAndPayGcmTaskService started execution. cause:5 exec_start_elapsed_seconds: 4620056 [CONTEXT service_id=218 ]
02-10 16:27:38.067 32225 28182 I NetworkScheduler.Stats: Task com.google.android.gms/com.google.android.gms.tapandpay.gcmtask.TapAndPayGcmTaskService finished executing. cause:5 result: 1 elapsed_millis: 35 uptime_millis: 35 exec_start_elapsed_seconds: 4620056 [CONTEXT service_id=218 ]
02-10 16:27:38.069  5083 10290 D SamsungAlarmManager: Cancel Alarm calling from uid:10186 pid :32225 / OP:PendingIntent{1a6d04: PendingIntentRecord{8076cff com.google.android.gms/com.google.android.gms.gcm broadcastIntent}}
02-10 16:27:38.070  5083 10290 I SamsungAlarmManager: setLocked to kernel - T:2 / 20220210T163105, set=4620264617, now=4620056918
02-10 16:27:38.070  5083 10290 I SamsungAlarmManager: setLocked to kernel - T:3 / 20220210T162800, set=4620078848, now=4620056918
02-10 16:27:38.101  5083  5280 D InputReader: Btn_touch(7): value=1 when=608232.616668
02-10 16:27:38.101  5083  5280 I InputReader: Touch event's action is 0x0 (id=2, t=0) [pCnt=1, s=0.9492 ] when=608232.616668
02-10 16:27:38.102  5083  5279 I InputDispatcher: Delivering touch to (8910): action: 0x0, f=0x0, d=0, 'dfd9b7a', t=1 
02-10 16:27:38.102  8910  8910 I ViewRootImpl@b433207[NotificationShade]: ViewPostIme pointer 0
02-10 16:27:38.103  8910  8910 I DymLock|DynamicLockContainer: isTouchOnItemViewArea() false
02-10 16:27:38.103  8910  8910 I DymLock|BaseLockContainer: isIntercepting() false
02-10 16:27:38.103  8910  8910 D BaseAnimator: mNonSwipeMode: 0x00000001
02-10 16:27:38.103  8910  8910 D KeyguardTouchDymLockInjector: initDynamicLock mIsDynamicLockEnabled: true
02-10 16:27:38.103  8910  8910 D KeyguardTouchDymLockInjector: mNonSwipeMode: 0x00000001
02-10 16:27:38.103  8910  8910 D KeyguardBottomAreaShortcutView: mCanIndicationAreaUpdate set to true
02-10 16:27:38.112  5083 11082 D SamsungAlarmManager: setInexact (T:3/F:0/AC:false) 20220210T163435 now=4620056959 - CU:10186/CP:32225/OP:PendingIntent{a535570: PendingIntentRecord{8076cff com.google.android.gms/com.google.android.gms.gcm broadcastIntent}}
02-10 16:27:38.112  5083 11082 I SamsungAlarmManager: setLocked to kernel - T:2 / 20220210T163105, set=4620264617, now=4620056960
02-10 16:27:38.112  5083 11082 I SamsungAlarmManager: setLocked to kernel - T:3 / 20220210T162800, set=4620078848, now=4620056960
02-10 16:27:38.114 32225 28183 W TapAndPay: platformSupportsGooglePay: true [CONTEXT service_id=79 ]
02-10 16:27:38.114 32225 28183 W TapAndPay: hasManagedProfile: false [CONTEXT service_id=79 ]
02-10 16:27:38.114 32225 28183 W TapAndPay: isChromeOsDevice: false [CONTEXT service_id=79 ]
02-10 16:27:38.114 32225 28183 W TapAndPay: isUncertifiedDevice: false [CONTEXT service_id=79 ]
02-10 16:27:38.114 32225 28183 W TapAndPay: deviceSupportsTokenization: true [CONTEXT service_id=79 ]
02-10 16:27:38.114 32225 28183 W TapAndPay: isGooglePayEnabled: true [CONTEXT service_id=79 ]
02-10 16:27:38.115 32225 28182 I NetworkScheduler.Stats: Task com.google.android.gms/com.google.android.gms.tapandpay.gcmtask.TapAndPayGcmTaskService started execution. cause:5 exec_start_elapsed_seconds: 4620056 [CONTEXT service_id=218 ]
02-10 16:27:38.118  5083 10290 D SamsungAlarmManager: Cancel Alarm calling from uid:10186 pid :32225 / OP:PendingIntent{e23b0e9: PendingIntentRecord{8076cff com.google.android.gms/com.google.android.gms.gcm broadcastIntent}}
02-10 16:27:38.120  5083 10290 I SamsungAlarmManager: setLocked to kernel - T:2 / 20220210T163105, set=4620264617, now=4620056967
02-10 16:27:38.120  5083 10290 I SamsungAlarmManager: setLocked to kernel - T:3 / 20220210T162800, set=4620078848, now=4620056967
02-10 16:27:38.140  5083 11082 D PowerManagerService: [api] userActivity : event: 0 flags: 0 (uid: 10059 pid: 8910) eventTime = 608232654
02-10 16:27:38.160 32225 27507 W TapAndPay: platformSupportsGooglePay: true [CONTEXT service_id=79 ]
02-10 16:27:38.160 32225 27507 W TapAndPay: hasManagedProfile: false [CONTEXT service_id=79 ]
02-10 16:27:38.160 32225 27507 W TapAndPay: isChromeOsDevice: false [CONTEXT service_id=79 ]
02-10 16:27:38.160 32225 27507 W TapAndPay: isUncertifiedDevice: false [CONTEXT service_id=79 ]
02-10 16:27:38.160 32225 27507 W TapAndPay: deviceSupportsTokenization: true [CONTEXT service_id=79 ]
02-10 16:27:38.161 32225 27507 W TapAndPay: isGooglePayEnabled: true [CONTEXT service_id=79 ]
02-10 16:27:38.162  5083 11082 D SamsungAlarmManager: setInexact (T:3/F:0/AC:false) 20220210T163435 now=4620057010 - CU:10186/CP:32225/OP:PendingIntent{24f816e: PendingIntentRecord{8076cff com.google.android.gms/com.google.android.gms.gcm broadcastIntent}}
02-10 16:27:38.163  5083 11082 I SamsungAlarmManager: setLocked to kernel - T:2 / 20220210T163105, set=4620264617, now=4620057010
02-10 16:27:38.163  5083 11082 I SamsungAlarmManager: setLocked to kernel - T:3 / 20220210T162800, set=4620078848, now=4620057010
02-10 16:27:38.165 32225 28183 I NetworkScheduler.Stats: Task com.google.android.gms/com.google.android.gms.tapandpay.gcmtask.TapAndPayGcmTaskService started execution. cause:5 exec_start_elapsed_seconds: 4620056 [CONTEXT service_id=218 ]
02-10 16:27:38.176 32225 28183 I NetworkScheduler.Stats: Task com.google.android.gms/com.google.android.gms.tapandpay.gcmtask.TapAndPayGcmTaskService finished executing. cause:5 result: 1 elapsed_millis: 80 uptime_millis: 79 exec_start_elapsed_seconds: 4620056 [CONTEXT service_id=218 ]
02-10 16:27:38.188 32225 28183 I NetworkScheduler.Stats: Task com.google.android.gms/com.google.android.gms.tapandpay.gcmtask.TapAndPayGcmTaskService finished executing. cause:5 result: 1 elapsed_millis: 45 uptime_millis: 44 exec_start_elapsed_seconds: 4620056 [CONTEXT service_id=218 ]
02-10 16:27:38.209  5083  9601 I SemWifiApSmartBleScanner: Preconditions standalonemode is ON
02-10 16:27:38.211  5083  9601 I BluetoothAdapter: STATE_BLE_ON
02-10 16:27:38.211  5083  9601 I BluetoothAdapter: STATE_BLE_ON
02-10 16:27:38.211  5083  9601 I BluetoothAdapter: appoCount is = 0 G/S = 2/2
02-10 16:27:38.214  5083  9601 E SemWifiApSmartBleScanner: mMhsD2dFilter:BluetoothLeScanFilter [mResults=0, mDeviceName=null, mDeviceAddress=null, mUuid=null, mUuidMask=null, mServiceSolicitationUuid=null, mServiceSolicitationUuidMask=null, mServiceDataUuid=null, mServiceData=null, mServiceDataMask=null, mManufacturerId=75, mManufacturerData=01 12 00 00 00 00 00 00 00 00 03 00 00 00 00 00 00 00 00 00 00 00 00 00, mManufacturerDataMask=00 FF 00 00 00 00 00 00 00 00 FF 00 00 00 00 00 00 00 00 00 00 00 00 00, mTransportBlock=null, mTransportBlockMask=null, mPassiveScan=false]
02-10 16:27:38.214  5083  9601 I BluetoothAdapter: STATE_BLE_ON
02-10 16:27:38.214  5083  9601 I BluetoothAdapter: appoCount is = 0 G/S = 2/2
02-10 16:27:38.215  5083  9601 I BluetoothAdapter: STATE_BLE_ON
02-10 16:27:38.215  5083  9601 I BluetoothAdapter: appoCount is = 0 G/S = 2/2
02-10 16:27:38.215  5083  9601 I BluetoothAdapter: STATE_BLE_ON
02-10 16:27:38.215  5083  9601 I BluetoothAdapter: appoCount is = 0 G/S = 2/2
02-10 16:27:38.215  5083  9601 D BluetoothLeScanner: Start Scan with callback
02-10 16:27:38.217  9605 10111 D BtGatt.ContextMap: add() - appUid: 1000, appPid: 5083, appName: android.uid.system
02-10 16:27:38.217  9605  9742 I bt_stack: [INFO:gatt_api.cc(950)] GATT_Register bc47b9fc-96fd-4e3b-9db2-2e4b1019dd19
02-10 16:27:38.217  9605  9742 I bt_stack: [INFO:gatt_api.cc(994)] allocated gatt_if=5
02-10 16:27:38.217  9605  9742 I bt_stack: [INFO:gatt_api.cc(1101)] GATT_StartIf gatt_if=5
02-10 16:27:38.218  9605  9699 D BtGatt.GattService: onScannerRegistered() - UUID=bc47b9fc-96fd-4e3b-9db2-2e4b1019dd19, scannerId=5, status=0
02-10 16:27:38.219  5083 10486 D BluetoothLeScanner: onScannerRegistered() - status=0 scannerId=5 mScannerId=0
02-10 16:27:38.219  9605 10111 I BluetoothAdapter: STATE_BLE_ON
02-10 16:27:38.220  9605 10111 I BluetoothAdapter: bleAppCnt is = 2
02-10 16:27:38.221  9605 10111 E BluetoothUtils: Permission denial: Location is off.
02-10 16:27:38.225  9605  9732 I BluetoothAdapter: STATE_BLE_ON
02-10 16:27:38.226  9605  9732 I BluetoothAdapter: appoCount is = 0 G/S = 2/2
02-10 16:27:38.226  5083  9601 I SemWifiApSmartBleScanner: Started scanning
02-10 16:27:38.228  9605  9732 I BluetoothAdapter: STATE_BLE_ON
02-10 16:27:38.228  9605  9734 W BtGatt.GattService: checkToReportData before boot completed
02-10 16:27:38.228  9605  9734 E BtGatt.GattService: [GSIM LOG]: gsimLogHandler, msg: MESSAGE_SCAN_START, appName: android.uid.system, scannerId: 5, reportDelayMillis=0
02-10 16:27:38.228  9605  9732 I BluetoothAdapter: appoCount is = 0 G/S = 2/2
02-10 16:27:38.228  9605  9732 I BluetoothAdapter: STATE_BLE_ON
02-10 16:27:38.228  9605  9732 I BluetoothAdapter: appoCount is = 0 G/S = 2/2
02-10 16:27:38.231  9605  9732 D BtGatt.ScanManager: configureFilterParamter() : onFoundTimeout | onLostTimeout | onFoundCount | numOfTrackingEntries | scanFilterRssiThreshold | trackableScanFilterRssiThreshold | matchMode
02-10 16:27:38.231  9605  9732 D BtGatt.ScanManager: configureFilterParamter() : __________500__|________10000__|___________1__|___________________0__|___________________-128__|____________________________-128__|________1_
02-10 16:27:38.232  9605  9742 W bt_btm  : btm_ble_disable_resolving_list() rl_state = 0x0, rl_mask = 0x2, to_resume = 1
02-10 16:27:38.232  9605  9742 W bt_btm  : btm_ble_disable_resolving_list() rl_state = 0x0, rl_mask = 0x2, to_resume = 1
02-10 16:27:38.267  5083  5280 D InputReader: Btn_touch(7): value=0 when=608232.781996
02-10 16:27:38.267  5083  5280 I InputReader: Touch event's action is 0x1 (id=2, t=0) [pCnt=1, s=] when=608232.781996
02-10 16:27:38.267  5083  5279 I InputDispatcher: Delivering touch to (8910): action: 0x1, f=0x0, d=0, 'dfd9b7a', t=1 
02-10 16:27:38.268  8910  8910 I DymLock|BaseLockContainer: isIntercepting() false
02-10 16:27:38.268  8910  8910 I ViewRootImpl@b433207[NotificationShade]: ViewPostIme pointer 1
02-10 16:27:38.269  5083  5083 D SemGameManager: getGMSBinder(), begin
02-10 16:27:38.269  8910  8910 D StatusBarOneClickJumpCallScreenManager_NotificationPanelView: (ACTION_UP) no jump to callscreen no ColorfulIndicator
02-10 16:27:38.269  8910  8910 I DymLock|BaseAnimator: up: SWIPE, mDistance[538.510910] mSwipeUnlockRadius[360] mIsMultiTouch[false] isAnimationRunning[false] mIsFullScreenModeEnabled[false] grayZone[false] mTouchSlop[14]
02-10 16:27:38.269  5083  5083 D SemGameManager: getGMSBinder(), successful: true
02-10 16:27:38.269  5083  5083 D GameManagerService: identifyGamePackage. com.sec.android.app.launcher, mCurrentUserId: 0, callerUserId: 0
02-10 16:27:38.270  5083  5083 D PkgDataHelper: getGamePkgData(). com.sec.android.app.launcher
02-10 16:27:38.270  5083  5083 I SemDvfsHyPerManager: acquire hyper - GESTURE_DETECTED/5083@28, type = -999
02-10 16:27:38.270  8910  8910 I DymLock|DynamicLockContainer: onNonSwipeEnded() UNLOCKED
02-10 16:27:38.270  5083  5083 D SemGameManager: getGMSBinder(), begin
02-10 16:27:38.270  8910  8910 D KeyguardTouchAnimator: onTouchEvent event=1 distance=538.5109
02-10 16:27:38.270  8910  8910 D KeyguardTouchAnimator: onTouchEvent T=14, D=538.5109, R=360, W=SWIPE
02-10 16:27:38.270  4696  4742 I HYPER-HAL: [RequestManager.cpp]acquire(): Acquired ID : 13063744  [5083 / 28]    HINT : GESTURE_DETECTED    list : [TIMEOUT / 930] 
02-10 16:27:38.270  5083 11082 D PowerManagerService: [api] userActivity : event: 0 flags: 0 (uid: 10059 pid: 8910) eventTime = 608232785
02-10 16:27:38.271  5083  5083 D SemGameManager: getGMSBinder(), successful: true
02-10 16:27:38.271  5083  5083 D GameManagerService: identifyGamePackage. com.sec.android.app.launcher, mCurrentUserId: 0, callerUserId: 0
02-10 16:27:38.271  5083  5083 D PkgDataHelper: getGamePkgData(). com.sec.android.app.launcher
02-10 16:27:38.271  5083  5083 I SemDvfsHyPerManager: acquire hyper - GESTURE_DETECTED/5083@28, type = -999
02-10 16:27:38.271  4696  4742 I HYPER-HAL: [ResourceManager.cpp]updateResource(): [CPUMinFreq] UpdateResource Request ID : 13063744    Value : 949000
02-10 16:27:38.271  4696  4742 I HYPER-HAL: [RequestManager.cpp]acquire(): Acquired ID : 13063744  [5083 / 28]    HINT : GESTURE_DETECTED    list : [TIMEOUT / 930] 
02-10 16:27:38.271  4696  4742 I HYPER-HAL: [ResourceManager.cpp]updateResource(): [CPUMinFreq] UpdateResource Request ID : 13063744    Value : 949000
02-10 16:27:38.272  8910  8910 I KeyguardTouchBase: unlockExecute()
02-10 16:27:38.272  8910  8910 I StatusBar: makeExpandedInvisible: mExpandedVisible=true mExpandedVisible=true
02-10 16:27:38.274  8910  8910 I FaceWidgetPositionAlgorithm: run() clockX = 0, clockY = 335, clockAlpha = -1.0, stackScrollerPadding(expand=false) = 557, centerAlignClockType = true, iconTypeTranslationY = 543, position List = [Point(0, 335), Point(0, 557)], clockContainerHeight = 222, mediaContainerHeight = 0, diffMarginBetweenDetailAndNIO = -14
02-10 16:27:38.274  8910  8910 D MultiSIMPreferredSlotBar: setExpanded : false
02-10 16:27:38.277  8910  8910 D SimCardManagerServiceProvider: SimCardManagerProcessService already is Running !!! 
02-10 16:27:38.277  8910  8910 D MultiSIMPreferredSlotBar: unRegisterSimCardManagerCallback : mSimCardmanagerSerice is null 
02-10 16:27:38.278  8910  8910 D KeyguardTouchAnimator: reset unlockExecuted=true
02-10 16:27:38.279  8910  8910 D KeyguardTouchDymLockInjector: resetDynamicLock mIsDynamicLockEnabled: true
02-10 16:27:38.280  8910  8910 I FaceWidgetPositionAlgorithm: run() clockX = 0, clockY = 335, clockAlpha = 1.0, stackScrollerPadding(expand=false) = 557, centerAlignClockType = true, iconTypeTranslationY = 543, position List = [Point(0, 335), Point(0, 557)], clockContainerHeight = 222, mediaContainerHeight = 0, diffMarginBetweenDetailAndNIO = -14
02-10 16:27:38.282  8910  8910 D PhoneStatusBarView: shouldPanelBeVisible false / headUpVisible=false, why=0
02-10 16:27:38.284  8910  8910 D PanelBar: go state: 2 -> 0, tracking=false, expanded=false, fraction=0.000000
02-10 16:27:38.284  9173 10083 I TouchInteractionService: onSystemUiStateChanged, stateFlags : 450
02-10 16:27:38.285  9173  9173 I TouchInteractionService: onSystemUiFlagsChanged, userUnlocked
02-10 16:27:38.286  8910  8910 D KeyguardSecSecurityView: showNextSecurityScreenOrFinish(false)
02-10 16:27:38.286  8910  8910 D KeyguardViewMediator: adjustStatusBarLocked: no need to update flags=0x1200000 / showHomeOverLock=true
02-10 16:27:38.288  9173 10083 I TouchInteractionService: onSystemUiStateChanged, stateFlags : 458
02-10 16:27:38.288  8910  8910 D StatusBar: disable<e i a s b H R c s k t > disable2<q i n >
02-10 16:27:38.288  9173  9173 I TouchInteractionService: onSystemUiFlagsChanged, userUnlocked
02-10 16:27:38.288  8910  8910 D StatusBar: disable<e i a s b H R c s k t > disable2<q i n >
02-10 16:27:38.288  8910  8910 D ScrimController: State changed to BOUNCER_SCRIMMED, blankScreen=false, animation=220
02-10 16:27:38.289  8910  8910 D KeyguardUpdateMonitor: sendKeyguardBouncerChanged(true)
02-10 16:27:38.289  8910  8910 D KeyguardUpdateMonitor: sendKeyguardStateUpdated(true, false, true)
02-10 16:27:38.289  8910  8975 D KeyguardUpdateMonitor: broadcast intent= Intent { act=com.samsung.keyguard.KEYGUARD_STATE_UPDATE (has extras) }
02-10 16:27:38.289  8910  8910 D StatusBar: disable<e i a s b H R c s k t > disable2<q i n >
02-10 16:27:38.289  8910  8910 D KeyguardTouchDymLockInjector: resetDynamicLock mIsDynamicLockEnabled: false
02-10 16:27:38.290  5083  5083 D GameManagerService: com.samsung.keyguard.KEYGUARD_STATE. check for pause
02-10 16:27:38.291  5083  5283 D GameManagerService: onLooperPrepared(), msg: MSG_KEY_GUARD_LOCKED
02-10 16:27:38.291  5083  5283 D GameManagerService: sendFocusOutConditionally() - mPrevNotiPackage: KILL_YOURSELF
02-10 16:27:38.297  5083 11082 I SurfaceControl: nativeRelease nativeObject s[484332083392]
02-10 16:27:38.297  5083 11082 I SurfaceControl: nativeRelease nativeObject e[484332083392]
02-10 16:27:38.298  8910  8910 I SurfaceControl: nativeRelease nativeObject s[482605286944]
02-10 16:27:38.298  8910  8910 I SurfaceControl: nativeRelease nativeObject e[482605286944]
02-10 16:27:38.298  8910  8910 I SurfaceControl: assignNativeObject: nativeObject = 0 Surface(name=null)/@0x106c672 / android.view.SurfaceControl.readFromParcel:1117 android.view.IWindowSession$Stub$Proxy.relayout:1820 android.view.ViewRootImpl.relayoutWindow:9005 android.view.ViewRootImpl.performTraversals:3360 android.view.ViewRootImpl.doTraversal:2618 android.view.ViewRootImpl$TraversalRunnable.run:9971 android.view.Choreographer$CallbackRecord.run:1010 android.view.Choreographer.doCallbacks:809 android.view.Choreographer.doFrame:744 android.view.Choreographer$FrameDisplayEventReceiver.run:995 
02-10 16:27:38.299  8910  8910 I SurfaceControl: nativeRelease nativeObject s[482605289728]
02-10 16:27:38.299  8910  8910 I SurfaceControl: nativeRelease nativeObject e[482605289728]
02-10 16:27:38.299  8910  8910 I SurfaceControl: nativeRelease nativeObject s[482572766816]
02-10 16:27:38.299  8910  8910 I SurfaceControl: nativeRelease nativeObject e[482572766816]
02-10 16:27:38.299  8910  8910 I ViewRootImpl@b433207[NotificationShade]: Relayout returned: old=(0,0,720,1600) new=(0,0,720,1600) req=(720,1600)0 dur=7 res=0x1 s={true 482572718080} ch=false fn=32
02-10 16:27:38.301  8910  8910 I FaceWidgetPositionAlgorithm: run() clockX = 0, clockY = 335, clockAlpha = -1.0, stackScrollerPadding(expand=false) = 557, centerAlignClockType = true, iconTypeTranslationY = 543, position List = [Point(0, 335), Point(0, 557)], clockContainerHeight = 222, mediaContainerHeight = 0, diffMarginBetweenDetailAndNIO = -14
02-10 16:27:38.303  8910  8910 D ScrimController: updateScrimColor main=0xff202124 front=0xff000000(0.000000) behind=0xff000000(0.000000) bubble=0xff000000(0.000000) vis=0
02-10 16:27:38.306  8910  8910 I StatusBar: makeExpandedInvisible: mExpandedVisible=false mExpandedVisible=false
02-10 16:27:38.306  8910  8910 D KeyguardUpdateMonitor: handleKeyguardBouncerChanged(1)
02-10 16:27:38.306  8910  8910 D KeyguardWallpaperController: onKeyguardBouncerChanged() : true, prev : false
02-10 16:27:38.308  5083 11082 I Telecom:SamsungTelecomServiceImpl: isInCall - callingPackage : com.android.systemui
02-10 16:27:38.311  5083 11082 I Telecom:SamsungTelecomServiceImpl: isInCall - callingPackage : com.android.systemui
02-10 16:27:38.312  8910  8910 D KeyguardPunchHoleVIView: onKeyguardBouncerChanged
02-10 16:27:38.312  8910  8910 D KeyguardPunchHoleVIView: startVI() - return, face recognition is stopped
02-10 16:27:38.312  8910  8910 I FaceWidgetWindowManager: onKeyguardBouncerChanged() bouncer = true
02-10 16:27:38.312  8910  8910 I FaceWidgetWindowManager: removeAllViews
02-10 16:27:38.314  5083 11082 I Telecom:SamsungTelecomServiceImpl: isInCall - callingPackage : com.android.systemui
02-10 16:27:38.316  5083 11082 I Telecom:SamsungTelecomServiceImpl: isInCall - callingPackage : com.android.systemui
02-10 16:27:38.319  5083 11082 I Telecom:SamsungTelecomServiceImpl: isInCall - callingPackage : com.android.systemui
02-10 16:27:38.321  5083 11082 I Telecom:SamsungTelecomServiceImpl: isInCall - callingPackage : com.android.systemui
02-10 16:27:38.323  8910  8910 D KeyguardPunchHoleVIView_Bouncer: onKeyguardBouncerChanged
02-10 16:27:38.323  8910  8910 D KeyguardPunchHoleVIView_Bouncer: startVI() - return, face recognition is stopped
02-10 16:27:38.323  8910  8910 D KeyguardUpdateMonitor: updateBiometricListeningState()
02-10 16:27:38.323  8910  8910 D SystemUIAnalytics: sendEventLog , , 1
02-10 16:27:38.323  8910  8910 D KeyguardSecSecurityView: getSecurityViewIdForMode PIN
02-10 16:27:38.323  8910  8910 D KeyguardSecSecurityView: getLayoutIdForPIN
02-10 16:27:38.324  8910  8910 D KeyguardSecSecurityView: getSecurityViewIdForMode PIN
02-10 16:27:38.324  8910  8910 D KeyguardSecSecurityView: getLayoutIdForPIN
02-10 16:27:38.324  8910  8910 D KeyguardViewBase: screen on, instance 52ba180
02-10 16:27:38.324  8910  8910 D KeyguardSecSecurityView: getSecurityViewIdForMode PIN
02-10 16:27:38.324  8910  8910 D KeyguardSecSecurityView: getLayoutIdForPIN
02-10 16:27:38.326  8910  8910 D KeyguardUpdateMonitor: getRemainingAttempt type : 0, failedAttempts : 0, remainingAttempts : -1
02-10 16:27:38.328  8910  8910 D KeyguardSecPINView: displayDefaultSecurityMessage( Enter PIN )
02-10 16:27:38.329  8910 14995 D SamsungAnalytics605033: SendLog Result = 0
02-10 16:27:38.330  5083 11082 D SdpManagerService: Not an enterprise user : 0
02-10 16:27:38.330  5083 11082 D SdpManagerService: Not an enterprise user : 0
02-10 16:27:38.331  5083 11082 D SdpManagerService: Not an enterprise user : 0
02-10 16:27:38.331  5083 11082 D SdpManagerService: Not an enterprise user : 0
02-10 16:27:38.332  5083 11082 D SdpManagerService: Not an enterprise user : 0
02-10 16:27:38.332  5083 11082 D SdpManagerService: Not an enterprise user : 0
02-10 16:27:38.333  8910  8910 D KeyguardSecSecurityView: getSecurityViewIdForMode PIN
02-10 16:27:38.333  8910  8910 D KeyguardSecSecurityView: getLayoutIdForPIN
02-10 16:27:38.339  8910  8910 D KeyguardViewMediator: handleMessage 8
02-10 16:27:38.339  8910  8910 D KeyguardViewMediator: handleKeyguardDoneDrawing
02-10 16:27:38.340  8910  8910 D ScrimController: updateScrimColor main=0xff202124 front=0xff000000(0.044572) behind=0xff000000(0.000000) bubble=0xff000000(0.000000) vis=1
02-10 16:27:38.340  8910  8910 D KeyguardWallpaperController: applyBlurInternal: amount = 65.0
02-10 16:27:38.341  8910  8910 D WallpaperManager: semGetWallpaperColors, which = 2
02-10 16:27:38.341  5083 11082 D WALLPAPER_SVC:WallpaperManagerService: getWallpaperSafeLocked, userId = 0, which = 2, caller = com.android.server.wallpaper.WallpaperManagerService.semGetWallpaperColors:7615 
02-10 16:27:38.341  5083 11082 D WALLPAPER_SVC:WallpaperManagerService: return dlsSemColors 
02-10 16:27:38.342  8910  8910 D SemWallpaperColorsArea: SemWallpaperColorsArea which = 2, 720x1448,411x827,38,48, 11
02-10 16:27:38.342  8910  8910 D ImageDarkModeFilter: isNightMode: true ui_mode true
02-10 16:27:38.342  8910  8910 D ImageDarkModeFilter: isApplyToWallpaper: true
02-10 16:27:38.342  8910  8910 I ImageDarkModeFilter:  Dark mode enabled : opacity :0.23731649
02-10 16:27:38.342  8910  8910 I KeyguardImageWallpaper:  draw filter color on ImageWallpaper 1023410176
02-10 16:27:38.342  8910  8910 D KeyguardImageWallpaper: onDraw, cur bitmap
02-10 16:27:38.342  8910  8910 I KeyguardWallpaperController: onDrawFinished: chaged = true
02-10 16:27:38.417  4618  4618 E audit   : type=1400 audit(1644503258.413:186855): avc:  denied  { dac_override } for  pid=24156 comm="kworker/u16:1" capability=1  scontext=u:r:kernel:s0 tcontext=u:r:kernel:s0 tclass=capability permissive=0 SEPF_SM-A217F_11_0010 audit_filtered
02-10 16:27:38.460  8910  9384 W OpenGLRenderer: Incorrectly called buildLayer on View: FrameLayout, destroying layer...
02-10 16:27:38.496  4696 28226 I HYPER-HAL: [ResourceManager.cpp]removeResource(): [CPUMinFreq] RemoveResource Request ID : 13058632
02-10 16:27:38.497  4696 28226 I HYPER-HAL: [RequestManager.cpp]releaseLocked(): Released ID : 13058632
02-10 16:27:38.606  5083 15187 D SemGameManager: getGMSBinder(), begin
02-10 16:27:38.606  5083 15187 D SemGameManager: getGMSBinder(), successful: true
02-10 16:27:38.606  5083 15187 D GameManagerService: identifyGamePackage. com.sec.android.app.launcher, mCurrentUserId: 0, callerUserId: 0
02-10 16:27:38.606  5083 15187 D PkgDataHelper: getGamePkgData(). com.sec.android.app.launcher
02-10 16:27:38.608  8910  8910 D InsetsSourceConsumer: setRequestedVisible: visible=true, type=1, host=NotificationShade, from=android.view.InsetsSourceConsumer.show:229 android.view.InsetsController.showDirectly:1437 android.view.InsetsController.controlAnimationUnchecked:1110 android.view.InsetsController.applyAnimation:1417 android.view.InsetsController.show:962 android.view.InsetsController.show:918 com.android.systemui.statusbar.phone.StatusBarKeyguardViewManager$7.run:1092 android.view.Choreographer$CallbackRecord.run:1010 android.view.Choreographer.doCallbacks:809 android.view.Choreographer.doFrame:740 
02-10 16:27:38.610  5083 11082 D InsetsSourceProvider: updateVisibility: serverVisible=true, clientVisible=true, source=InsetsSource: {mType=ITYPE_NAVIGATION_BAR, mFrame=[0,1516][720,1600], mVisible=true}, controlTarget=Window{dfd9b7a u0 NotificationShade}, from=com.android.server.wm.InsetsSourceProvider.setClientVisible:378 com.android.server.wm.InsetsSourceProvider.onInsetsModified:363 com.android.server.wm.InsetsStateController.onInsetsModified:420 com.android.server.wm.InsetsPolicy.onInsetsModified:320 com.android.server.wm.Session.insetsModified:512 android.view.IWindowSession$Stub.onTransact:1398 com.android.server.wm.Session.onTransact:145 android.os.Binder.execTransactInternal:1195 android.os.Binder.execTransact:1159 <bottom of call stack> 
02-10 16:27:38.613  8910  8910 D KeyguardBottomAreaShortcutView: updateCameraVisibility isCameraDisabled:false visible:true
02-10 16:27:38.614  8910  8910 D KeyguardBottomAreaShortcutView: mIndicationArea margin start : 105, end : 105, bottom : 96
02-10 16:27:38.614  5083 28254 I SystemUiVisibilityPolicyController: handleMessage: entry what = 1
02-10 16:27:38.614  5083 10486 D SdpManagerService: Not an enterprise user : 0
02-10 16:27:38.615  5083 10486 D SdpManagerService: Not an enterprise user : 0
02-10 16:27:38.615  8910  8910 D KeyguardSecPinBasedInputView: onApplyWindowInsets
02-10 16:27:38.615  8910  8910 D DeviceState: getDeviceResolutionPixelSize - currentDensity = 280 deviceDensity = 280 initialDisplaySizeFactor = 720 currentDisplaySizeFactor = 720 initialDisplayDensity = 280 proportionalDensity = 280 proportionalPixel = 20
02-10 16:27:38.622  9173 10083 I TouchInteractionService: onSystemUiStateChanged, stateFlags : 456
02-10 16:27:38.623  9173  9173 I TouchInteractionService: onSystemUiFlagsChanged, userUnlocked
02-10 16:27:38.627  8910  8910 D KeyguardBottomAreaShortcutView: updateCameraVisibility isCameraDisabled:false visible:true
02-10 16:27:38.627  8910  8910 D KeyguardBottomAreaShortcutView: mIndicationArea margin start : 105, end : 105, bottom : 96
02-10 16:27:38.628  5083 11082 D SdpManagerService: Not an enterprise user : 0
02-10 16:27:38.628  5083 11082 D SdpManagerService: Not an enterprise user : 0
02-10 16:27:38.628  8910  8910 D KeyguardSecPinBasedInputView: onApplyWindowInsets
02-10 16:27:38.628  8910  8910 D DeviceState: getDeviceResolutionPixelSize - currentDensity = 280 deviceDensity = 280 initialDisplaySizeFactor = 720 currentDisplaySizeFactor = 720 initialDisplayDensity = 280 proportionalDensity = 280 proportionalPixel = 20
02-10 16:27:38.679  4734  4734 D SurfaceFlinger: Display 0 HWC layers:
02-10 16:27:38.679  4734  4734 D SurfaceFlinger:      DEVICE | 0x6f7fa15e00 | 0000 | RGBA_8888    |    0.0    0.0  720.0   68.0 |    0    0  720   68 | StatusBar$_8910#0
02-10 16:27:38.679  4734  4734 D SurfaceFlinger:      DEVICE | 0x7003ab10c0 | 0000 | RGBA_8888    |    0.0    0.0  720.0 1600.0 |    0    0  720 1600 | NotificationShade$_8910#0
02-10 16:27:38.679  4734  4734 D SurfaceFlinger:      CLIENT | 0x6f7fa17480 | 0000 | RGBA_8888    |    0.0    0.0  720.0    3.0 |    0 1597  720 1600 | NavigationBar0$_8910#0
02-10 16:27:38.679  4734  4734 D SurfaceFlinger:      DEVICE | 0x6f7fa16e40 | 0008 | RGBA_8888    |    0.0    0.0  720.0 1600.0 |    0    0  720 1600 | $_8910#0
02-10 16:27:38.679  4734  4734 D SurfaceFlinger: 
02-10 16:27:38.684  5083  5280 D InputReader: Btn_touch(7): value=1 when=608233.199329
02-10 16:27:38.684  5083  5280 I InputReader: Touch event's action is 0x0 (id=2, t=0) [pCnt=1, s=0.9493 ] when=608233.199329
02-10 16:27:38.685  5083  5279 I InputDispatcher: Delivering touch to (8910): action: 0x4, f=0x0, d=0, 'b75d619', t=1 
02-10 16:27:38.685  5083  5279 I InputDispatcher: Delivering touch to (8910): action: 0x0, f=0x0, d=0, 'dfd9b7a', t=1 
02-10 16:27:38.686  8910  8910 I ViewRootImpl@b433207[NotificationShade]: ViewPostIme pointer 0
02-10 16:27:38.689  5083 11082 D PhoneWindowManagerExt: f.b. a=true id=1 he=true eme=false ksno = true callingPackage=com.android.systemui Caller=com.android.server.policy.PhoneWindowManager.performHapticFeedback:6374 com.android.server.wm.Session.performHapticFeedback:274 android.view.IWindowSession$Stub.onTransact:1081 com.android.server.wm.Session.onTransact:145 android.os.Binder.execTransactInternal:1195 
02-10 16:27:38.689  5083 11082 D Vibrator: binder call to service pkg=android, effect=OneShot{mDuration=50, mAmplitude=-1, mMagnitude=-1, mMagnitudeType=TYPE_EXTRA}
02-10 16:27:38.689  5083 11082 D VibratorService: Turning vibrator off.
02-10 16:27:38.689  5083 11082 D VibratorService: Turning vibrator off
02-10 16:27:38.689  4711  4711 E SecVibrator-HAL2.2_A: >> writeNode node:/timed_output/vibrator/enable val:0
02-10 16:27:38.690  4711  4711 E SecVibrator-HAL2.2_A: << writeNode node OK 2
02-10 16:27:38.690  5083 11082 D VibratorService: Turning vibrator on for 50 ms with amplitude -1.
02-10 16:27:38.691  5083 11082 D VibratorService: vibratorOn() : 50ms, amplitude :-1, mag :9999, f : -1
02-10 16:27:38.691  4711  4711 E SecVibrator-HAL2.2_A: >> writeNode node:/timed_output/vibrator/enable val:50
02-10 16:27:38.691  4711  4711 E SecVibrator-HAL2.2_A: << writeNode node OK 3
02-10 16:27:38.742  5083  5083 E VibratorService: Vibration finished, cleaning up
02-10 16:27:38.742  5083  5083 D VibratorService: Turning vibrator off.
02-10 16:27:38.742  5083  5083 D VibratorService: Turning vibrator off
02-10 16:27:38.743  4711  4711 E SecVibrator-HAL2.2_A: >> writeNode node:/timed_output/vibrator/enable val:0
02-10 16:27:38.743  4711  4711 E SecVibrator-HAL2.2_A: << writeNode node OK 2
02-10 16:27:38.784  5083  5280 D InputReader: Btn_touch(7): value=0 when=608233.299192
02-10 16:27:38.784  5083  5280 I InputReader: Touch event's action is 0x1 (id=2, t=0) [pCnt=1, s=] when=608233.299192
02-10 16:27:38.784  5083  5279 I InputDispatcher: Delivering touch to (8910): action: 0x1, f=0x0, d=0, 'dfd9b7a', t=1 
02-10 16:27:38.785  8910  8910 I ViewRootImpl@b433207[NotificationShade]: ViewPostIme pointer 1
02-10 16:27:38.794  5083 10486 D PowerManagerService: [api] userActivity : event: 0 flags: 0 (uid: 10059 pid: 8910) eventTime = 608233309
02-10 16:27:38.796  5083 10486 D PowerManagerService: [api] userActivity : event: 0 flags: 0 (uid: 10059 pid: 8910) eventTime = 608233310
02-10 16:27:38.798  5083 10486 D PowerManagerService: [api] userActivity : event: 0 flags: 0 (uid: 10059 pid: 8910) eventTime = 608233313
02-10 16:27:38.884  5083  5280 D InputReader: Btn_touch(7): value=1 when=608233.399484
02-10 16:27:38.884  5083  5280 I InputReader: Touch event's action is 0x0 (id=2, t=0) [pCnt=1, s=0.9494 ] when=608233.399484
02-10 16:27:38.885  5083  5279 I InputDispatcher: Delivering touch to (8910): action: 0x4, f=0x0, d=0, 'b75d619', t=1 
02-10 16:27:38.885  5083  5279 I InputDispatcher: Delivering touch to (8910): action: 0x0, f=0x0, d=0, 'dfd9b7a', t=1 
02-10 16:27:38.886  8910  8910 I ViewRootImpl@b433207[NotificationShade]: ViewPostIme pointer 0
02-10 16:27:38.886  5083  5083 D SemGameManager: getGMSBinder(), begin
02-10 16:27:38.887  5083  5083 D SemGameManager: getGMSBinder(), successful: true
02-10 16:27:38.887  5083  5083 D GameManagerService: identifyGamePackage. com.sec.android.app.launcher, mCurrentUserId: 0, callerUserId: 0
02-10 16:27:38.887  5083  5083 D PkgDataHelper: getGamePkgData(). com.sec.android.app.launcher
02-10 16:27:38.887  5083  5083 D SemGameManager: getGMSBinder(), begin
02-10 16:27:38.888  5083  5083 D SemGameManager: getGMSBinder(), successful: true
02-10 16:27:38.888  5083  5083 D GameManagerService: identifyGamePackage. com.sec.android.app.launcher, mCurrentUserId: 0, callerUserId: 0
02-10 16:27:38.888  5083  5083 D PkgDataHelper: getGamePkgData(). com.sec.android.app.launcher
02-10 16:27:38.888  5083  5083 D SemGameManager: getGMSBinder(), begin
02-10 16:27:38.888  5083 10486 D PhoneWindowManagerExt: f.b. a=true id=1 he=true eme=false ksno = true callingPackage=com.android.systemui Caller=com.android.server.policy.PhoneWindowManager.performHapticFeedback:6374 com.android.server.wm.Session.performHapticFeedback:274 android.view.IWindowSession$Stub.onTransact:1081 com.android.server.wm.Session.onTransact:145 android.os.Binder.execTransactInternal:1195 
02-10 16:27:38.888  5083 10486 D Vibrator: binder call to service pkg=android, effect=OneShot{mDuration=50, mAmplitude=-1, mMagnitude=-1, mMagnitudeType=TYPE_EXTRA}
02-10 16:27:38.889  5083 10486 D VibratorService: Turning vibrator off.
02-10 16:27:38.889  5083 10486 D VibratorService: Turning vibrator off
02-10 16:27:38.889  4711  4711 E SecVibrator-HAL2.2_A: >> writeNode node:/timed_output/vibrator/enable val:0
02-10 16:27:38.889  5083  5083 D SemGameManager: getGMSBinder(), successful: true
02-10 16:27:38.889  5083  5083 D GameManagerService: identifyGamePackage. com.sec.android.app.launcher, mCurrentUserId: 0, callerUserId: 0
02-10 16:27:38.889  4711  4711 E SecVibrator-HAL2.2_A: << writeNode node OK 2
02-10 16:27:38.889  5083  5083 D PkgDataHelper: getGamePkgData(). com.sec.android.app.launcher
02-10 16:27:38.890  5083 10486 D VibratorService: Turning vibrator on for 50 ms with amplitude -1.
02-10 16:27:38.890  5083 10486 D VibratorService: vibratorOn() : 50ms, amplitude :-1, mag :9999, f : -1
02-10 16:27:38.890  4711  4711 E SecVibrator-HAL2.2_A: >> writeNode node:/timed_output/vibrator/enable val:50
02-10 16:27:38.891  4711  4711 E SecVibrator-HAL2.2_A: << writeNode node OK 3
02-10 16:27:38.892  8910  8910 D KeyguardSecIndicationPolicy:  remove Item pos = DEFAULT                             , id = 16360, 
02-10 16:27:38.908  8910  9852 I SurfaceControl: nativeRelease nativeObject s[484163892800]
02-10 16:27:38.908  8910  9852 I SurfaceControl: nativeRelease nativeObject e[484163892800]
02-10 16:27:38.941  5083  5083 E VibratorService: Vibration finished, cleaning up
02-10 16:27:38.941  5083  5083 D VibratorService: Turning vibrator off.
02-10 16:27:38.942  5083  5083 D VibratorService: Turning vibrator off
02-10 16:27:38.942  4711  4711 E SecVibrator-HAL2.2_A: >> writeNode node:/timed_output/vibrator/enable val:0
02-10 16:27:38.942  4711  4711 E SecVibrator-HAL2.2_A: << writeNode node OK 2
02-10 16:27:38.975  5083  5280 D InputReader: Btn_touch(7): value=0 when=608233.490829
02-10 16:27:38.976  5083  5280 I InputReader: Touch event's action is 0x1 (id=2, t=0) [pCnt=1, s=] when=608233.490829
02-10 16:27:38.976  5083  5279 I InputDispatcher: Delivering touch to (8910): action: 0x1, f=0x0, d=0, 'dfd9b7a', t=1 
02-10 16:27:38.976  8910  8910 I ViewRootImpl@b433207[NotificationShade]: ViewPostIme pointer 1
02-10 16:27:38.977  5083  5083 D SemGameManager: getGMSBinder(), begin
02-10 16:27:38.978  5083  5083 D SemGameManager: getGMSBinder(), successful: true
02-10 16:27:38.978  5083  5083 D GameManagerService: identifyGamePackage. com.sec.android.app.launcher, mCurrentUserId: 0, callerUserId: 0
02-10 16:27:38.978  5083  5083 D PkgDataHelper: getGamePkgData(). com.sec.android.app.launcher
02-10 16:27:38.978  5083  5083 D SemGameManager: getGMSBinder(), begin
02-10 16:27:38.979  5083  5083 D SemGameManager: getGMSBinder(), successful: true
02-10 16:27:38.979  5083  5083 D GameManagerService: identifyGamePackage. com.sec.android.app.launcher, mCurrentUserId: 0, callerUserId: 0
02-10 16:27:38.979  5083  5083 D PkgDataHelper: getGamePkgData(). com.sec.android.app.launcher
02-10 16:27:38.979  5083  5083 D SemGameManager: getGMSBinder(), begin
02-10 16:27:38.980  5083  5083 D SemGameManager: getGMSBinder(), successful: true
02-10 16:27:38.980  5083  5083 D GameManagerService: identifyGamePackage. com.sec.android.app.launcher, mCurrentUserId: 0, callerUserId: 0
02-10 16:27:38.980  5083  5083 D PkgDataHelper: getGamePkgData(). com.sec.android.app.launcher
02-10 16:27:38.993  5083 10486 D PowerManagerService: [api] userActivity : event: 0 flags: 0 (uid: 10059 pid: 8910) eventTime = 608233508
02-10 16:27:38.995  5083 10486 D PowerManagerService: [api] userActivity : event: 0 flags: 0 (uid: 10059 pid: 8910) eventTime = 608233510
02-10 16:27:38.998  5083 10486 D PowerManagerService: [api] userActivity : event: 0 flags: 0 (uid: 10059 pid: 8910) eventTime = 608233513
02-10 16:27:39.051  5083  5280 D InputReader: Btn_touch(7): value=1 when=608233.566445
02-10 16:27:39.051  5083  5280 I InputReader: Touch event's action is 0x0 (id=2, t=0) [pCnt=1, s=0.9495 ] when=608233.566445
02-10 16:27:39.052  5083  5279 I InputDispatcher: Delivering touch to (8910): action: 0x4, f=0x0, d=0, 'b75d619', t=1 
02-10 16:27:39.052  5083  5279 I InputDispatcher: Delivering touch to (8910): action: 0x0, f=0x0, d=0, 'dfd9b7a', t=1 
02-10 16:27:39.052  8910  8910 I ViewRootImpl@b433207[NotificationShade]: ViewPostIme pointer 0
02-10 16:27:39.055  5083 10486 D PhoneWindowManagerExt: f.b. a=true id=1 he=true eme=false ksno = true callingPackage=com.android.systemui Caller=com.android.server.policy.PhoneWindowManager.performHapticFeedback:6374 com.android.server.wm.Session.performHapticFeedback:274 android.view.IWindowSession$Stub.onTransact:1081 com.android.server.wm.Session.onTransact:145 android.os.Binder.execTransactInternal:1195 
02-10 16:27:39.055  5083 10486 D Vibrator: binder call to service pkg=android, effect=OneShot{mDuration=50, mAmplitude=-1, mMagnitude=-1, mMagnitudeType=TYPE_EXTRA}
02-10 16:27:39.055  5083 10486 D VibratorService: Turning vibrator off.
02-10 16:27:39.055  5083 10486 D VibratorService: Turning vibrator off
02-10 16:27:39.055  4711  4711 E SecVibrator-HAL2.2_A: >> writeNode node:/timed_output/vibrator/enable val:0
02-10 16:27:39.056  4711  4711 E SecVibrator-HAL2.2_A: << writeNode node OK 2
02-10 16:27:39.056  5083 10486 D VibratorService: Turning vibrator on for 50 ms with amplitude -1.
02-10 16:27:39.056  5083 10486 D VibratorService: vibratorOn() : 50ms, amplitude :-1, mag :9999, f : -1
02-10 16:27:39.057  4711  4711 E SecVibrator-HAL2.2_A: >> writeNode node:/timed_output/vibrator/enable val:50
02-10 16:27:39.057  4711  4711 E SecVibrator-HAL2.2_A: << writeNode node OK 3
02-10 16:27:39.065  4401  4401 I io_stats: !@ 179,0 r 31248995 600075077 w 6528669 164098848 d 3160816 116408920 f 5666173 6242570 iot 16937980 0 th 51200 51200 45320 pt 11880 inp 0 0 608233.579
02-10 16:27:39.108  5083  5083 E VibratorService: Vibration finished, cleaning up
02-10 16:27:39.108  5083  5083 D VibratorService: Turning vibrator off.
02-10 16:27:39.108  5083  5083 D VibratorService: Turning vibrator off
02-10 16:27:39.108  4711  4711 E SecVibrator-HAL2.2_A: >> writeNode node:/timed_output/vibrator/enable val:0
02-10 16:27:39.109  4711  4711 E SecVibrator-HAL2.2_A: << writeNode node OK 2
02-10 16:27:39.126  5083  5280 D InputReader: Btn_touch(7): value=0 when=608233.641177
02-10 16:27:39.126  5083  5280 I InputReader: Touch event's action is 0x1 (id=2, t=0) [pCnt=1, s=] when=608233.641177
02-10 16:27:39.126  5083  5279 I InputDispatcher: Delivering touch to (8910): action: 0x1, f=0x0, d=0, 'dfd9b7a', t=1 
02-10 16:27:39.126  8910  8910 I ViewRootImpl@b433207[NotificationShade]: ViewPostIme pointer 1
02-10 16:27:39.144  5083 10486 D PowerManagerService: [api] userActivity : event: 0 flags: 0 (uid: 10059 pid: 8910) eventTime = 608233658
02-10 16:27:39.145  5083 10486 D PowerManagerService: [api] userActivity : event: 0 flags: 0 (uid: 10059 pid: 8910) eventTime = 608233660
02-10 16:27:39.148  5083 10486 D PowerManagerService: [api] userActivity : event: 0 flags: 0 (uid: 10059 pid: 8910) eventTime = 608233663
02-10 16:27:39.202  4696 28253 I HYPER-HAL: [ResourceManager.cpp]removeResource(): [CPUMinFreq] RemoveResource Request ID : 13063744
02-10 16:27:39.202  4696 28253 I HYPER-HAL: [RequestManager.cpp]releaseLocked(): Released ID : 13063744
02-10 16:27:39.251  5083  5280 D InputReader: Btn_touch(7): value=1 when=608233.766803
02-10 16:27:39.252  5083  5280 I InputReader: Touch event's action is 0x0 (id=2, t=0) [pCnt=1, s=0.9496 ] when=608233.766803
02-10 16:27:39.252  5083  5279 I InputDispatcher: Delivering touch to (8910): action: 0x4, f=0x0, d=0, 'b75d619', t=1 
02-10 16:27:39.252  5083  5279 I InputDispatcher: Delivering touch to (8910): action: 0x0, f=0x0, d=0, 'dfd9b7a', t=1 
02-10 16:27:39.253  8910  8910 I ViewRootImpl@b433207[NotificationShade]: ViewPostIme pointer 0
02-10 16:27:39.256  5083 10486 D PhoneWindowManagerExt: f.b. a=true id=1 he=true eme=false ksno = true callingPackage=com.android.systemui Caller=com.android.server.policy.PhoneWindowManager.performHapticFeedback:6374 com.android.server.wm.Session.performHapticFeedback:274 android.view.IWindowSession$Stub.onTransact:1081 com.android.server.wm.Session.onTransact:145 android.os.Binder.execTransactInternal:1195 
02-10 16:27:39.256  5083 10486 D Vibrator: binder call to service pkg=android, effect=OneShot{mDuration=50, mAmplitude=-1, mMagnitude=-1, mMagnitudeType=TYPE_EXTRA}
02-10 16:27:39.256  5083 10486 D VibratorService: Turning vibrator off.
02-10 16:27:39.256  5083 10486 D VibratorService: Turning vibrator off
02-10 16:27:39.256  4711  4711 E SecVibrator-HAL2.2_A: >> writeNode node:/timed_output/vibrator/enable val:0
02-10 16:27:39.257  4711  4711 E SecVibrator-HAL2.2_A: << writeNode node OK 2
02-10 16:27:39.257  5083 10486 D VibratorService: Turning vibrator on for 50 ms with amplitude -1.
02-10 16:27:39.258  5083 10486 D VibratorService: vibratorOn() : 50ms, amplitude :-1, mag :9999, f : -1
02-10 16:27:39.258  4711  4711 E SecVibrator-HAL2.2_A: >> writeNode node:/timed_output/vibrator/enable val:50
02-10 16:27:39.258  4711  4711 E SecVibrator-HAL2.2_A: << writeNode node OK 3
02-10 16:27:39.309  5083  5083 E VibratorService: Vibration finished, cleaning up
02-10 16:27:39.309  5083  5083 D VibratorService: Turning vibrator off.
02-10 16:27:39.309  5083  5280 D InputReader: Btn_touch(7): value=0 when=608233.824463
02-10 16:27:39.309  5083  5280 I InputReader: Touch event's action is 0x1 (id=2, t=0) [pCnt=1, s=] when=608233.824463
02-10 16:27:39.309  5083  5083 D VibratorService: Turning vibrator off
02-10 16:27:39.310  4711  4711 E SecVibrator-HAL2.2_A: >> writeNode node:/timed_output/vibrator/enable val:0
02-10 16:27:39.310  5083  5279 I InputDispatcher: Delivering touch to (8910): action: 0x1, f=0x0, d=0, 'dfd9b7a', t=1 
02-10 16:27:39.310  8910  8910 I ViewRootImpl@b433207[NotificationShade]: ViewPostIme pointer 1
02-10 16:27:39.310  4711  4711 E SecVibrator-HAL2.2_A: << writeNode node OK 2
02-10 16:27:39.328  5083 10486 D PowerManagerService: [api] userActivity : event: 0 flags: 0 (uid: 10059 pid: 8910) eventTime = 608233842
02-10 16:27:39.329  5083 10486 D PowerManagerService: [api] userActivity : event: 0 flags: 0 (uid: 10059 pid: 8910) eventTime = 608233843
02-10 16:27:39.331  5083 10486 D PowerManagerService: [api] userActivity : event: 0 flags: 0 (uid: 10059 pid: 8910) eventTime = 608233846
02-10 16:27:39.387  4684  4729 I SensorsHub: context 4 0 3 1,1,7,0, 4620058235112711
02-10 16:27:39.388  5083  5267 D SensorHubManager: onGetSensorHubDataLocked: library(4) = 1, 1, 7, 0
02-10 16:27:39.389  5083  5268 D CAE     : onGetSensorHubData(SensorHubParserProvider.java:89) - onGetSensorHubData Event [event buffer len :4], AP_WAKEUP
02-10 16:27:39.389  5083  5268 I CAE     : parse(SensorHubParserProvider.java:190) - buffer size = 4
02-10 16:27:39.389  5083  5268 I CAE     : parse(SensorHubParserProvider.java:201) - 1, 1, 7, 0,
02-10 16:27:39.390  5083  5268 D CAE     : display(ContextProvider.java:375) - ================= AUTO_ROTATION =================
02-10 16:27:39.391  5083  5268 I CAE     : display(ContextProvider.java:391) - Angle=[0]
02-10 16:27:39.391  5083  5265 D SemContextService: Service.updateContext() : service = Auto Rotation
02-10 16:27:39.392  5083  5127 D SemContextManager: onSemContextChanged() : event = Auto Rotation Angle : 0
02-10 16:27:39.392  5083  5127 D SemContextManager: AutoRotationEvent : Angle = 0
02-10 16:27:39.392  5083  5127 D WindowOrientationListener: OrientationSensorJudge.onSemContextChanged, Rotation: -1
02-10 16:27:39.468  5083  5280 D InputReader: Btn_touch(7): value=1 when=608233.983488
02-10 16:27:39.468  5083  5280 I InputReader: Touch event's action is 0x0 (id=2, t=0) [pCnt=1, s=0.9497 ] when=608233.983488
02-10 16:27:39.469  5083  5279 I InputDispatcher: Delivering touch to (8910): action: 0x4, f=0x0, d=0, 'b75d619', t=1 
02-10 16:27:39.469  5083  5279 I InputDispatcher: Delivering touch to (8910): action: 0x0, f=0x0, d=0, 'dfd9b7a', t=1 
02-10 16:27:39.469  8910  8910 I ViewRootImpl@b433207[NotificationShade]: ViewPostIme pointer 0
02-10 16:27:39.471  5083 10486 D PhoneWindowManagerExt: f.b. a=true id=1 he=true eme=false ksno = true callingPackage=com.android.systemui Caller=com.android.server.policy.PhoneWindowManager.performHapticFeedback:6374 com.android.server.wm.Session.performHapticFeedback:274 android.view.IWindowSession$Stub.onTransact:1081 com.android.server.wm.Session.onTransact:145 android.os.Binder.execTransactInternal:1195 
02-10 16:27:39.471  5083 10486 D Vibrator: binder call to service pkg=android, effect=OneShot{mDuration=50, mAmplitude=-1, mMagnitude=-1, mMagnitudeType=TYPE_EXTRA}
02-10 16:27:39.471  5083 10486 D VibratorService: Turning vibrator off.
02-10 16:27:39.471  5083 10486 D VibratorService: Turning vibrator off
02-10 16:27:39.471  4711  4711 E SecVibrator-HAL2.2_A: >> writeNode node:/timed_output/vibrator/enable val:0
02-10 16:27:39.472  4711  4711 E SecVibrator-HAL2.2_A: << writeNode node OK 2
02-10 16:27:39.472  5083 10486 D VibratorService: Turning vibrator on for 50 ms with amplitude -1.
02-10 16:27:39.473  5083 10486 D VibratorService: vibratorOn() : 50ms, amplitude :-1, mag :9999, f : -1
02-10 16:27:39.473  4711  4711 E SecVibrator-HAL2.2_A: >> writeNode node:/timed_output/vibrator/enable val:50
02-10 16:27:39.474  4711  4711 E SecVibrator-HAL2.2_A: << writeNode node OK 3
02-10 16:27:39.524  5083  5083 E VibratorService: Vibration finished, cleaning up
02-10 16:27:39.524  5083  5083 D VibratorService: Turning vibrator off.
02-10 16:27:39.525  5083  5083 D VibratorService: Turning vibrator off
02-10 16:27:39.525  4711  4711 E SecVibrator-HAL2.2_A: >> writeNode node:/timed_output/vibrator/enable val:0
02-10 16:27:39.526  4711  4711 E SecVibrator-HAL2.2_A: << writeNode node OK 2
02-10 16:27:39.526  5083  5280 D InputReader: Btn_touch(7): value=0 when=608234.041628
02-10 16:27:39.526  5083  5280 I InputReader: Touch event's action is 0x1 (id=2, t=0) [pCnt=1, s=] when=608234.041628
02-10 16:27:39.527  5083  5279 I InputDispatcher: Delivering touch to (8910): action: 0x1, f=0x0, d=0, 'dfd9b7a', t=1 
02-10 16:27:39.527  8910  8910 I ViewRootImpl@b433207[NotificationShade]: ViewPostIme pointer 1
02-10 16:27:39.527  5083  5127 D WindowOrientationListener: scheduleRotationEvaluationLocked: ignoring, an evaluation is already scheduled or is unnecessary.
02-10 16:27:39.543  8910  8910 D KeyguardSecAbsKeyInputView: verifyPasswordAndUnlock
02-10 16:27:39.545  5083 10486 D SdpManagerService: Not an enterprise user : 0
02-10 16:27:39.546  5083 10486 I SDPLog  : Verify credential for user 0
02-10 16:27:39.547  5083 10486 I SDPLog  : Verify sp based credential for user 0
02-10 16:27:39.548  5083 10486 I GFaceService: hasEnrolledFaces called from pid=5083, userId=0, opPackageName=android
02-10 16:27:39.548  4684  4729 I SensorsHub: context 4 0 3 1,1,7,255, 4620058395814942
02-10 16:27:39.548  5083 10486 I GFaceService: hasEnrolledBiometrics = false , user 0
02-10 16:27:39.548  5083 10486 D LockSettingsService: spBasedDoVerifyCredential: user=0 challengeType=0 hasEnrolledBiometrics=false
02-10 16:27:39.548  5083 10486 D SdpManagerService: Not an enterprise user : 0
02-10 16:27:39.548  5083  5267 D SensorHubManager: onGetSensorHubDataLocked: library(4) = 1, 1, 7, -1
02-10 16:27:39.549  5083  5268 D CAE     : onGetSensorHubData(SensorHubParserProvider.java:89) - onGetSensorHubData Event [event buffer len :4], AP_WAKEUP
02-10 16:27:39.549  5083  5268 I CAE     : parse(SensorHubParserProvider.java:190) - buffer size = 4
02-10 16:27:39.549  5083  5268 I CAE     : parse(SensorHubParserProvider.java:201) - 1, 1, 7, -1,
02-10 16:27:39.550  5083  5268 D CAE     : display(ContextProvider.java:375) - ================= AUTO_ROTATION =================
02-10 16:27:39.550  5083  5268 I CAE     : display(ContextProvider.java:391) - Angle=[-1]
02-10 16:27:39.551  5083  5265 D SemContextService: Service.updateContext() : service = Auto Rotation
02-10 16:27:39.551  5083  5127 D SemContextManager: onSemContextChanged() : event = Auto Rotation Angle : -1
02-10 16:27:39.551  5083  5127 D SemContextManager: AutoRotationEvent : Angle = -1
02-10 16:27:39.551  5083  5127 D WindowOrientationListener: OrientationSensorJudge.onSemContextChanged, Rotation: -1
02-10 16:27:39.554  5083  5137 W BroadcastQueue: Background execution not allowed: receiving Intent { act=android.intent.action.DROPBOX_ENTRY_ADDED flg=0x10 (has extras) } to com.google.android.gms/.stats.service.DropBoxEntryAddedReceiver
02-10 16:27:39.555  5083  5137 W BroadcastQueue: Background execution not allowed: receiving Intent { act=android.intent.action.DROPBOX_ENTRY_ADDED flg=0x10 (has extras) } to com.google.android.gms/.chimera.GmsIntentOperationService$PersistentTrustedReceiver
02-10 16:27:39.579  5083 10486 D SdpManagerService: Not an enterprise user : 0
02-10 16:27:39.581  4404  4405 D tzdaemon: [ts] ======================================================
