04-22 23:40:59.191  9254  9254 W AppStartUtils: sendActiveLaunchBroadcast() v.hasOnClickListeners() : true, iconInfo : WorkspaceItemInfo(id=44 type=APP container=desktop targetComponent=ComponentInfo{com.sec.android.app.popupcalculator/com.sec.android.app.popupcalculator.Calculator} screen=0 cell(2,4) span(1,1) minSpan(1,1) rank=12 user=UserHandle{0} title=Calculator hidden=0 screenType=0 lowResIcon=false runtimeStatusFlags=384)
04-22 23:40:59.192  9254  9254 I FastBitmapDrawable: animatePress : true  immediate : false invalidate : true
04-22 23:40:59.193  5123  8980 I Pageboost: start alp : com.sec.android.app.popupcalculator
04-22 23:40:59.193  5123  8980 D ActivityTaskManager: Checking for the Active launch isPkgEverLaunched :true, isPkgStopped : false, isDataCleared :false, isAutoRunBlocked : false
04-22 23:40:59.193  5123  9034 I Pageboost: alp for : com.sec.android.app.popupcalculator , 0
04-22 23:40:59.194  9642 19455 E pageboostd: alp start : app comsecandroidapppopupcalculator
04-22 23:40:59.194  5123  8980 W ContextImpl: Calling a method in the system process without a qualified user: android.app.ContextImpl.startActivity:1056 com.android.server.wm.ActivityTaskManagerService$ActiveLaunchReceiver.onReceive:1068 android.app.LoadedApk$ReceiverDispatcher$Args.lambda$getRunnable$0$LoadedApk$ReceiverDispatcher$Args:1666 android.app.-$$Lambda$LoadedApk$ReceiverDispatcher$Args$_BumDX2UKsnxLVrE6UJsJZkotuA.run:2 android.os.Handler.handleCallback:938 
04-22 23:40:59.195  5123  8980 E ActivityTaskManager: TouchDown intent received, starting ActiveLaunch
04-22 23:40:59.196  5123  8980 D ActivityTaskManager: starting Active launch
04-22 23:40:59.197  5123  5166 D StorageManagerService: getExternalStorageMountMode: uid=10210 packageName=com.sec.android.app.popupcalculator
04-22 23:40:59.198  5123  5166 D CompatibilityChangeReporter: Compat change id reported: 135634846; UID 10210; state: DISABLED
04-22 23:40:59.199  5123  5173 D CompatibilityChangeReporter: Compat change id reported: 143937733; UID 10210; state: ENABLED
04-22 23:40:59.203  5123  5173 I ActivityManager: Start proc 18996:com.sec.android.app.popupcalculator/u0a210 for activelaunch {com.sec.android.app.popupcalculator/com.sec.android.app.popupcalculator.Calculator}
04-22 23:40:59.203  9254  9254 W BaseDragLayer: findActiveController return false mTouchDispatchState = 9
04-22 23:40:59.206  9642 19455 E pageboostd: comsecandroidapppopupcalculator, amt 1091939 scnt 3 fcnt 0
04-22 23:40:59.209  9642 19455 E pageboostd: comsecandroidapppopupcalculator, amt 90112 scnt 4 fcnt 2
04-22 23:40:59.209  9642 19455 E pageboostd: alp end : app comsecandroidapppopupcalculator data_amount 1182051
04-22 23:40:59.219  9254  9254 W BaseDragLayer: findActiveController return false mTouchDispatchState = 9
04-22 23:40:59.231 18996 18996 E popupcalculato: Not starting debugger since process cannot load the jdwp agent.
04-22 23:40:59.239  9254  9254 W AppsTransitionController: locate app failed, bundle: null
04-22 23:40:59.243  9254  9254 I CapturedBlur: takeScreenShot() shouldTakeScreenshot: false
04-22 23:40:59.243  9254  9254 I StateManager: onStateTransitionStart mState = AllApps
04-22 23:40:59.244  9254  9254 I Launcher.AppsPagedView: setLayout(), l: 25, r: 25, b: 69, spacing: 26
04-22 23:40:59.244  9254  9254 W HsDeviceProfile: getDrawablePaddingSizeRatio : 0.5
04-22 23:40:59.244  9254  9254 W HsDeviceProfile: mFixedLargeSize: 1516, iconSizePx: 118, iconTextSizePx: 25, fontScale: 1.1, fontSize : 3, iconDrawablePaddingPx: 7, isLandscape: false, invIconSizeRatio home: 7.8
04-22 23:40:59.244  9254  9254 W HsDeviceProfile: invIconSizeRatio apps: 7.8
04-22 23:40:59.244  9254  9254 W HsDeviceProfile: iconContentHeight = 183, cellHeight = 180, reducedIconTextSize =  25
04-22 23:40:59.245  9254  9254 I Launcher: onStateSetEnd for widget host, state : AllApps
04-22 23:40:59.245  9254  9322 I Launcher.BaseIconFactory: mIconBitmapSize = 123, fillResIconDpi: 480
04-22 23:40:59.245  9254  9254 I LauncherRecentsView: onStateTransitionStart AllApps
04-22 23:40:59.245  9254  9254 I RecentsView: setOverviewStateEnabled false
04-22 23:40:59.245  9254  9254 I LiveIconViewUpdater: onUpdateLiveIcon 63
04-22 23:40:59.246  9254  9254 E libprocessgroup: set_timerslack_ns write failed: Operation not permitted
04-22 23:40:59.246  5123 11033 I ActivityManager: DSS OFF for com.sec.android.app.popupcalculator
04-22 23:40:59.246  9254  9254 I LiveIconViewUpdater: onUpdateLiveIcon 66
04-22 23:40:59.247  9254  9254 I BaseDragLayer: founded touch controller : com.android.launcher3.uioverrides.touchcontrollers.PortraitStatesTouchController@168ddb0
04-22 23:40:59.247  9254  9254 I BaseDragLayer: activeController - com.android.launcher3.uioverrides.touchcontrollers.PortraitStatesTouchController
04-22 23:40:59.247  9254  9254 W Launcher.Workspace:  shouldConsumeTouch = false AllApps, index: 0, page: 0
04-22 23:40:59.247  9254  9254 I FastBitmapDrawable: animatePress : false  immediate : false invalidate : true
04-22 23:40:59.249  5123 11033 D ActivityManager: attachApplicationLocked() app=ProcessRecord{35f04c8 18996:com.sec.android.app.popupcalculator/u0a210} app.isolatedEntryPoint=null instr2=null
04-22 23:40:59.256  9254  9254 E libprocessgroup: set_timerslack_ns write failed: Operation not permitted
04-22 23:40:59.257  9254  9321 I SPayUpdater: updateSpayHandler, show = false, defaultPage = false
04-22 23:40:59.288  5123  5323 D InputReader: Btn_touch(7): value=0 when=444678.509188
04-22 23:40:59.288  5123  5323 I InputReader: Touch event's action is 0x1 (id=2, t=0) [pCnt=1, s=] when=444678.509188
04-22 23:40:59.289  5123  5322 I InputDispatcher: Delivering touch to (9254): action: 0x1, f=0x0, d=0, 'e0fb1b ', t=1 
04-22 23:40:59.289  9254  9254 I ViewRootImpl@4f4f28e[LauncherActivity]: ViewPostIme pointer 1
04-22 23:40:59.289  9254  9254 W PortraitStatesTouchCtrl: updateSwipeCompleteAnimation, isFling = true, targetState = AllApps
04-22 23:40:59.289  9254  9254 I StateManager: onStateTransitionStart mState = AllApps
04-22 23:40:59.290  9254  9254 I Launcher.AppsPagedView: setLayout(), l: 25, r: 25, b: 69, spacing: 26
04-22 23:40:59.290  9254  9254 W HsDeviceProfile: getDrawablePaddingSizeRatio : 0.5
04-22 23:40:59.290  9254  9254 W HsDeviceProfile: mFixedLargeSize: 1516, iconSizePx: 118, iconTextSizePx: 25, fontScale: 1.1, fontSize : 3, iconDrawablePaddingPx: 7, isLandscape: false, invIconSizeRatio home: 7.8
04-22 23:40:59.290  9254  9254 W HsDeviceProfile: invIconSizeRatio apps: 7.8
04-22 23:40:59.290  9254  9254 W HsDeviceProfile: iconContentHeight = 183, cellHeight = 180, reducedIconTextSize =  25
04-22 23:40:59.291  5123  5123 D SemGameManager: getGMSBinder(), begin
04-22 23:40:59.292  9254  9254 I Launcher: onStateSetEnd for widget host, state : AllApps
04-22 23:40:59.292  9254  9322 I Launcher.BaseIconFactory: mIconBitmapSize = 123, fillResIconDpi: 480
04-22 23:40:59.292  5123  5123 D SemGameManager: getGMSBinder(), successful: true
04-22 23:40:59.292  5123  5123 D GameManagerService: identifyGamePackage. com.sec.android.app.launcher, mCurrentUserId: 0, callerUserId: 0
04-22 23:40:59.292  5123  5123 D PkgDataHelper: getGamePkgData(). com.sec.android.app.launcher
04-22 23:40:59.292  9254  9254 I LauncherRecentsView: onStateTransitionStart AllApps
04-22 23:40:59.292  9254  9254 I RecentsView: setOverviewStateEnabled false
04-22 23:40:59.292  5123  5123 I SemDvfsHyPerManager: acquire hyper - GESTURE_DETECTED/5123@27, type = -999
04-22 23:40:59.292  9254  9254 I BlurOperator: progress = 1.0, mBlurProgress = 0.0, forced = true, mForced = false
04-22 23:40:59.293  5123  5123 D SemGameManager: getGMSBinder(), begin
04-22 23:40:59.293  9254  9254 I BlurOperator: mSetTime = 1650659955876, currentTimeMs = 1650660059292
04-22 23:40:59.293  9254  9254 I BlurOperator: blurAmount = 0.125, mBgBlurAmount = 0.125, show = true, mPreBlur = 0.0, mDuration = 121
04-22 23:40:59.293  4714  4758 I HYPER-HAL: [RequestManager.cpp]acquire(): Acquired ID : 13263852  [5123 / 27]    HINT : GESTURE_DETECTED    list : [TIMEOUT / 1673] 
04-22 23:40:59.293  4714  4758 I HYPER-HAL: [ResourceManager.cpp]updateResource(): [CPUMinFreq] UpdateResource Request ID : 13263852    Value : 949000
04-22 23:40:59.294  5123  5123 D SemGameManager: getGMSBinder(), successful: true
04-22 23:40:59.294  5123  5123 D GameManagerService: identifyGamePackage. com.sec.android.app.launcher, mCurrentUserId: 0, callerUserId: 0
04-22 23:40:59.294  5123  5123 D PkgDataHelper: getGamePkgData(). com.sec.android.app.launcher
04-22 23:40:59.294  5123  5123 I SemDvfsHyPerManager: acquire hyper - GESTURE_DETECTED/5123@27, type = -999
04-22 23:40:59.294  4714  4758 I HYPER-HAL: [RequestManager.cpp]acquire(): Acquired ID : 13263852  [5123 / 27]    HINT : GESTURE_DETECTED    list : [TIMEOUT / 1673] 
04-22 23:40:59.294  4714  4758 I HYPER-HAL: [ResourceManager.cpp]updateResource(): [CPUMinFreq] UpdateResource Request ID : 13263852    Value : 949000
04-22 23:40:59.295  5123  9034 I Pageboost: stop alp by timeout
04-22 23:40:59.295  9642  9642 E pageboostd: Received HALT command code 2
04-22 23:40:59.330  5123 11033 I GenerationRegistry: mBackingStore.isClosed() : false
04-22 23:40:59.437  9254  9254 I RecentsView: Skip loading task enabled : false  changeId : -1
04-22 23:40:59.437  9254  9254 I LauncherRecentsView: onStateTransitionComplete AllApps
04-22 23:40:59.437  9254  9254 I StateManager: goToStateAnimated mStateChanged is false
04-22 23:40:59.438  9254  9254 I StateManager: End animation. mStateChanged is changed to False
04-22 23:40:59.438  9254  9254 I ASCTouchController: clearState
04-22 23:40:59.442  5123  5123 I Pageboost: package null
04-22 23:40:59.443  9642  9642 E pageboostd: Received HALT command code 2
04-22 23:40:59.452  9254  9254 W PortraitStatesTouchCtrl: onSwipeInteractionCompleted, targetState = AllApps
04-22 23:40:59.455  9254  9254 I InputMethodManager: startInputInner - mService.startInputOrWindowGainedFocus
04-22 23:40:59.456  5123 11051 D InputMethodManagerService: mSecureKeypadEnabled = false
04-22 23:40:59.456  5123 11051 D InputMethodManagerService: mDesktopModeManager null!
04-22 23:40:59.456  9254  9321 I SPayUpdater: updateSpayHandler, show = false, defaultPage = false
04-22 23:40:59.458  5123 11051 D InputMethodManagerService: checkDisplayOfStartInputAndUpdateKeyboard display Id 0last 0
04-22 23:40:59.458  5123 11051 D InputTransport: Input channel constructed: 'ClientS', fd=643
04-22 23:40:59.458  5123 11051 D InputTransport: Input channel destroyed: 'ClientS', fd=643
04-22 23:40:59.459 26412 26412 I HBD     : HoneyBoardService onFinishInput 
04-22 23:40:59.460 26412 26412 I HBD     : a IC have been unbinded,  InputConnectionWrapper{idHash=#7ad20cf mMissingMethods=}
04-22 23:40:59.460 26412 26412 I HBD     : HoneyBoardService [PF_CL][onFinishInput]  367923 ns 
04-22 23:40:59.460 26412 26412 I HBD     : HoneyBoardService [IMI] onStartInput - caller pid : 9254 , caller uid : 10068 
04-22 23:40:59.460 26412 26412 I HBD     : i updateConfigs 
04-22 23:40:59.460 26412 26412 I HBD     : i isEnabledNightMode : true 
04-22 23:40:59.461 26412 26412 I HBD     : a IC have been binded, InputConnectionWrapper{idHash=#7ad20cf mMissingMethods=} 
04-22 23:40:59.461 26412 26412 I HBD     : h [EditorInputType]setPrivateImeOptionsToTable privateImeOptions ( null )
04-22 23:40:59.461 26412 26412 I HBD     : b incognitoMode : false 
04-22 23:40:59.461 26412 26412 I HBD     : a needOff = true , isForceOff = false, isNullInputClass : true 
04-22 23:40:59.461 26412 26412 I HBD     : h getDefaultInputRange : UNKNOWN 
04-22 23:40:59.461 26412 26412 I HBD     : h getDefaultInputRange : UNKNOWN 
04-22 23:40:59.461 26412 26412 I HBD     : h getDefaultInputRange : UNKNOWN 
04-22 23:40:59.462  5123 11051 D SdpManagerService: Not an enterprise user : 0
04-22 23:40:59.462  5123 11051 D SdpManagerService: Not an enterprise user : 0
04-22 23:40:59.463 26412 26412 I HBD     : h getDefaultInputRange : UNKNOWN 
04-22 23:40:59.463 26412 26412 I HBD     : a currentState : 0 
04-22 23:40:59.464 26412 26412 I HBD     : h load selected json info : {"version":"1.0","currentLanguageOrder":0,"selected":[{"activeOptionList":["auto_replace","auto_spacing"],"engName":"English","id":65537,"inputType":"qwerty","isUsed":true},{"activeOptionList":["auto_replace","auto_spacing"],"engName":"Hebrew","id":4718592,"inputType":"qwerty","isUsed":true},{"activeOptionList":["auto_replace","spell_check","auto_spacing"],"engName":"Finnish","id":3538944,"inputType":"finnish_qwerty","isUsed":true}]} 
04-22 23:40:59.465 26412 26412 I HBD     : a [UpdatePolicy] [post] a: 0 cl: 65537 kit: [0/0] vt: 0 ir: 1 
04-22 23:40:59.466 26412 26412 I HBD     : HoneyBoardService [PF_OP][onStartInput]  5689807 ns 
04-22 23:40:59.538  4714 19439 I HYPER-HAL: [ResourceManager.cpp]removeResource(): [CPUMinFreq] RemoveResource Request ID : 40666673
04-22 23:40:59.538  4714 19439 I HYPER-HAL: [RequestManager.cpp]releaseLocked(): Released ID : 40666673
04-22 23:40:59.658  4404  4404 I io_stats: !@ 179,0 r 23570540 444144889 w 5042040 110770172 d 2484350 86826128 f 4603683 5032406 iot 12772728 0 th 51200 51200 39888 pt 20212 inp 0 0 444678.878
04-22 23:40:59.781  5123  5323 D InputReader: Btn_touch(7): value=1 when=444679.001894
04-22 23:40:59.781  5123  5323 I InputReader: Touch event's action is 0x0 (id=2, t=0) [pCnt=1, s=0.4611 ] when=444679.001894
04-22 23:40:59.781  5123  5322 I InputDispatcher: Delivering touch to (9016): action: 0x4, f=0x0, d=0, 'e6253da', t=1 
04-22 23:40:59.782  5123  5322 I InputDispatcher: Delivering touch to (9254): action: 0x0, f=0x0, d=0, 'e0fb1b ', t=1 
04-22 23:40:59.782  9254  9254 I ViewRootImpl@4f4f28e[LauncherActivity]: ViewPostIme pointer 0
04-22 23:40:59.782  9254  9254 W BaseDragLayer: dispatchTouchEvent, ACTION_DOWN - mTouchDispatchState = 9
04-22 23:40:59.782  9254  9254 W StatusBarController: onControllerInterceptTouchEvent return false by intercept, Down
04-22 23:40:59.782  9254  9254 W BaseDragLayer: findActiveController return false mTouchDispatchState = 9
04-22 23:40:59.783  9254  9254 I AppStartUtils: isUserUnlocked : true, isUserQuiet : false
04-22 23:40:59.783  9254  9254 W AppStartUtils: sendActiveLaunchBroadcast() v.hasOnClickListeners() : true, iconInfo : AppInfo(id=98 type=APP hidden=0 container=all_apps screen=1 rank=1 user=UserHandle{0} title=AndroidTetris componentName=ComponentInfo{com.androidtetris/com.androidtetris.activity.main.MainActivity} screenType=0)
04-22 23:40:59.784  9254  9254 I FastBitmapDrawable: animatePress : true  immediate : false invalidate : true
04-22 23:40:59.785  5123  8980 I Pageboost: start alp : com.androidtetris
04-22 23:40:59.785  5123  8980 D ActivityTaskManager: Checking for the Active launch isPkgEverLaunched :true, isPkgStopped : false, isDataCleared :false, isAutoRunBlocked : false
04-22 23:40:59.785  5123  9034 I Pageboost: alp skip : com.androidtetris , 2
04-22 23:40:59.786  5123  8980 W ContextImpl: Calling a method in the system process without a qualified user: android.app.ContextImpl.startActivity:1056 com.android.server.wm.ActivityTaskManagerService$ActiveLaunchReceiver.onReceive:1068 android.app.LoadedApk$ReceiverDispatcher$Args.lambda$getRunnable$0$LoadedApk$ReceiverDispatcher$Args:1666 android.app.-$$Lambda$LoadedApk$ReceiverDispatcher$Args$_BumDX2UKsnxLVrE6UJsJZkotuA.run:2 android.os.Handler.handleCallback:938 
04-22 23:40:59.787  9254  9254 I BadgeRenderer: Invalid count : 0
04-22 23:40:59.788  9254  9254 I BadgeRenderer: Invalid count : 0
04-22 23:40:59.788  5123  8980 E ActivityTaskManager: TouchDown intent received, starting ActiveLaunch
04-22 23:40:59.788  5123  8980 D ActivityTaskManager: starting Active launch
04-22 23:40:59.788  4251  4251 I lmkd    : check proc pid launching app : 18705
04-22 23:40:59.803  9254  9254 W StatusBarController: onControllerInterceptTouchEvent return false by intercept 
04-22 23:40:59.803  9254  9254 W BaseDragLayer: findActiveController return false mTouchDispatchState = 9
04-22 23:40:59.820  9254  9254 W StatusBarController: onControllerInterceptTouchEvent return false by intercept 
04-22 23:40:59.820  9254  9254 W BaseDragLayer: findActiveController return false mTouchDispatchState = 9
04-22 23:40:59.837  9254  9254 W StatusBarController: onControllerInterceptTouchEvent return false by intercept 
04-22 23:40:59.837  9254  9254 W BaseDragLayer: findActiveController return false mTouchDispatchState = 9
04-22 23:40:59.853  9254  9254 W StatusBarController: onControllerInterceptTouchEvent return false by intercept 
04-22 23:40:59.853  9254  9254 W BaseDragLayer: findActiveController return false mTouchDispatchState = 9
04-22 23:40:59.864  5123  5323 D InputReader: Btn_touch(7): value=0 when=444679.084889
04-22 23:40:59.866  5123  5323 I InputReader: Touch event's action is 0x1 (id=2, t=0) [pCnt=1, s=] when=444679.084889
04-22 23:40:59.866  5123  5322 I InputDispatcher: Delivering touch to (9254): action: 0x1, f=0x0, d=0, 'e0fb1b ', t=1 
04-22 23:40:59.866  9254  9254 W StatusBarController: onControllerInterceptTouchEvent return false by intercept 
04-22 23:40:59.866  9254  9254 W BaseDragLayer: findActiveController return false mTouchDispatchState = 9
04-22 23:40:59.867  9254  9254 I ViewRootImpl@4f4f28e[LauncherActivity]: ViewPostIme pointer 1
04-22 23:40:59.867  9254  9254 W StatusBarController: onControllerInterceptTouchEvent return false by intercept 
04-22 23:40:59.867  9254  9254 W TaskViewTouchController: onControllerInterceptTouchEvent, clearState.
04-22 23:40:59.867  9254  9254 W BaseDragLayer: findActiveController return false mTouchDispatchState = 0
04-22 23:40:59.867  9254  9254 I FastBitmapDrawable: animatePress : false  immediate : true invalidate : false
04-22 23:40:59.869  9254  9254 W ItemClickHandler: Icon Clicked
04-22 23:40:59.869  9254  9254 I SemDvfsHyPerManager: acquire hyper - APP_LAUNCH/9254@0, type = -999
04-22 23:40:59.870 10204 10204 I SemDvfsHyPerManager: acquire hyper - com.sec.android.sdhms/10204@12, type = -999
04-22 23:40:59.870  4714  4758 I HYPER-HAL: [RequestManager.cpp]acquire(): Acquired ID : 42822885  [9254 / 0]    HINT : APP_LAUNCH    list : 
04-22 23:40:59.872  4714  4758 I HYPER-HAL: [ResourceManager.cpp]updateResource(): [CPUMinFreq] UpdateResource Request ID : 42822885    Value : 2002000
04-22 23:40:59.874  5123  5297 I ActivityTaskManager: START u0 {act=android.intent.action.MAIN cat=[android.intent.category.LAUNCHER] flg=0x10200000 cmp=com.androidtetris/.activity.main.MainActivity bnds=[194,196][358,443]} from uid 10068
04-22 23:40:59.874  4714  4758 I HYPER-HAL: [RequestManager.cpp]acquire(): Acquired ID : 52188448  [10204 / 12]    HINT : APP_START    list : 
04-22 23:40:59.874  4714  4758 I HYPER-HAL: [ResourceManager.cpp]updateResource(): [CPUMaxFreq] UpdateResource Request ID : 52188448    Value : 2002000
04-22 23:40:59.875  5123  5297 D ActivityTaskManager: TaskLaunchParamsModifier:task=null activity=ActivityRecord{a2fa4e0 u0 com.androidtetris/.activity.main.MainActivity display-area-from-source=DefaultTaskDisplayArea@167409159 task-display-area=DefaultTaskDisplayArea@167409159 display-area-windowing-mode=1
04-22 23:40:59.875  5123  5297 D ActivityTaskManager: TaskLaunchParamsModifier:task=null activity=ActivityRecord{a2fa4e0 u0 com.androidtetris/.activity.main.MainActivity t-1} display-area-from-source=DefaultTaskDisplayArea@167409159 task-display-area=DefaultTaskDisplayArea@167409159 display-area-windowing-mode=1 inherit-from-source=fullscreen activity-options-fullscreen=Rect(0, 0 - 0, 0) non-freeform-display maximized-bounds
04-22 23:40:59.875  5123  9532 I SemDvfsHyPerManager: acquire hyper - AMS_APP_SWITCH/5123@31, type = -999
04-22 23:40:59.875  4714  4758 I HYPER-HAL: [RequestManager.cpp]acquire(): Acquired ID : 13284466  [5123 / 31]    HINT : AMS_APP_SWITCH    list : 
04-22 23:40:59.876  4714  4758 I HYPER-HAL: [ResourceManager.cpp]updateResource(): [CPUMinFreq] UpdateResource Request ID : 13284466    Value : 2002000
04-22 23:40:59.876  5123  9532 D ActivityManagerPerformance: AMP_acquire() APP_SWITCH
04-22 23:40:59.876  4781  4797 I SurfaceFlinger: id=80824 createSurf (0x0),-1 flag=24004, Task=18312#0
04-22 23:40:59.876 10204 10204 I SemDvfsHyPerManager: acquire hyper - com.sec.android.sdhms/10204@12, type = -999
04-22 23:40:59.877  4714  4758 I HYPER-HAL: [RequestManager.cpp]acquire(): Acquired ID : 52188448  [10204 / 12]    HINT : APP_START    list : 
04-22 23:40:59.877  4714  4758 I HYPER-HAL: [ResourceManager.cpp]updateResource(): [CPUMaxFreq] UpdateResource Request ID : 52188448    Value : 2002000
04-22 23:40:59.877  9254  9322 I AppIconSolution: getThemeIconWithBG called with public API, pkg = com.androidtetris
04-22 23:40:59.877  9254  9322 I AppIconSolution: return adaptive icon for com.androidtetris
04-22 23:40:59.878  9254  9322 I LauncherActivityInfo: packageName: com.androidtetris, useThemeIcon: false, height: 126, width: 126, density: 480
04-22 23:40:59.879  5123  5297 D ActivityTaskManager: TaskLaunchParamsModifier:task=Task{fc5a399 #18312 visible=false type=standard mode=fullscreen translucent=true A=10292:com.androidtetris U=0 StackId=18312 sz=0} activity=ActivityRecord{a2fa4e0 u0 com.androidtetris/.activity.main.MainActivity t-1} display-from-task=0 task-display-area=DefaultTaskDisplayArea@167409159 display-area-windowing-mode=1 inherit-from-source=fullscreen activity-options-fullscreen=Rect(0, 0 - 0, 0) non-freeform-display maximized-bounds
04-22 23:40:59.880  4781  5201 I SurfaceFlinger: id=80825 createSurf (0x0),-1 flag=80004, ActivityRecord{a2fa4e0 u0 com.androidtetris/.activity.main.MainActivity t18312}#0
04-22 23:40:59.882  5123  5297 D WindowManager: rotationForOrientation, orientationSource=ActivityRecord{534e249 u0 com.sec.android.app.launcher/.activities.LauncherActivity t16762}
04-22 23:40:59.886  5123  5297 I SemDvfsHyPerManager: acquire hyper - AMS_APP_LAUNCH/5123@17, type = -999
04-22 23:40:59.886  4714  4758 I HYPER-HAL: [RequestManager.cpp]acquire(): Acquired ID : 13212387  [5123 / 17]    HINT : AMS_APP_LAUNCH    list : 
04-22 23:40:59.887  4714  4758 I HYPER-HAL: [ResourceManager.cpp]updateResource(): [CPUMinFreq] UpdateResource Request ID : 13212387    Value : 2002000
04-22 23:40:59.889  5123  5123 I Pageboost: package com.androidtetris
04-22 23:40:59.889  5123  5123 I Pageboost: stop alp
04-22 23:40:59.889  9254  9254 I DragController: endDrag
04-22 23:40:59.889  9254  9254 I SPayUpdater: updateSpayHandler launcher activity is paused false
04-22 23:40:59.889  9642  9642 E pageboostd: Received HALT command code 2
04-22 23:40:59.890  5123 11051 D MARsPolicyManager: onPackageResumedFG pkgName = com.androidtetris, userId = 0
04-22 23:40:59.891  5123 11051 W ActivityTaskManager: Tried to set launchTime (0) < mLastActivityLaunchTime (444569589)
04-22 23:40:59.892  5123 11051 D WindowManager: rotationForOrientation, orientationSource=ActivityRecord{a2fa4e0 u0 com.androidtetris/.activity.main.MainActivity t18312}
04-22 23:40:59.892  5123 11051 D WindowManager: rotationForOrientation, orientationSource=ActivityRecord{a2fa4e0 u0 com.androidtetris/.activity.main.MainActivity t18312}
04-22 23:40:59.893  5123 11051 D TspStateManager: updateCustomValue customSetting=
04-22 23:40:59.893  5123 11051 D WindowManager: rotationForOrientation, orientationSource=ActivityRecord{a2fa4e0 u0 com.androidtetris/.activity.main.MainActivity t18312}
04-22 23:40:59.894  5123 11051 D TspStateManager: updateCustomValue customSetting=
04-22 23:40:59.895  5123 11051 D PkgDataHelper: notifyAppCreate(), pkgName: com.androidtetris, sendRet: true
04-22 23:40:59.895  5123  5326 D GameManagerService: onLooperPrepared(), msg: MSG_APP_CREATE, pkgName: com.androidtetris
04-22 23:40:59.896  5123 11051 D InputDispatcher: Focused application set to (0): a2fa4e0
04-22 23:40:59.897  5123 11051 D StatusBarManagerService: notifyRequestedSystemKey recent=false home=false
04-22 23:40:59.898  5123 11051 D GameManagerService: TaskStackListener.onTaskFocusChanged(), taskId=18312, focused=true
04-22 23:40:59.898  5123  5326 D GameManagerService: onLooperPrepared(), msg: MSG_TASK_FOCUSED, focusedComponent: ComponentInfo{com.androidtetris/com.androidtetris.activity.main.MainActivity}
04-22 23:40:59.898  5123  5326 D GameManagerService: handleTaskFocused().
04-22 23:40:59.898  5123  5326 D GameManagerService: sendFocusOutConditionally() - mPrevNotiPackage: (unknown)
04-22 23:40:59.898  5123  5326 D GameManagerService:   handleTaskFocused(), pkgName: com.androidtetris, clsName: com.androidtetris.activity.main.MainActivity, userID:0
04-22 23:40:59.898  5123  5326 D GameManagerService: handleResume().
04-22 23:40:59.898  5123  5326 D GameManagerService: handleResume() - secureFolderID: -1301
04-22 23:40:59.898  5123  5326 D GameManagerService: sendFocusOutConditionally() - mPrevNotiPackage: (unknown)
04-22 23:40:59.898  5123  5326 D GameManagerService:   handleResume(). pkgName: com.androidtetris, isTunableApp: null
04-22 23:40:59.898  5123 11051 D MARsPolicyManager: onPackageResumedFG pkgName = com.androidtetris, userId = 0
04-22 23:40:59.898  5123  5326 D GameManagerService: notifyFocusInOut(). of pkg: com.androidtetris, type: 4, isMinimized: false, isTunableApp: false
04-22 23:40:59.898  5123  5326 D GameManagerService:   notifyFocusInOut(). unexpected mPrevNotiType: -1
04-22 23:40:59.898  5123  5326 D GameManagerService:NetworkLimit: callRelease
04-22 23:40:59.898  5123  5326 D GM:SystemHelper: callReleaseBlock needReleaseBlock:false
04-22 23:40:59.899  5123 11051 W WindowManager: Execute app transition: mNextAppTransition=TRANSIT_TASK_OPEN, displayId: 0 Callers=com.android.server.wm.RootWindowContainer.executeAppTransitionForAllDisplay:2599 com.android.server.wm.ActivityStackSupervisor.reportResumedActivityLocked:2274 com.android.server.wm.ActivityRecord.completeResumeLocked:5710 com.android.server.wm.ActivityStack.minimalResumeActivityLocked:1225 com.android.server.wm.ActivityStackSupervisor.realStartActivityLocked:1160 
04-22 23:40:59.905  5123  5166 I ActivityManager: Changes in 10292 18 to 2, 0 to 7 Caller=com.android.server.am.OomAdjuster.updateOomAdjLocked:402 com.android.server.am.OomAdjuster.updateOomAdjLocked:449 com.android.server.am.ActivityManagerService.updateOomAdjLocked:21545 com.android.server.am.ProcessRecord.updateProcessInfo:1635 com.android.server.am.ProcessRecord.onStartActivity:1667 com.android.server.wm.-$$Lambda$VY87MmFWaCLMkNa2qHGaPrThyrI.accept:27 com.android.internal.util.function.pooled.PooledLambdaImpl.doInvoke:324 
04-22 23:40:59.905  5123  5166 I AppOps  : updateUidProcState uid: 10292 procState: 2 capability:7
04-22 23:40:59.905  5123  5166 I AppOps  : commitUidPendingStateLocked() :: UID - 10292, 700 > 200, 0 > 7
04-22 23:40:59.910  5123  5167 D InputTransport: Input channel constructed: 'b63f336', fd=646
04-22 23:40:59.910  5123  5167 D InputTransport: Input channel constructed: 'b63f336', fd=647
04-22 23:40:59.910  5123  8939 D PkgPredictorService: com.androidtetris go to foreground!
04-22 23:40:59.910  5123  8939 E PkgPredictorService-Collector: record changed bt=0  wifi=1 screen=0
04-22 23:40:59.910  5123  8939 D PkgPredictorService: previous pkgs: com.androidtetris,com.androidtetris,com.androidtetris running pkg: com.androidtetris, uid: 0 is system: false
04-22 23:40:59.910  5123  8939 D PkgPredictorService-Collector: save record...
04-22 23:40:59.910  5123  8939 D PkgPredictorService-Collector:  (hour:23 day:6 previous:[com.androidtetris, com.androidtetris, com.androidtetris] activityName:unknown running:com.androidtetris userId:0 screenOrientation:0 wifi:1 bt:0 predictTime:1 apkVersion:1.0 consumeTime:-1 preloaded:false>)
04-22 23:40:59.910  5123  8939 D PkgPredictorService-NapPreloadController: User using: com.androidtetris
04-22 23:40:59.910  5123  8939 I PkgPredictorService-NapClassifier: RF predict version:1650588569207
04-22 23:40:59.911  4781  4797 I SurfaceFlinger: id=80826 createSurf (0x0),-1 flag=80004, b63f336 Splash Screen com.androidtetris#0
04-22 23:40:59.911  5123  8939 D PkgPredictorService-NapClassifier: Predict result: 10.0,33.0,5.0, - [0_&_com.whatsapp, 0_&_com.androidtetris, 0_&_com.sec.android.gallery3d]
04-22 23:40:59.912  5123  5164 D SehCodecSolutionService: Update top [com.androidtetris]
04-22 23:40:59.913  5123  5167 I ViewRootImpl@12f2cd1[androidtetris]: setView = com.android.internal.policy.DecorView@45553a4 TM=true
04-22 23:40:59.917  5123  5164 D SSRM:LoadDetectMonitor: PID = 18705, UID = 10292
04-22 23:40:59.918  5123  5166 D GameManagerService: notePauseComponent(), received paused-component: com.sec.android.app.launcher
04-22 23:40:59.918  5123  8928 I System.out: (HTTPLog)-Static: isSBSettingEnabled false
04-22 23:40:59.918  5123  8928 I System.out: (HTTPLog)-Static: isSBSettingEnabled false
04-22 23:40:59.921  4678  4730 E Netd    : getNetworkForDns: getNetId from enterpriseCtrl is netid 0
04-22 23:40:59.923  5123  5167 D WindowManager: isScreenshotDisabledLocked - win: Window{b63f336 u0 Splash Screen com.androidtetris}
04-22 23:40:59.923  5123  5167 D WindowManager: isScreenshotDisabledLocked: userId = 0, disabled =false
04-22 23:40:59.923  4781  4797 I SurfaceFlinger: id=80827 createSurf (720x1600),1 flag=404, Splash Screen com.androidtetris#0
04-22 23:40:59.924  5123  5167 D WindowManager: makeSurface duration=2 name=Splash Screen com.androidtetris
04-22 23:40:59.924  5123 11051 D NetdEventListenerService: DNS Requested by : 755, 1000
04-22 23:40:59.927  5123  5167 I ViewRootImpl@12f2cd1[androidtetris]: Relayout returned: old=(0,0,720,1600) new=(0,0,720,1600) req=(720,1600)0 dur=6 res=0x7 s={true 495412420608} ch=true fn=-1
04-22 23:40:59.927  4678  4736 E Netd    : getNetworkForDns: getNetId from enterpriseCtrl is netid 0
04-22 23:40:59.928  4697  4697 D gralloc : [mali_gralloc_allocate] begin
04-22 23:40:59.928  4697  4697 D gralloc : buffer_descriptor: wh(720 1600) usage_pc(0x966 0x906) hal_format(0x1) layer_count(1) sizes(0 0 0) strde(0) byte_stride(0) alloc_wh(0 0) internal_format(0x0) alloc_format(0x0) fd_count(1) plane_count(0)
04-22 23:40:59.929  5123  5166 I GameSDK@LifeCycle: noteResumeComponent(): package name  : com.androidtetris
04-22 23:40:59.929  4697  4697 D gralloc : [mali_gralloc_allocate] allocation successful
04-22 23:40:59.930  5123  5166 D SemGameManager: getGMSBinder(), begin
04-22 23:40:59.930  5123  5166 D SemGameManager: getGMSBinder(), successful: true
04-22 23:40:59.930  5123  5166 D SemGameManager: isAvailable(), ret=true
04-22 23:40:59.930  5123  5166 D SemGameManager: isGamePackage(), pkgName=com.androidtetris
04-22 23:40:59.930  5123  5166 D SemGameManager: getGMSBinder(), begin
04-22 23:40:59.931  5123  5166 D SemGameManager: getGMSBinder(), successful: true
04-22 23:40:59.931  5123  5166 D GameManagerService: identifyGamePackage. com.androidtetris, mCurrentUserId: 0, callerUserId: 0
04-22 23:40:59.931  5123  5166 D PkgDataHelper: getGamePkgData(). com.androidtetris
04-22 23:40:59.931  5123  5166 D SemGameManager: isGamePackage(), ret=false
04-22 23:40:59.931  5123  5166 D SemGameManager: getGMSBinder(), begin
04-22 23:40:59.932  5123  5166 D SemGameManager: getGMSBinder(), successful: true
04-22 23:40:59.932  5123  5166 D GameManagerService: identifyGamePackage. com.androidtetris, mCurrentUserId: 0, callerUserId: 0
04-22 23:40:59.932  5123  5166 D PkgDataHelper: getGamePkgData(). com.androidtetris
04-22 23:40:59.932  5123  5123 I CocktailBarManagerServiceContainer: handleMessage: entry what = 5
04-22 23:40:59.932  5123  5123 I CocktailBarManagerServiceImpl: changeVisibleEdgeService : no active host
04-22 23:40:59.934  5123  5167 D WindowManager: finishDrawingWindow: Window{b63f336 u0 Splash Screen com.androidtetris} mDrawState=DRAW_PENDING
04-22 23:40:59.937  5123  5166 D GameManagerService: noteResumeComponent(), received resumed-component: com.androidtetris
04-22 23:40:59.937  5123  5326 D GameManagerService: onLooperPrepared(), msg: MSG_APP_RESUME, resumeComponent: ComponentInfo{com.androidtetris/com.androidtetris.activity.main.MainActivity}
04-22 23:40:59.937  5123  5326 D GameManagerService: handleResume().
04-22 23:40:59.937  5123  5326 D GameManagerService: handleResume() - secureFolderID: -1301
04-22 23:40:59.937  5123  5326 D GameManagerService: sendFocusOutConditionally() - mPrevNotiPackage: (unknown)
04-22 23:40:59.937  5123  5326 D GameManagerService:   handleResume(). pkgName: com.androidtetris, isTunableApp: null
04-22 23:40:59.937  5123  5326 D GameManagerService: notifyFocusInOut(). of pkg: com.androidtetris, type: 4, isMinimized: false, isTunableApp: false
04-22 23:40:59.937  5123  5326 D GameManagerService:   notifyFocusInOut(). unexpected mPrevNotiType: -1
04-22 23:40:59.937  5123  5326 D GameManagerService:NetworkLimit: callRelease
04-22 23:40:59.938  5123  5326 D GM:SystemHelper: callReleaseBlock needReleaseBlock:false
04-22 23:40:59.938  5123  5167 D WindowManager: performShow logReadyForDisplay  mToken.waitingToShow : true isTransitionSet : true
04-22 23:40:59.938  5123 11051 I InputDispatcher: Focus left window (9254): e0fb1b  in display 0 0
04-22 23:40:59.939  5123  5167 D WindowManager: createAnimationAdapter(): container=Task{5619be1 #1 visible=true type=home mode=fullscreen translucent=false I=com.sec.android.app.launcher/.activities.LauncherActivity U=0 StackId=1 sz=1}
04-22 23:40:59.940  5123  5167 I WindowManager: Reparenting to leash, surface=Surface(name=Task=1)/@0x180ab39, leashParent=Surface(name=DefaultTaskDisplayArea)/@0xaa4ec6a
04-22 23:40:59.940  4781  4797 I SurfaceFlinger: id=80828 createSurf (0x0),-1 flag=24000, Surface(name=Task=1)/@0x180ab39 - animation-leash#0
04-22 23:40:59.940  5123  5167 D WindowManager: makeSurface duration=1 leash=Surface(name=Surface(name=Task=1)/@0x180ab39 - animation-leash)/@0x2660610
04-22 23:40:59.941  5123  5167 D WindowManager: startAnimation
04-22 23:40:59.941  5123  5167 D WindowManager: createAnimationAdapter(): container=Task{fc5a399 #18312 visible=false type=standard mode=fullscreen translucent=true A=10292:com.androidtetris U=0 StackId=18312 sz=1}
04-22 23:40:59.941  5123  5167 I WindowManager: Reparenting to leash, surface=Surface(name=Task=18312)/@0xba9a509, leashParent=Surface(name=DefaultTaskDisplayArea)/@0xaa4ec6a
04-22 23:40:59.942  4781  4797 I SurfaceFlinger: id=80829 createSurf (0x0),-1 flag=24004, Surface(name=Task=18312)/@0xba9a509 - animation-leash#0
04-22 23:40:59.942  5123  5167 D WindowManager: makeSurface duration=1 leash=Surface(name=Surface(name=Task=18312)/@0xba9a509 - animation-leash)/@0x57a330e
04-22 23:40:59.942  5123  5167 D WindowManager: startAnimation
04-22 23:40:59.943  5123  5167 D WindowManager: goodToGo()
04-22 23:40:59.943  5123  5167 D WindowManager: createAppAnimations()
04-22 23:40:59.944  5123  5167 D WindowManager: 	Add container=Task{fc5a399 #18312 visible=false type=standard mode=fullscreen translucent=true A=10292:com.androidtetris U=0 StackId=18312 sz=1}
04-22 23:40:59.944  5123  5167 D WindowManager: 	Add container=Task{5619be1 #1 visible=true type=home mode=fullscreen translucent=false I=com.sec.android.app.launcher/.activities.LauncherActivity U=0 StackId=1 sz=1}
04-22 23:40:59.944  5123  5167 D WindowManager: createWallpaperAnimations()
04-22 23:40:59.944  5123  5167 D WindowManager: 	visible=WallpaperWindowToken{6997d3a token=android.os.Binder@7e44c65}
04-22 23:40:59.944  5123  5167 I WindowManager: Reparenting to leash, surface=Surface(name=WallpaperWindowToken{6997d3a token=android.os.Binder@7e44c65})/@0x320a08d, leashParent=Surface(name=Leaf:0:1)/@0x1fa7e57
04-22 23:40:59.944  4781  4797 I SurfaceFlinger: id=80830 createSurf (0x0),-1 flag=24000, Surface(name=WallpaperWindowToken{6997d3a token=android.os.Binder@7e44c65})/@0x320a08d - animation-leash#0
04-22 23:40:59.945  5123  5167 D WindowManager: makeSurface duration=1 leash=Surface(name=Surface(name=WallpaperWindowToken{6997d3a token=android.os.Binder@7e44c65})/@0x320a08d - animation-leash)/@0xb6a312f
04-22 23:40:59.945  5123  5167 D WindowManager: startAnimation
04-22 23:40:59.946  5123  5167 I WindowManager: Cancelling animation restarting=true, leash=Surface(name=Surface(name=9af2676 StatusBar)/@0x6962a04 - animation-leash)/@0x51d5326
04-22 23:40:59.946  5123 19435 I SystemUiVisibilityPolicyController: handleMessage: entry what = 1
04-22 23:40:59.946  5123  5167 I WindowManager: Reparenting to original parent: Surface(name=WindowToken{6262511 android.os.BinderProxy@545e99b})/@0x1d54bed, destroy=false, surface=Surface(name=9af2676 StatusBar)/@0x6962a04
04-22 23:40:59.946  5123  5167 I SurfaceControl: nativeRelease nativeObject s[497652286752]
04-22 23:40:59.946  5123  5167 I SurfaceControl: nativeRelease nativeObject e[497652286752]
04-22 23:40:59.946  5123  5167 I WindowManager: Reparenting to leash, surface=Surface(name=9af2676 StatusBar)/@0x6962a04, leashParent=Surface(name=WindowToken{6262511 android.os.BinderProxy@545e99b})/@0x1d54bed
04-22 23:40:59.947  4781  4797 I SurfaceFlinger: id=80831 createSurf (0x0),-1 flag=24000, Surface(name=9af2676 StatusBar)/@0x6962a04 - animation-leash#0
04-22 23:40:59.947  5123  5167 D WindowManager: makeSurface duration=1 leash=Surface(name=Surface(name=9af2676 StatusBar)/@0x6962a04 - animation-leash)/@0x1be88c5
04-22 23:40:59.948  5123  5167 I WindowManager: Cancelling animation restarting=true, leash=Surface(name=Surface(name=e6253da NavigationBar0)/@0x4c55de2 - animation-leash)/@0xaf40d14
04-22 23:40:59.948  5123  5167 I WindowManager: Reparenting to original parent: Surface(name=WindowToken{b9d63ef android.os.BinderProxy@c9969c9})/@0x9700573, destroy=false, surface=Surface(name=e6253da NavigationBar0)/@0x4c55de2
04-22 23:40:59.948  5123  5167 I SurfaceControl: nativeRelease nativeObject s[497653529920]
04-22 23:40:59.948  5123  5167 I SurfaceControl: nativeRelease nativeObject e[497653529920]
04-22 23:40:59.948  5123  5167 I WindowManager: Reparenting to leash, surface=Surface(name=e6253da NavigationBar0)/@0x4c55de2, leashParent=Surface(name=WindowToken{b9d63ef android.os.BinderProxy@c9969c9})/@0x9700573
04-22 23:40:59.948  4781  4797 I SurfaceFlinger: id=80832 createSurf (0x0),-1 flag=24000, Surface(name=e6253da NavigationBar0)/@0x4c55de2 - animation-leash#0
04-22 23:40:59.948  5123  5167 D WindowManager: makeSurface duration=1 leash=Surface(name=Surface(name=e6253da NavigationBar0)/@0x4c55de2 - animation-leash)/@0xff2b14b
04-22 23:40:59.949  5123 19435 I SystemUiVisibilityPolicyController: handleMessage: entry what = 1
04-22 23:40:59.950  4781  4797 I Layer   : id=80822 removeFromCurrentState Surface(name=9af2676 StatusBar)/@0x6962a04 - animation-leash#1 (71)
04-22 23:40:59.950  4781  4797 I Layer   : id=80823 removeFromCurrentState Surface(name=e6253da NavigationBar0)/@0x4c55de2 - animation-leash#1 (71)
04-22 23:40:59.951  5123  5167 D WindowManager: RemoteAnimationController::onAnimationStart, animations=[Landroid.view.RemoteAnimationTarget;@75c8728
04-22 23:40:59.951  5123  5167 D WindowManager: startAnimation(): Notify animation start:
04-22 23:40:59.951  5123  5167 I WindowManager: Starting remote animation
04-22 23:40:59.951  9254   655 I LauncherAnimationRunner: onAnimationStart, appTargets : [Lcom.android.systemui.shared.system.RemoteAnimationTargetCompat;@60b9133 mStartAtFrontOfQueue : true
04-22 23:40:59.951  5123  5167 I WindowManager: container=Task{fc5a399 #18312 visible=false type=standard mode=fullscreen translucent=true A=10292:com.androidtetris U=0 StackId=18312 sz=1}
04-22 23:40:59.951  5123  5167 I WindowManager: Target:
04-22 23:40:59.951  5123  5167 I WindowManager:   mode=0 taskId=18312 isTranslucent=false clipRect=[0,0][720,1600] contentInsets=[0,68][0,84] prefixOrderIndex=24 position=[0,0] sourceContainerBounds=[0,0][720,1600] screenSpaceBounds=[0,0][720,1600] localBounds=[0,0][720,1600]
04-22 23:40:59.951  5123  5167 I WindowManager:   windowConfiguration={ mBounds=Rect(0, 0 - 720, 1600) mAppBounds=Rect(0, 68 - 720, 1516) mWindowingMode=fullscreen mDisplayWindowingMode=fullscreen mActivityType=standard mAlwaysOnTop=undefined mRotation=ROTATION_0}
04-22 23:40:59.951  5123  5167 I WindowManager:   leash=Surface(name=Surface(name=Task=18312)/@0xba9a509 - animation-leash)/@0x57a330e
04-22 23:40:59.951  5123  5167 I WindowManager: container=Task{5619be1 #1 visible=true type=home mode=fullscreen translucent=false I=com.sec.android.app.launcher/.activities.LauncherActivity U=0 StackId=1 sz=1}
04-22 23:40:59.951  5123  5167 I WindowManager: Target:
04-22 23:40:59.951  5123  5167 I WindowManager:   mode=1 taskId=16762 isTranslucent=false clipRect=[0,0][720,1600] contentInsets=[0,68][0,84] prefixOrderIndex=21 position=[0,0] sourceContainerBounds=[0,0][720,1600] screenSpaceBounds=[0,0][720,1600] localBounds=[0,0][720,1600]
04-22 23:40:59.951  5123  5167 I WindowManager:   windowConfiguration={ mBounds=Rect(0, 0 - 720, 1600) mAppBounds=Rect(0, 68 - 720, 1516) mWindowingMode=fullscreen mDisplayWindowingMode=fullscreen mActivityType=home mAlwaysOnTop=undefined mRotation=ROTATION_0}
04-22 23:40:59.951  5123  5167 I WindowManager:   leash=Surface(name=Surface(name=Task=1)/@0x180ab39 - animation-leash)/@0x2660610
04-22 23:40:59.952  9254  9254 I WrappedLauncherAnimationRunner: onCreateAnimation, animationRunnerImpl : com.android.launcher3.QuickstepAppTransitionManagerImpl$AppLaunchAnimationRunner@99c8cf0
04-22 23:40:59.952  9254  9254 I QuickstepTransition: AppLaunchAnimationRunner, onCreateAnimation
04-22 23:40:59.952  9254  9254 W AppTransitionAnimatorImpl: animation with floating icon
04-22 23:40:59.952  9254  9254 I RemoteAnimationTargets: unfilteredApps : [Lcom.android.systemui.shared.system.RemoteAnimationTargetCompat;@60b9133 apps : [Lcom.android.systemui.shared.system.RemoteAnimationTargetCompat;@60b9133 wallpapers : [Lcom.android.systemui.shared.system.RemoteAnimationTargetCompat;@1ba44ee targetMode : 0 hasRecents : false
04-22 23:40:59.953  9254  9254 W AppTransitionAnimatorImpl: onAnimationStart - APP IN
04-22 23:40:59.957  9254  9254 I SurfaceControl: nativeRelease nativeObject s[497548419712]
04-22 23:40:59.957  9254  9254 I SurfaceControl: nativeRelease nativeObject e[497548419712]
04-22 23:40:59.957  9254  9254 I SurfaceControl: nativeRelease nativeObject s[495792207616]
04-22 23:40:59.957  9254  9254 I SurfaceControl: nativeRelease nativeObject e[495792207616]
04-22 23:40:59.957  9254  9254 I SurfaceControl: nativeRelease nativeObject s[497548739072]
04-22 23:40:59.958  9254  9254 I SurfaceControl: nativeRelease nativeObject e[497548739072]
04-22 23:40:59.958  4781  4796 I SurfaceFlinger: id=80823 Removed Surface(name=e6253da NavigationBar0)/@0x4c55de2 - animation-leash#1 (71)
04-22 23:40:59.958  4781  4797 I SurfaceFlinger: id=80822 Removed Surface(name=9af2676 StatusBar)/@0x6962a04 - animation-leash#1 (71)
04-22 23:40:59.958  9254  9254 I ViewRootImpl@4f4f28e[LauncherActivity]: MSG_WINDOW_FOCUS_CHANGED 0 1
04-22 23:40:59.970  4781  4781 I Layer   : id=80822[1] Destroyed Surface(name=9af2676 StatusBar)/@0x6962a04 - animation-leash#1
04-22 23:40:59.970  4781  4781 I Layer   : id=80823[1] Destroyed Surface(name=e6253da NavigationBar0)/@0x4c55de2 - animation-leash#1
04-22 23:40:59.971  9254  9254 I BadgeRenderer: Invalid count : 0
04-22 23:40:59.972 18705 18705 I DecorView: [INFO] isPopOver=false, config=true
04-22 23:40:59.973 18705 18705 I DecorView: updateCaptionType >> DecorView@5f975d9[], isFloating=false, isApplication=true, hasWindowDecorCaption=false, hasWindowControllerCallback=true
04-22 23:40:59.973 18705 18705 D DecorView: setCaptionType = 0, this = DecorView@5f975d9[]
04-22 23:40:59.977  4781  4781 D SurfaceFlinger: Display 0 HWC layers:
04-22 23:40:59.977  4781  4781 D SurfaceFlinger:      DEVICE | 0x7a61c416c0 | 0002 | RGBx_8888    |  440.0    0.0 1160.0 1600.0 |    0    0  720 1600 | com.android.systemui.ImageWallpaper$_9016#0
04-22 23:40:59.977  4781  4781 D SurfaceFlinger:      DEVICE | 0x7a61c40400 | 0000 | RGBA_8888    |    0.0    0.0  720.0 1600.0 |    0    0  720 1600 | com.sec.android.app.launcher/com.sec[...].activities.LauncherActivity$_9254#0
04-22 23:40:59.977  4781  4781 D SurfaceFlinger:      CLIENT | 0x7a31549640 | 0002 | RGBA_8888    |    0.0  155.0  720.0  875.0 |  217  223  336  342 | Splash Screen com.androidtetris#0
04-22 23:40:59.977  4781  4781 D SurfaceFlinger:      CLIENT | 0x7ae5d59e80 | 0000 | RGBA_8888    |    0.0    0.0  720.0   68.0 |    0    0  720   68 | StatusBar$_9016#0
04-22 23:40:59.977  4781  4781 D SurfaceFlinger:      CLIENT | 0x7a31549a00 | 0000 | RGBA_8888    |    0.0    0.0  720.0   84.0 |    0 1516  720 1600 | NavigationBar0$_9016#0
04-22 23:40:59.977  4781  4781 D SurfaceFlinger:      DEVICE | 0x7a31549500 | 0008 | RGBA_8888    |    0.0    0.0  720.0 1600.0 |    0    0  720 1600 | $_9016#0
04-22 23:40:59.977  4781  4781 D SurfaceFlinger: 
04-22 23:41:00.000  5123  5306 D SamsungAlarmManager: Expired : 8
04-22 23:41:00.002  9016  9304 D QSClockBellTower: onReceive(android.intent.action.TIME_TICK) mTimeZoneString:Europe/Helsinki
04-22 23:41:00.002  9016  9016 D KeyguardUpdateMonitor: received broadcast android.intent.action.TIME_TICK
04-22 23:41:00.002  9016  9304 D QSClockBellTower: onReceive(android.intent.action.TIME_TICK) mTimeZoneString:Europe/Helsinki
04-22 23:41:00.003  5123 11051 D ActivityTaskManager: getRecentPairTasks() maxNum :3 from 10068
04-22 23:41:00.003  9016  9016 D QSClockBellTower: He is ready to ring the bell. (((QSClockBellSound - TimeText:23:41, TimeContentDescription:23:41, DateText:Fri, April 22, ShortDateText:Fri, Apr 22, Demofalse)))
04-22 23:41:00.004  9016  9016 D QSClockHomeIndicatorView: Home Indicator status_bar_clock notifyTimeChanged(QSClockBellSound - TimeText:23:41, TimeContentDescription:23:41, DateText:Fri, April 22, ShortDateText:Fri, Apr 22, Demofalse) ClockVisibleByPolicy:true, ClockVisibleByUser:true, visible?true, parent:android.widget.LinearLayout{79cd9da V.E...... ......ID 0,0-66,48 #7f0a037c app:id/left_clock_container}
04-22 23:41:00.004  9016  9016 D QSClockBellTower: Everyone heard the bell. run(currentTime:1650660060002,   getTime():Fri Apr 22 23:41:00 GMT+03:00 2022,   getTimeZone():libcore.util.ZoneInfo[id="Europe/Helsinki",mRawOffset=7200000,mEarliestRawOffset=5989000,mUseDst=true,mDstSavings=3600000,transitions=118])
04-22 23:41:00.004  9016  9016 D KeyguardUpdateMonitor: handleTimeUpdate
04-22 23:41:00.004  9016  9016 D FaceWidgetPagesController: onTimeChanged()
04-22 23:41:00.005  9016  9016 D QSClockBellTower: He is ready to ring the bell. (((QSClockBellSound - TimeText:23:41, TimeContentDescription:23:41, DateText:Fri, April 22, ShortDateText:Fri, Apr 22, Demofalse)))
04-22 23:41:00.005  9016  9016 D QSClockHomeIndicatorView: Home Indicator status_bar_clock notifyTimeChanged(QSClockBellSound - TimeText:23:41, TimeContentDescription:23:41, DateText:Fri, April 22, ShortDateText:Fri, Apr 22, Demofalse) ClockVisibleByPolicy:true, ClockVisibleByUser:true, visible?true, parent:android.widget.LinearLayout{79cd9da V.E...... ......ID 0,0-66,48 #7f0a037c app:id/left_clock_container}
04-22 23:41:00.005  9016  9016 D QSClockBellTower: Everyone heard the bell. run(currentTime:1650660060004,   getTime():Fri Apr 22 23:41:00 GMT+03:00 2022,   getTimeZone():libcore.util.ZoneInfo[id="Europe/Helsinki",mRawOffset=7200000,mEarliestRawOffset=5989000,mUseDst=true,mDstSavings=3600000,transitions=118])
04-22 23:41:00.005  5123  5306 D SamsungAlarmManager: setExact (T:3/F:1/AC:false) 20220422T234200 now=3140292789 - CU:1000/CP:5123/L:f77d41b:TIME_TICK
04-22 23:41:00.005  5123  5306 I SamsungAlarmManager: setLocked to kernel - T:2 / 20220422T234421, set=3140494650, now=3140292789
04-22 23:41:00.006  5123  5306 I SamsungAlarmManager: setLocked to kernel - T:3 / 20220422T234103, set=3140296426, now=3140292789
04-22 23:41:00.007  5123 11051 D RecentTaskItemController: getRecentPairTasksImpl() maxNum :3 from 10068
04-22 23:41:00.008  5123  5306 I SamsungAlarmManager: setLocked to kernel - T:2 / 20220422T234421, set=3140494650, now=3140292791
04-22 23:41:00.008  5123  5306 I SamsungAlarmManager: setLocked to kernel - T:3 / 20220422T234103, set=3140296426, now=3140292791
04-22 23:41:00.167  5123 11051 D WindowManager: rotationForOrientation, orientationSource=ActivityRecord{a2fa4e0 u0 com.androidtetris/.activity.main.MainActivity t18312}
04-22 23:41:00.168  5123 11051 D TspStateManager: updateCustomValue customSetting=
04-22 23:41:00.193  5123 11051 D InputTransport: Input channel constructed: 'b6d2a72', fd=643
04-22 23:41:00.193  5123 11051 D InputTransport: Input channel constructed: 'b6d2a72', fd=664
04-22 23:41:00.194  4781  4797 I SurfaceFlinger: id=80833 createSurf (0x0),-1 flag=80004, b6d2a72 com.androidtetris/com.androidtetris.activity.main.MainActivity#0
04-22 23:41:00.194  5123 11051 D WindowManager: isScreenshotDisabledLocked - win: Window{b6d2a72 u0 com.androidtetris/com.androidtetris.activity.main.MainActivity}
04-22 23:41:00.194  5123 11051 D WindowManager: isScreenshotDisabledLocked: userId = 0, disabled =false
04-22 23:41:00.194  5123 11051 D InputTransport: Input channel destroyed: 'b6d2a72', fd=664
04-22 23:41:00.195 18705 18705 D InputTransport: Input channel constructed: 'b6d2a72', fd=74
04-22 23:41:00.198 18705 18705 I ViewRootImpl@c06e9b7[MainActivity]: setView = com.android.internal.policy.DecorView@5f975d9 TM=true
04-22 23:41:00.204  9254  9254 I FastBitmapDrawable: animatePress : false  immediate : true invalidate : true
04-22 23:41:00.204  9254  9254 W AppTransitionAnimatorImpl: onAnimationEnd - APP IN, Execution time for each frame : Start-(0)-0-(0)-0-(1)-0-(16)-0-(16)-1-(16)-0-(17)-0-(16)-1-(16)-0-(17)-0-(16)-1-(16)-0-(17)-0-(17)-0-(16)-1-(16)-0-(17)-0-(16)-0-End
04-22 23:41:00.204  5123 11051 D WindowManager: app-onAnimationFinished(): mOuter=com.android.server.wm.RemoteAnimationController@f4f1340
04-22 23:41:00.204  5123 11051 D WindowManager: onAnimationFinished(): mPendingAnimations=2, caller=
