--------- beginning of system
04-22 23:40:51.808 17401 17401 I wpa_supplicant: Heartbeat 1005
04-22 23:40:52.215  5123  8975 D BatteryService: Sending ACTION_BATTERY_CHANGED. scale:100, info:{.chargerAcOnline = false, .chargerUsbOnline = true, .chargerWirelessOnline = false, .maxChargingCurrent = 0, .maxChargingVoltage = 0, .batteryStatus = CHARGING, .batteryHealth = GOOD, .batteryPresent = true, .batteryLevel = 88, .batteryVoltage = 4227, .batteryTemperature = 237, .batteryCurrent = 449, .batteryCycleCount = 0, .batteryFullCharge = 5000000, .batteryChargeCounter = 4410000, .batteryTechnology = Li-ion}
04-22 23:40:52.216  5123  8975 D BatteryService: online:4, current avg:441, charge type:1, POGO powered:false, power sharing:false, high voltage charger:false, charger_type:0, capacity:280000, misc_event:0x10000, current_event:0x0, current_now:449
--------- beginning of main
04-22 23:40:52.219  5123  5315 D MotionRecognitionService:   onReceive : ACTION_BATTERY_CHANGED, Plugged: 2
04-22 23:40:52.219  5123  5315 I MotionRecognitionService: [TA] In/out: true, curr state: 1
04-22 23:40:52.219  5123  5315 I MotionRecognitionService: [TA] Before receiving the SAR request for Main. Return.
04-22 23:40:52.219  5123  5123 D PhoneWindowManagerExt: ACTION_BATTERY_CHANGED - Level=88, status=2
04-22 23:40:52.220  5123  5123 D SemWifiApBroadcastReceiver: Received : android.intent.action.BATTERY_CHANGED
04-22 23:40:52.221  9016  9016 I PowerUI : BATTERY_HEALTH_CHECK extraHealth=2 mBatteryMiscEvent=65536
04-22 23:40:52.221  9406  9406 D SemBigDataInfoController: Intent : android.intent.action.BATTERY_CHANGED
04-22 23:40:52.222  9016  9016 D PowerUI : priorPlugType = 2 mPlugType = 2 priorBatteryStatus = 2 mBatteryStatus = 2
04-22 23:40:52.222  9406  9406 D SemBigDataInfoController: Intent : android.intent.action.BATTERY_CHANGED
04-22 23:40:52.223  9016  9016 D PowerUI.Notification: showChargingNotice oldChargingType : 1 currentChargingType : 1 oldChargingTime : 3634000 mChargingTime : 3606000
04-22 23:40:52.223  9016  9016 D PowerUI.Notification: showChargingNotification()
04-22 23:40:52.228  5123  9312 D ApplicationPolicy: isStatusBarNotificationAllowedAsUser: packageName = com.android.systemui,userId = 0
04-22 23:40:52.228  5123  9312 D PersonaManagerAdapter: ContainerOnlyMode - EOS
04-22 23:40:52.228  5123  9312 D ApplicationPolicy: isStatusBarNotificationAllowedAsUser: packageName = com.android.systemui,userId = -1
04-22 23:40:52.228  5123  9312 D PersonaManagerAdapter: ContainerOnlyMode - EOS
04-22 23:40:52.228  5123  9312 D ApplicationPolicy: isStatusBarNotificationAllowedAsUser: converting userId from USER_ALLto 0
04-22 23:40:52.228  5123  9312 D PersonaManagerAdapter: ContainerOnlyMode - EOS
04-22 23:40:52.229  9016  9016 D PowerUI : Battery swelling mode - priorBatterySwellingMode = 0 mBatterySwellingMode = 0 mBatteryStatus = 2
04-22 23:40:52.229  9016  9016 I PowerUI : mBatteryMiscEvent = 65536
04-22 23:40:52.229  9016  9016 D KeyguardUpdateMonitor: received broadcast android.intent.action.BATTERY_CHANGED
04-22 23:40:52.230  9016  9016 I AODBatteryManager: updateBatteryData: ACTION_BATTERY_CHANGED
04-22 23:40:52.232  9016  9016 I AODBatteryManager: saveBatteryData : AOD BatteryData [mBatteryLevel=88, mBatteryStatus=CHARGING, mBatteryPlugType=USB, mBatteryPlugged=true, mRemainingChargeTime=3606000, mBatteryChargingType=1, mBatteryChargerType=NORMAL, mBatteryOnline=USB, mBatterySwellingMode=NONE]
04-22 23:40:52.232  9016  9016 I ChargingInfoManager: updateChargingInfo: newState = AOD ChargingInfo [mState=BATTERY_AND_REMAIN_TIME, mIsCharging=true, mIsFullyCharged=false], oldState = AOD ChargingInfo [mState=BATTERY_AND_REMAIN_TIME, mIsCharging=true, mIsFullyCharged=false]
04-22 23:40:52.232  9016  9016 D KeyguardUpdateMonitor: handleBatteryUpdate
04-22 23:40:52.234  9016  9016 D KeyguardSecIndicationPolicy:  add T Event pos = DEFAULT, type =              BATTERY, id = 15131, text = Charging: 88%
04-22 23:40:52.234  9016  9016 D KeyguardSecIndicationPolicy: 1 h until full, duration = 3000
04-22 23:40:52.235  9016  9016 D KeyguardSecIndicationPolicy:   update top pos = DEFAULT, item = [id=15130|ty=BATTERY_RESTING|pr=20|txt=Charging: 88%
04-22 23:40:52.235  9016  9016 D KeyguardSecIndicationPolicy: 1 h until full|ti=duration=PERSISTENT|an=false] -> [id=15131|ty=BATTERY|pr=40|txt=Charging: 88%
04-22 23:40:52.235  9016  9016 D KeyguardSecIndicationPolicy: 1 h until full|ti=duration=3000|an=false]
04-22 23:40:52.235  9016  9016 D KeyguardSecIndicationController: onIndicationChanged() return - keyguard is not visible, pos = DEFAULT, item = [id=15131|ty=BATTERY|pr=40|txt=Charging: 88%
04-22 23:40:52.235  9016  9016 D KeyguardSecIndicationController: 1 h until full|ti=duration=3000|an=false]
04-22 23:40:52.235  9016  9016 D KeyguardSecIndicationPolicy: update Event pos = DEFAULT, type =      BATTERY_RESTING, id = 15132, text = Charging: 88%
04-22 23:40:52.235  9016  9016 D KeyguardSecIndicationPolicy: 1 h until full
04-22 23:40:52.235  9016  9016 D KeyguardSecIndicationController: addBatteryIndication() status = BatteryStatus{status=2,level=88,plugged=2,health=2,maxChargingWattage=-1,remaining=3606000ultraFastCharger=0}
04-22 23:40:52.438  9254  9254 I Launcher.NotificationListener: onNotificationPosted : com.android.systemui number : 0
04-22 23:40:52.439  9016  9016 D InterruptionStateProvider: No bubble up: not allowed to bubble: -1|com.android.systemui|2131362956|charging_state|10059
04-22 23:40:52.441  9016  9016 D InterruptionStateProvider:  no Heads up : edgelighting enabled app. -1|com.android.systemui|2131362956|charging_state|10059
04-22 23:40:52.493  9016  9016 E ExpandableNotifRow: onNotificationUpdated() NSSL is null..
04-22 23:40:52.496  9016  9016 D FaceWidgetNotificationManager: updateFaceWidgetMusicNotificationKey() return : mFaceWidgetMusicNotificationKey is empty
04-22 23:40:55.172  5123  5132 I system_server: Background young concurrent copying GC freed 297131(22MB) AllocSpace objects, 38(1592KB) LOS objects, 29% free, 56MB/80MB, paused 588us total 140.480ms
04-22 23:40:55.186  5123  5134 W System  : A resource failed to call release. 
04-22 23:40:55.187  5123  5134 I SurfaceControl: nativeRelease nativeObject s[495399385248]
04-22 23:40:55.187  5123  5134 I SurfaceControl: nativeRelease nativeObject e[495399385248]
04-22 23:40:55.188  5123  5134 W System  : A resource failed to call release. 
04-22 23:40:55.188  5123  5134 I SurfaceControl: nativeRelease nativeObject s[495399387360]
04-22 23:40:55.188  5123  5134 I SurfaceControl: nativeRelease nativeObject e[495399387360]
04-22 23:40:55.188  5123  5134 W System  : A resource failed to call release. 
04-22 23:40:55.188  5123  5134 I SurfaceControl: nativeRelease nativeObject s[495399387072]
04-22 23:40:55.188  5123  5134 I SurfaceControl: nativeRelease nativeObject e[495399387072]
04-22 23:40:55.188  4781  5200 I SurfaceFlinger: id=80809 Removed Surface(name=e6253da NavigationBar0)/@0x4c55de2 - animation-leash#1 (64)
04-22 23:40:55.188  4781  5412 I SurfaceFlinger: id=80808 Removed Surface(name=9af2676 StatusBar)/@0x6962a04 - animation-leash#1 (64)
04-22 23:40:55.203  4781  4781 I Layer   : id=80808[1] Destroyed Surface(name=9af2676 StatusBar)/@0x6962a04 - animation-leash#1
04-22 23:40:55.204  4781  4781 I Layer   : id=80809[1] Destroyed Surface(name=e6253da NavigationBar0)/@0x4c55de2 - animation-leash#1
04-22 23:40:55.236  9016  9016 D KeyguardSecIndicationPolicy:  remove Item pos = DEFAULT                             , id = 15131, 
04-22 23:40:55.236  9016  9016 D KeyguardSecIndicationPolicy:   update top pos = DEFAULT, item = [id=15131|ty=BATTERY|pr=40|txt=Charging: 88%
04-22 23:40:55.236  9016  9016 D KeyguardSecIndicationPolicy: 1 h until full|ti=duration=3000|an=false] -> [id=15132|ty=BATTERY_RESTING|pr=20|txt=Charging: 88%
04-22 23:40:55.236  9016  9016 D KeyguardSecIndicationPolicy: 1 h until full|ti=duration=PERSISTENT|an=false]
04-22 23:40:55.237  9016  9016 D KeyguardSecIndicationController: onIndicationChanged() return - keyguard is not visible, pos = DEFAULT, item = [id=15132|ty=BATTERY_RESTING|pr=20|txt=Charging: 88%
04-22 23:40:55.237  9016  9016 D KeyguardSecIndicationController: 1 h until full|ti=duration=PERSISTENT|an=false]
04-22 23:40:55.644  4558  4558 D BoundBrokerSvc: onBind: Intent { act=com.google.android.gms.safetynet.service.START pkg=com.google.android.gms }
04-22 23:40:55.644  4558  4558 D BoundBrokerSvc: Loading bound service for intent: Intent { act=com.google.android.gms.safetynet.service.START pkg=com.google.android.gms }
04-22 23:40:55.748  4781  4781 I SurfaceFlinger: SFWD update time=444674969352590
04-22 23:40:55.803  5123  5323 D InputReader: Input event(4): value=1 when=444675.023374
04-22 23:40:55.803  5123  5323 D InputReader: !@notifyKey(116), action=0
04-22 23:40:55.803  5123  5323 D InputManager-JNI: !@interceptKeyBeforeQueueing(116), action=0, interactive=false
04-22 23:40:55.803  5123  5323 D PhoneWindowManagerExt: systemKeyEventRequested REMOVE_PASS
04-22 23:40:55.803  5123  5323 D WindowManager: interceptKeyTq s_result=8
04-22 23:40:55.805  5123  5323 D PhoneWindowManagerExt: sWakeUpBooster.acquire()
04-22 23:40:55.805  5123  5323 I SemDvfsHyPerManager: acquire hyper - DEVICE_WAKEUP/5123@30, type = -999
04-22 23:40:55.805  5123  5323 D PowerManagerService: [api] wakeUp (uid: 1000 pid: 5123) eventTime = 444675023
04-22 23:40:55.806  5123  5323 I PowerManagerService: !@Screen__On  - 2125 :  wakeUp:  (uid: 1000 pid: 5123) (1)
04-22 23:40:55.806  4714  4758 I HYPER-HAL: [RequestManager.cpp]acquire(): Acquired ID : 13279311  [5123 / 30]    HINT : DEVICE_WAKEUP    list : 
04-22 23:40:55.806  5123  5323 I PowerManagerService: Waking up from Dozing (uid=1000, reason=WAKE_REASON_POWER_BUTTON, details=android.policy:POWER)...
04-22 23:40:55.806  4714  4758 I HYPER-HAL: [ResourceManager.cpp]updateResource(): [CPUMinFreq] UpdateResource Request ID : 13279311    Value : 1157000
04-22 23:40:55.808  5123  5323 D PowerManagerNotifier: startedEarlyWakingUp: interactive: true reason: 1
04-22 23:40:55.808  5123  5323 D InputManager-JNI: setInteractive(true)
04-22 23:40:55.808  9016 10182 D KeyguardViewMediator: startedEarlyWakingUp
04-22 23:40:55.808  9016  9016 D KeyguardUpdateMonitor: handleStartedEarlyWakingUp start 1
04-22 23:40:55.808  5123  5323 D PowerManagerService: [PWL] sb acquire: PowerManagerService.Broadcasts
04-22 23:40:55.809  5123  5323 D PowerManagerService: UserActivityState : 4 -> 1
04-22 23:40:55.810  5123  5323 D PowerManagerService: mDisplayReady: false
04-22 23:40:55.810  5123  5323 D PowerManagerService: mDisplayReady: false
04-22 23:40:55.810  5123  5191 D DisplayPowerController: animateScreenStateChange: target=2, targetInternal=2, dualScreenPolicy=-1
04-22 23:40:55.810  5123  5323 D PowerManagerService: [PWL] sb acquire: PowerManagerService.Display
04-22 23:40:55.811  5123  5191 I DisplayPowerController: Blocking screen on until initial contents have been drawn.
04-22 23:40:55.811  5123  5191 D DisplayPowerController: mWindowManagerPolicy.screenTurningOn() +
04-22 23:40:55.811  5123  5191 I WindowManager: Screen turning on...
04-22 23:40:55.811  5123  5323 D InputManager-JNI: !@handleInterceptActions(116), action=0, wmActions=0
04-22 23:40:55.811  5123  5191 I WindowManager: screenTurningOn(+), before calling onScreenTurningOn to KeyguardDelegate
04-22 23:40:55.811  5123  5183 D BatteryExternalStatsWorker: update stats : screen-state (1)
04-22 23:40:55.811  5123  5191 I WindowManager: screenTurningOn(-), after calling onScreenTurningOn to KeyguardDelegate
04-22 23:40:55.811  5123  5191 D DisplayPowerController: mWindowManagerPolicy.screenTurningOn() -
04-22 23:40:55.812  5123  5191 D DisplayPowerController: getFinalBrightness : Summary is  80 (0.31) ->  80 (0.31)
04-22 23:40:55.812  5123  5191 D DisplayPowerController: Animating brightness: target= 80 (0.31), rate=0.0 (PSM:, AB limit:(  0 (-1.00) ~   0 (-1.00)) MB Limit:( -1 (NaN) ~ 306 (1.20))
04-22 23:40:55.813  5123  5123 I AppOps  : updateUidProcState uid: 10059 procState: 1 capability:7
04-22 23:40:55.813  5123  5123 I AppOps  : commitUidPendingStateLocked() :: UID - 10059, 500 > 100, 7 > 7
04-22 23:40:55.813  5123  5191 D DisplayPowerController: animateScreenStateChange: target=2, targetInternal=2, dualScreenPolicy=-1
04-22 23:40:55.813  9016 10182 D KeyguardViewMediator: onScreenTurningOn
04-22 23:40:55.813  5123  5123 D SamsungIMMSHWKeyboard: isConnectedDexOnPC false
04-22 23:40:55.813  5123  5191 D DisplayPowerController: getFinalBrightness : Summary is  80 (0.31) ->  80 (0.31)
04-22 23:40:55.813  5123  8961 D DisplayManagerService: !@display_state internal: OFF -> ON
04-22 23:40:55.814  9016  9016 D KeyguardViewMediator: handleMessage 6
04-22 23:40:55.814  9016  9016 D KeyguardViewMediator: handleNotifyScreenTurningOn
04-22 23:40:55.814  5123  5191 D DisplayPowerController: Animating brightness: target= 80 (0.31), rate=0.0 (PSM:, AB limit:(  0 (-1.00) ~   0 (-1.00)) MB Limit:( -1 (NaN) ~ 306 (1.20))
04-22 23:40:55.814  5123  8961 D LocalDisplayAdapter: !@ display_state: OFF -> ON (id:0)
04-22 23:40:55.814  5123  5123 D SdpManagerService: Not an enterprise user : 0
04-22 23:40:55.814  5123  5123 D SdpManagerService: Not an enterprise user : 0
04-22 23:40:55.814  5123  5166 I DisplayManagerService: Display device changed state: "Built-in Screen", ON
04-22 23:40:55.814  5123  5297 D WindowManager: mKeyguardDelegate.ShowListener.onDrawn.
04-22 23:40:55.814  5123  5123 I WindowManager: Started waking up... (why=ON_BECAUSE_OF_USER)
04-22 23:40:55.815  5123  5123 D PowerManagerNotifier: handleEarlyInteractiveChange reason = 1
04-22 23:40:55.815  5123  5297 D SdpManagerService: Not an enterprise user : 0
04-22 23:40:55.815  5123  5297 D SdpManagerService: Not an enterprise user : 0
04-22 23:40:55.816  5123  5166 D InputManager-JNI: Viewport [0] type:1, displayId=0, uniqueId=local:0, orientation=0, logicalFrame=[0, 0][720, 1600], physicalFrame=[0, 0][720, 1600], deviceSize=[720, 1600]
04-22 23:40:55.816  4781  4781 D SurfaceFlinger: Setting power mode 2 on display 0
04-22 23:40:55.816  4700  4700 D display : setPowerMode:: FBIOBLANK mode(2), blank(0)
04-22 23:40:55.816  9016 10182 D KeyguardViewMediator: onStartedWakingUpWithReason, seq = 4234 why = 1
04-22 23:40:55.817  9016  9016 D KeyguardViewMediator: handleMessage 21
04-22 23:40:55.817  5123  5323 I InputReader: Reconfiguring input devices, changes=DISPLAY_INFO | 
04-22 23:40:55.817  9016  9016 D KeyguardViewMediator: handleNotifyWakingUp( why = 1 )
04-22 23:40:55.817  9016  9016 D KeyguardUpdateMonitor: requestBiometricAuth()
04-22 23:40:55.817  5123  5315 D LiftUpHandler: screen on
04-22 23:40:55.817  5123  5323 I InputReader: support feature by TSP : 0x1
04-22 23:40:55.817  9016  9016 E KeyguardUpdateMonitor: handleStartedWakingUp start 1
04-22 23:40:55.817  5123  5323 I InputReader: Device reconfigured: id=2, name='sec_touchscreen', size 720x1600, orientation 0, mode 1, display id 0
04-22 23:40:55.817  9016  9016 D KeyguardUpdateMonitor: requestBiometricAuth()
04-22 23:40:55.818  5123  5312 I CAE     : handleMessage(CaPowerManager.java:194) - AP_WAKEUP
04-22 23:40:55.818  5123  5312 I CAE     : updateApPowerStatus(SensorHubParserProvider.java:445) - AP_WAKEUP
04-22 23:40:55.818  5123  5312 I CAE     : sendCmdToSensorHub(SensorHubCommManager.java:156) - -76, 13, -47, 0,
04-22 23:40:55.819  5123  5313 D SensorService: setSContextDataLocked ints length 2 , byte length 4
04-22 23:40:55.819  5123  5313 D SensorService: setSContextDataLocked d10db4
04-22 23:40:55.819  9016  9154 D KeyguardViewMediator: updateSALogging 1
04-22 23:40:55.820  9016  9154 D SystemUIAnalytics: sendEventLog , , 1
04-22 23:40:55.820  4706  4706 I SensorsHub: SContextSensor::injecet_sensor_data
04-22 23:40:55.820  4706  4706 D SensorsHub: b4 0d d1 00  
04-22 23:40:55.820  4706  4706 D SensorsHub: inject_scontext_data: New ssp_data_injection_fd(23)
04-22 23:40:55.820  4706  4706 D SensorsHub: SContext Data Injection return 4
04-22 23:40:55.821  5123  5312 I CAE     : sendCmdToSensorHub(SensorHubCommManager.java:156) - -63, 71, 0, 1,
04-22 23:40:55.821  5123 10584 D SdpManagerService: Not an enterprise user : 0
04-22 23:40:55.822  5123  5313 D SensorService: setSContextDataLocked ints length 2 , byte length 4
04-22 23:40:55.822  5123  5313 D SensorService: setSContextDataLocked 10047c1
04-22 23:40:55.822  5123 10584 D SdpManagerService: Not an enterprise user : 0
04-22 23:40:55.822  4706  4706 I SensorsHub: SContextSensor::injecet_sensor_data
04-22 23:40:55.822  4706  4706 D SensorsHub: c1 47 00 01  
04-22 23:40:55.822  4706  4706 D SensorsHub: inject_scontext_data: New ssp_data_injection_fd(23)
04-22 23:40:55.822  4706  4706 D SensorsHub: SContext Data Injection return 4
04-22 23:40:55.823  5123  5312 I CAE     : handleMessage(CaPowerManager.java:207) - SCREEN_ON
04-22 23:40:55.824  5123  5297 D SdpManagerService: Not an enterprise user : 0
04-22 23:40:55.824  5123  5297 D SdpManagerService: Not an enterprise user : 0
04-22 23:40:55.825  9016  9016 I DymLock|DynamicLockManager: onStartedWakingUp()
04-22 23:40:55.825  9016  9016 I DymLock|DynamicLockManager: notifyAction action[SCREEN_ON] arg[false]
04-22 23:40:55.825  9016  9016 I DymLock|BaseAnimator: setTouchIgnored() false
04-22 23:40:55.825  9016  9016 I DymLock|DynamicLockContainer: onStartedWakingUp()
04-22 23:40:55.826  9016  9016 E KeyguardUpdateMonitor: handleStartedWakingUp end
04-22 23:40:55.826  9016  9016 D DisplayLifecycle: updateDisplay id = 0
04-22 23:40:55.835  5123  5183 D BatteryExternalStatsWorker: done updateExternalStatsLocked
04-22 23:40:55.838  9016  9070 D NetworkController.SecMobileSignalController(0/1): onDataActivity: direction=2
04-22 23:40:55.840  5123  5123 D ActivityManager: Received SERVICE intent 0xa26cce Key{startService pkg=com.google.android.gms/com.google.android.gms.auth_authzen__phone intent=act=com.google.android.gms.auth.authzen.cryptauth.DEVICE_STATE_CHECK_DELAY_COMPLETE cat=[targeted_intent_op_prefix:.auth.authzen.cryptauth.DeviceStateSyncManager$CheckStateEventIntentOperation] cmp=com.google.android.gms/.chimera.GmsIntentOperationService flags=0x0 u=0} requestCode=0 from uid 1000
04-22 23:40:55.844  5123  5123 D SamsungAlarmManager: setExact (T:3/F:1/AC:false) 20220422T234100 now=3140288627 - CU:1000/CP:5123/L:f77d41b:TIME_TICK
04-22 23:40:55.844  5123  5123 I SamsungAlarmManager: setLocked to kernel - T:2 / 20220422T234421, set=3140494650, now=3140288627
04-22 23:40:55.844  4814 27361 I CameraService: notifyMonitoredUids
04-22 23:40:55.845  5123  5123 I SamsungAlarmManager: setLocked to kernel - T:3 / 20220422T234100, set=3140292784, now=3140288628
04-22 23:40:55.845  5123  5164 W WindowManager: Setting mKeyguardDrawComplete
04-22 23:40:55.845  5123  5164 I WindowManager: Waiting for drawn Window{4da6e20 u0 NotificationShade}: removed=false visible=true mHasSurface=true drawState=1
04-22 23:40:55.846  9016  9070 D NetworkController.SecMobileSignalController(0/1): onDataActivity: direction=2
04-22 23:40:55.847 26412 26412 I HBD     : a currentConnectionState : false 
04-22 23:40:55.848  5123  5167 I WindowManager: Waiting for drawn Window{4da6e20 u0 NotificationShade}: removed=false visible=true mHasSurface=true drawState=1
04-22 23:40:55.854  5123  5167 I WindowManager: Waiting for drawn Window{4da6e20 u0 NotificationShade}: removed=false visible=true mHasSurface=true drawState=1
04-22 23:40:55.859  5123  5123 D ActivityManager: Received BROADCAST intent 0xf487ffe Key{broadcastIntent pkg=com.whatsapp intent=act=com.whatsapp.alarm.CLIENT_PING_PERIODIC pkg=com.whatsapp flags=0x0 u=0} requestCode=0 sent=0 from uid 1000
04-22 23:40:55.862  9016 11063 I DymLock|PreferenceDbDataSource: getInt() key[pref_dynamic_magazine_guide_step] value[5]
04-22 23:40:55.862  9016 15634 D SamsungAnalytics605033: SendLog Result = 0
04-22 23:40:55.863  9016 11063 I DymLock|RequestVisualCue: visual cue step : 5
04-22 23:40:55.868  5123  5297 D SamsungAlarmManager: Cancel Alarm calling from uid:10219 pid :29345 / OP:PendingIntent{cc1cc90: PendingIntentRecord{f487ffe com.whatsapp broadcastIntent}}
04-22 23:40:55.868  5123  5123 D GameManagerService: onDisplayChanged. displyId: 0, state: 2
04-22 23:40:55.868  5123  5326 D GameManagerService: onLooperPrepared(), msg: MSG_LCD_ON
04-22 23:40:55.868  5123  5123 D AODManagerService: requestReCalToTSP IsSingleTouchMode = false / previousDisplayState = OFF
04-22 23:40:55.868  5123  5326 D GameManagerService: handleLcdOn(). isDeviceLocked: true, inKeyguardRestrictedInputMode: true
04-22 23:40:55.869  5123  5326 D GameManagerService: process is not found.
04-22 23:40:55.870  5123 11030 D SamsungAlarmManager: setInexact (T:3/F:0/AC:false) 20320419T234055 now=3140288653 - CU:10186/CP:4558/OP:PendingIntent{2382989: PendingIntentRecord{7879d8e com.google.android.gms/ startService}}
04-22 23:40:55.870  5123 11030 I SamsungAlarmManager: setLocked to kernel - T:2 / 20220422T234421, set=3140494650, now=3140288653
04-22 23:40:55.870  5123 11030 I SamsungAlarmManager: setLocked to kernel - T:3 / 20220422T234100, set=3140292784, now=3140288653
04-22 23:40:55.873  9016  9016 D KeyguardImageWallpaper: updateDrawState: [true]
04-22 23:40:55.873  9016  9016 D KeyguardWallpaperController: mWallpaperView.onResume()
04-22 23:40:55.873  9016  9304 D QSClockBellTower: onReceive(android.intent.action.TIME_TICK) mTimeZoneString:Europe/Helsinki
04-22 23:40:55.874  9016  9016 D KeyguardImageWallpaper: updateDrawState: [true]
04-22 23:40:55.874  9016  9304 D QSClockBellTower: onReceive(android.intent.action.TIME_TICK) mTimeZoneString:Europe/Helsinki
04-22 23:40:55.874  9016  9016 I FixedOrientationController: w = 720, h = 1600, isRtl = false, newR = 0, oldR = 0
04-22 23:40:55.874  9016  9016 I FixedOrientationController: Same configuration.
04-22 23:40:55.874  9016  9016 D KeyguardWallpaperController: onStartedWakingUp() visibility:0, mIsKeyguardShowing:true
04-22 23:40:55.874  5123  5123 D PkgPredictorService: Screen receive a broadcast: android.intent.action.SCREEN_ON
04-22 23:40:55.874  9016  9016 D KeyguardSecIndicationPolicy:  add T Event pos = DEFAULT, type =              BATTERY, id = 15133, text = Charging: 88%
04-22 23:40:55.874  9016  9016 D KeyguardSecIndicationPolicy: 1 h until full, duration = 3000
04-22 23:40:55.875  9016  9445 D KeyguardWallpaperController: mSemDisplaySolutionManager is called : true
04-22 23:40:55.875  9016  9016 D KeyguardSecIndicationPolicy:   update top pos = DEFAULT, item = [id=15132|ty=BATTERY_RESTING|pr=20|txt=Charging: 88%
04-22 23:40:55.875  9016  9016 D KeyguardSecIndicationPolicy: 1 h until full|ti=duration=PERSISTENT|an=false] -> [id=15133|ty=BATTERY|pr=40|txt=Charging: 88%
04-22 23:40:55.875  9016  9016 D KeyguardSecIndicationPolicy: 1 h until full|ti=duration=3000|an=false]
04-22 23:40:55.875  9016  9016 D KeyguardSecIndicationController: onIndicationChanged() return - keyguard is not visible, pos = DEFAULT, item = [id=15133|ty=BATTERY|pr=40|txt=Charging: 88%
04-22 23:40:55.875  9016  9016 D KeyguardSecIndicationController: 1 h until full|ti=duration=3000|an=false]
04-22 23:40:55.875  9016  9016 D KeyguardSecIndicationPolicy: update Event pos = DEFAULT, type =      BATTERY_RESTING, id = 15134, text = Charging: 88%
04-22 23:40:55.875  9016  9016 D KeyguardSecIndicationPolicy: 1 h until full
04-22 23:40:55.876  9016  9016 D KeyguardSecIndicationController: addBatteryIndication() status = BatteryStatus{status=2,level=88,plugged=2,health=2,maxChargingWattage=-1,remaining=3606000ultraFastCharger=0}
04-22 23:40:55.876  9016  9304 D QSClockBellTower: onReceive(android.intent.action.TIME_TICK) mTimeZoneString:Europe/Helsinki
04-22 23:40:55.876  9016  9016 D KeyguardSecIndicationPolicy:    add Event pos = DEFAULT, type =         UNLOCK_GUIDE, id = 15135, text = Swipe to unlock
04-22 23:40:55.876  9016  9016 I StatusBar: makeExpandedVisible : mExpandedVisible = true, force = true, panelsEnabled = true
04-22 23:40:55.877  9016  9016 D StatusBar: disable<e i a s b H R c s k t > disable2<q i n >
04-22 23:40:55.877  9016  9304 D QSClockBellTower: onReceive(android.intent.action.TIME_TICK) mTimeZoneString:Europe/Helsinki
04-22 23:40:55.877  9016  9016 D StatusBar: disable<e i a s b H R c s k t > disable2<q i n >
04-22 23:40:55.878  9016  9016 D KeyguardWallpaperController: mWallpaperView.reset()
04-22 23:40:55.880  9016  9016 D MultiSIMPreferredSlotBar: setExpanded : false
04-22 23:40:55.882  9369  9674 I ImsSecChannelCallback: receive
04-22 23:40:55.883  9369  9674 I IpcDispatcher<1>: [Rx]: (M)IPC_IIL_CMD (S)IPC_IIL_SSAC_INFO (T)EVENT l:13
04-22 23:40:55.883  9369  9369 I SsacManager: updateSSACInfo[0] : Voice(-1:0) Video(-1:0)
04-22 23:40:55.883  9369  9369 I SsacManager: Voice Call updateSSACInfo[0] : f[100], t[0]
04-22 23:40:55.883  9369  9369 I SsacManager: Video Call updateSSACInfo[0] : f[100], t[0]
04-22 23:40:55.885  9016  9016 D SimCardManagerServiceProvider: SimCardManagerProcessService already is Running !!! 
04-22 23:40:55.885  9016  9016 D MultiSIMPreferredSlotBar: unRegisterSimCardManagerCallback : mSimCardmanagerSerice is null 
04-22 23:40:55.886  5123 11030 D SdpManagerService: Not an enterprise user : 0
04-22 23:40:55.886  9016  9016 D KeyguardTouchAnimator: reset unlockExecuted=false
04-22 23:40:55.887  5123 11030 D SdpManagerService: Not an enterprise user : 0
04-22 23:40:55.887  9016  9016 D KeyguardTouchDymLockInjector: resetDynamicLock mIsDynamicLockEnabled: false
04-22 23:40:55.888  5123  5297 D SamsungAlarmManager: setExact (T:2/F:5/AC:false) 20220422T234127 now=3140288671 - CU:10219/CP:29345/OP:PendingIntent{ff0d545: PendingIntentRecord{2e4049a com.whatsapp broadcastIntent}}
04-22 23:40:55.888  5123  5297 I SamsungAlarmManager: setLocked to kernel - T:2 / 20220422T234127, set=3140320663, now=3140288671
04-22 23:40:55.888  5123  5297 I SamsungAlarmManager: setLocked to kernel - T:3 / 20220422T234100, set=3140292784, now=3140288671
04-22 23:40:55.888  5123  5123 D SamsungAlarmManager: Cancel Alarm calling from uid:1000 pid :5123 / OP:PendingIntent{6b53660: PendingIntentRecord{ff99719 android broadcastIntent}}
04-22 23:40:55.889  9016  9016 E LSO_LSOInterface: LSO Service is not yet ready!!!
04-22 23:40:55.889  9016  9016 D StatusBar: updateQsExpansionEnabled - QS Expand enabled: true
04-22 23:40:55.890  9016  9016 I KeyguardViewMediator: updateActivityLockScreenState true false
04-22 23:40:55.890  5123  9071 D ActivityTaskManager: setLockScreenShown(true,false) is called from 0
04-22 23:40:55.892  5123  9071 I WindowManager: Waiting for drawn Window{4da6e20 u0 NotificationShade}: removed=false visible=true mHasSurface=true drawState=1
04-22 23:40:55.892  9016  9016 D KeyguardBottomAreaShortcutView: updateCameraVisibility isCameraDisabled:false visible:true
04-22 23:40:55.893  9016  9016 I FaceWidgetPositionAlgorithm: setup() mStatusBarHeight = 68, mDarkAmount = 0.0, mQsTopPadding = 557, mNotificationStackHeight = 0, mPanelExpansion = 0.0, mHeight = 1600, mFaceWidgetContainerHeight = 222, mCurrentClockType = 2, notificationType = 1, mHasNotification = false
04-22 23:40:55.893  5123  5166 D SdpManagerService: Not an enterprise user : 0
04-22 23:40:55.893  5123  5166 D SdpManagerService: Not an enterprise user : 0
04-22 23:40:55.894  9016  9016 D StatusBar: updateQsExpansionEnabled - QS Expand enabled: true
04-22 23:40:55.894  5123  5166 D SdpManagerService: Not an enterprise user : 0
04-22 23:40:55.894  5123  5166 D SdpManagerService: Not an enterprise user : 0
04-22 23:40:55.894  9016  9016 D ScrimController: State changed to KEYGUARD, blankScreen=false, animation=-1
04-22 23:40:55.895  9016  9016 D ScrimController: updateScrimColor main=0xff202124 front=0xff000000(0.000000) behind=0xff000000(1.000000) bubble=0xff202124(0.000000) vis=2
04-22 23:40:55.895  5123  5329 D StorageManagerService: handleMessage -> H_KEYGUARD_CHANGED isShowing=true
04-22 23:40:55.895  9016  9016 D ScrimController: updateScrimColor main=0xff202124 front=0xff000000(0.000000) behind=0xff000000(0.000000) bubble=0xff202124(0.000000) vis=0
04-22 23:40:55.896  9016  9016 D KeyguardSecIndicationPolicy:  remove Item pos = DEFAULT, type =     LEGACY_TRANSIENT
04-22 23:40:55.896  9016  9016 D KeyguardSecIndicationPolicy:  add T Event pos = DEFAULT, type =              BATTERY, id = 15136, text = Charging: 88%
04-22 23:40:55.896  9016  9016 D KeyguardSecIndicationPolicy: 1 h until full, duration = 3000
04-22 23:40:55.897  9016  9016 D KeyguardSecIndicationPolicy:   update top pos = DEFAULT, item = [id=15133|ty=BATTERY|pr=40|txt=Charging: 88%
04-22 23:40:55.897  9016  9016 D KeyguardSecIndicationPolicy: 1 h until full|ti=duration=3000|an=false] -> [id=15136|ty=BATTERY|pr=40|txt=Charging: 88%
04-22 23:40:55.897  9016  9016 D KeyguardSecIndicationPolicy: 1 h until full|ti=duration=3000|an=false]
04-22 23:40:55.898  9016  9016 D KeyguardSecIndicationController: updateSecureLockIconVisibility visible : true, isShowAnimation : false
04-22 23:40:55.898  9016  9016 D SystemUITextView: updateStyle() flag=3e3e3e0,3e3e2e0 : com.android.systemui.statusbar.phone.KeyguardIndicationTextView{f70e17b V.ED..... ......ID 0,0-510,37 #7f0a0338 app:id/keyguard_indication_text}
04-22 23:40:55.898  9016  9016 D SFText  : clearAllTextEffect
04-22 23:40:55.898  4558 19426 I Authzen : [DeviceStateSyncManager] The server is in sync with current state. Nothing to do
04-22 23:40:55.899  9016  9016 D KeyguardSecIndicationPolicy: update Event pos = DEFAULT, type =      BATTERY_RESTING, id = 15137, text = Charging: 88%
04-22 23:40:55.899  9016  9016 D KeyguardSecIndicationPolicy: 1 h until full
04-22 23:40:55.899  9016  9016 D KeyguardSecIndicationController: addBatteryIndication() status = BatteryStatus{status=2,level=88,plugged=2,health=2,maxChargingWattage=-1,remaining=3606000ultraFastCharger=0}
04-22 23:40:55.899  9016  9016 D KeyguardSecIndicationPolicy: update Event pos = DEFAULT, type =         UNLOCK_GUIDE, id = 15138, text = Swipe to unlock
04-22 23:40:55.900  5123  5297 D SdpManagerService: Not an enterprise user : 0
04-22 23:40:55.900  5123  5297 D SdpManagerService: Not an enterprise user : 0
04-22 23:40:55.901  9016  9016 D LockscreenLockIconController: Lock icon state is 0
04-22 23:40:55.902  9016  9016 D FaceWidgetViewModel: onStartedWakingUp()
04-22 23:40:55.903  9016  9016 D FaceWidgetClockPage: updateClockColor() page state : EXPAND
04-22 23:40:55.903  9016  9016 I KeyguardWallpaperController: getAdaptiveColorResult() has been called while not adaptive color condition. Returns null!
04-22 23:40:55.903  9016  9016 D WallpaperManager: semGetWallpaperColors, which = 2
04-22 23:40:55.903  5123  9071 D WALLPAPER_SVC:WallpaperManagerService: getWallpaperSafeLocked, userId = 0, which = 2, caller = com.android.server.wallpaper.WallpaperManagerService.semGetWallpaperColors:7615 
04-22 23:40:55.903  5123  5123 D SdpManagerService: Not an enterprise user : 0
04-22 23:40:55.903  5123  9071 D WALLPAPER_SVC:WallpaperManagerService: return dlsSemColors 
04-22 23:40:55.903  5123  5123 D SdpManagerService: Not an enterprise user : 0
04-22 23:40:55.903  9016  9016 D SemWallpaperColorsArea: SemWallpaperColorsArea which = 2, 720x1448,411x827,38,48, 11
04-22 23:40:55.904  9016  9016 D WallpaperManager: semGetWallpaperColors, which = 2
04-22 23:40:55.904  5123  9071 D WALLPAPER_SVC:WallpaperManagerService: getWallpaperSafeLocked, userId = 0, which = 2, caller = com.android.server.wallpaper.WallpaperManagerService.semGetWallpaperColors:7615 
04-22 23:40:55.904  5123  9071 D WALLPAPER_SVC:WallpaperManagerService: return dlsSemColors 
04-22 23:40:55.904  9016  9016 D SemWallpaperColorsArea: SemWallpaperColorsArea which = 2, 720x1448,411x827,38,48, 11
04-22 23:40:55.904  5123  5123 D SdpManagerService: onDeviceLocked : User 0
04-22 23:40:55.904  5123  5123 D SdpManagerService: Not an enterprise user : 0
04-22 23:40:55.904  9016  9016 I CommonUtils: getClockFontColorRGB: #FFF8F8F8
04-22 23:40:55.904  9016  9016 I DigitalHorizontalClockView_LOCK_SCREEN: setPaletteIndex : index = 0, mIsWhiteWallpaper = false, PaletteItem = SOLID color : FFF8F8F8
04-22 23:40:55.905  9016  9016 I DigitalHorizontalClockView_LOCK_SCREEN: updatePaletteItemTransition : paletteItem = SOLID color : FFF8F8F8, animation = false
04-22 23:40:55.905  9016  9016 D WallpaperManager: semGetWallpaperColors, which = 2
04-22 23:40:55.905  5123 11030 D WALLPAPER_SVC:WallpaperManagerService: getWallpaperSafeLocked, userId = 0, which = 2, caller = com.android.server.wallpaper.WallpaperManagerService.semGetWallpaperColors:7615 
04-22 23:40:55.906  5123 11030 D WALLPAPER_SVC:WallpaperManagerService: return dlsSemColors 
04-22 23:40:55.906  9016  9016 D SemWallpaperColorsArea: SemWallpaperColorsArea which = 2, 720x1448,411x827,38,48, 11
04-22 23:40:55.906  9016  9016 I DigitalHorizontalClockView_LOCK_SCREEN: updateShadowStyle: shadow : [ShadowStyle: shadowRadius = 1.6342471, shadowDx = 0.0, shadowDy = 2.0, shadowColor = 98000000]
04-22 23:40:55.906  9016  9016 I FaceWidgetClockProvider: setPreDefineOrCustomColor() setPreDefineColor(), clockType = 2, index = 0
04-22 23:40:55.906  9016  9016 D FaceWidgetClockPage: updateClockSuspendState() reason = wakingup, suspend=false, kv=true, wa=true, di=true, wu=false, aodDash=false
04-22 23:40:55.906  9016  9016 I DigitalHorizontalClockView_LOCK_SCREEN: suspend : mSuspend = true, enable = false
04-22 23:40:55.908  5123  5123 I HERMES#Service: hermesSecnvmPowerOn called!.
04-22 23:40:55.908  9016  9016 I DateTimeManager: registerBroadcast: true
04-22 23:40:55.908  5123  5123 E DEVROOT#CIF:  VFI_processPdpCmd start
04-22 23:40:55.909  4728  4728 E DEVROOT#VND:  communicate start cmd:0x3311, length:64
04-22 23:40:55.909  4728  4728 E DEVROOT#VND:  cmd [3311] start...
04-22 23:40:55.909  4728  4728 E DEVROOT#VND:  SecnvmPowerOn isn't supported.
04-22 23:40:55.909  4728  4728 E DEVROOT#VND:  cmd [3311] end...[-16777217]
04-22 23:40:55.911  4728  4728 E DEVROOT#VND:  communicate end -16777217 / length : 0
04-22 23:40:55.911  5123  5123 E DEVROOT#CIF:  Response buffer size is 0
04-22 23:40:55.911  5123  5123 E DEVROOT#CIF:  process_cmd was failed. (-16777217)
04-22 23:40:55.911  5123  5123 E DEVROOT#CIF:  VFI_processPdpCmd end (-16777217)
04-22 23:40:55.911  5123  5123 I HERMES#Service: notify key guard showing to hermesd ret : -16777217
04-22 23:40:55.913  9016  9016 I DigitalHorizontalClockView_LOCK_SCREEN: onTimeChanged : [DateTimeInfo : date = Fri, April 22, hourMin = 23:40, hourMinSec = , hour = 23, minute = 40, amPm  = , colon = :, second = , timezone = null, isLeftOfAmPm = false, ttsDate = Friday, April 22]
04-22 23:40:55.913  9016  9016 I DigitalHorizontalClockView_LOCK_SCREEN: updatePaletteItemTransition : paletteItem = SOLID color : FFF8F8F8, animation = false
04-22 23:40:55.913  9016  9016 D FaceWidgetClockPage_Full: updateClockColor() page state : DASHBOARD
04-22 23:40:55.913  9016  9016 I FaceWidgetClockProvider: updateClockColor() return - isMonoClock = true, shouldUseDefaultColor = false, isNotPaletteInHighContrastFont = false
04-22 23:40:55.914  9016  9016 D FaceWidgetClockPage_Full: updateClockSuspendState() reason = wakingup, suspend=true, kv=true, wa=false, di=true, wu=false, aodDash=false
04-22 23:40:55.914  9016  9016 I DigitalHorizontalHmsClockView_LOCK_SCREEN: suspend : mSuspend = true, enable = true
04-22 23:40:55.914  9016  9016 D FaceWidgetViewModel: updateMusicPageShownState() show = false, reattach = false, reason = waking up
04-22 23:40:55.914  9016  9016 D FaceWidgetViewModel: skip to show media panel
04-22 23:40:55.914  9016  9016 I ViewRootImpl@513b7a[NotificationShade]: MSG_RESIZED_REPORT: frame=(0,0,720,1600) ci=(0,68,0,0) vi=(0,0,0,0) or=1
04-22 23:40:55.914  9016  9016 D KeyguardUpdateMonitor: received broadcast android.intent.action.TIME_TICK
04-22 23:40:55.915  9016  9016 D QSClockBellTower: He is ready to ring the bell. (((QSClockBellSound - TimeText:23:40, TimeContentDescription:23:40, DateText:Fri, April 22, ShortDateText:Fri, Apr 22, Demofalse)))
04-22 23:40:55.916  9016  9016 D QSClockHomeIndicatorView: Home Indicator status_bar_clock notifyTimeChanged(QSClockBellSound - TimeText:23:40, TimeContentDescription:23:40, DateText:Fri, April 22, ShortDateText:Fri, Apr 22, Demofalse) ClockVisibleByPolicy:true, ClockVisibleByUser:true, visible?false, parent:android.widget.LinearLayout{79cd9da V.E...... ......I. 0,0-0,48 #7f0a037c app:id/left_clock_container}
04-22 23:40:55.916  9016  9016 D QSClockBellTower: Everyone heard the bell. run(currentTime:1650660055914,   getTime():Fri Apr 22 23:40:55 GMT+03:00 2022,   getTimeZone():libcore.util.ZoneInfo[id="Europe/Helsinki",mRawOffset=7200000,mEarliestRawOffset=5989000,mUseDst=true,mDstSavings=3600000,transitions=118])
04-22 23:40:55.916  9016  9016 D QSClockBellTower: He is ready to ring the bell. (((QSClockBellSound - TimeText:23:40, TimeContentDescription:23:40, DateText:Fri, April 22, ShortDateText:Fri, Apr 22, Demofalse)))
04-22 23:40:55.916  9016  9016 D QSClockHomeIndicatorView: Home Indicator status_bar_clock notifyTimeChanged(QSClockBellSound - TimeText:23:40, TimeContentDescription:23:40, DateText:Fri, April 22, ShortDateText:Fri, Apr 22, Demofalse) ClockVisibleByPolicy:true, ClockVisibleByUser:true, visible?false, parent:android.widget.LinearLayout{79cd9da V.E...... ......I. 0,0-0,48 #7f0a037c app:id/left_clock_container}
04-22 23:40:55.916  9016  9016 D QSClockBellTower: Everyone heard the bell. run(currentTime:1650660055916,   getTime():Fri Apr 22 23:40:55 GMT+03:00 2022,   getTimeZone():libcore.util.ZoneInfo[id="Europe/Helsinki",mRawOffset=7200000,mEarliestRawOffset=5989000,mUseDst=true,mDstSavings=3600000,transitions=118])
04-22 23:40:55.916  9016  9016 D KeyguardUpdateMonitor: received broadcast android.intent.action.TIME_TICK
04-22 23:40:55.917  9016  9016 D QSClockBellTower: He is ready to ring the bell. (((QSClockBellSound - TimeText:23:40, TimeContentDescription:23:40, DateText:Fri, April 22, ShortDateText:Fri, Apr 22, Demofalse)))
04-22 23:40:55.917  9016  9016 D QSClockHomeIndicatorView: Home Indicator status_bar_clock notifyTimeChanged(QSClockBellSound - TimeText:23:40, TimeContentDescription:23:40, DateText:Fri, April 22, ShortDateText:Fri, Apr 22, Demofalse) ClockVisibleByPolicy:true, ClockVisibleByUser:true, visible?false, parent:android.widget.LinearLayout{79cd9da V.E...... ......I. 0,0-0,48 #7f0a037c app:id/left_clock_container}
04-22 23:40:55.917  9016  9016 D QSClockBellTower: Everyone heard the bell. run(currentTime:1650660055916,   getTime():Fri Apr 22 23:40:55 GMT+03:00 2022,   getTimeZone():libcore.util.ZoneInfo[id="Europe/Helsinki",mRawOffset=7200000,mEarliestRawOffset=5989000,mUseDst=true,mDstSavings=3600000,transitions=118])
04-22 23:40:55.919  5123  5312 I CAE     : sendCmdToSensorHub(SensorHubCommManager.java:156) - -63, 71, 0, -15,
04-22 23:40:55.919  5123  5315 D MotionRecognitionService:   mReceiver.onReceive : ACTION_SCREEN_ON
04-22 23:40:55.919  9016  9016 I FaceWidgetAttribute: getMinTopMargin() 267, clockType = 2, topPlacement : false, lock icon : false, idx : 2
04-22 23:40:55.919  5123  5313 D SensorService: setSContextDataLocked ints length 2 , byte length 4
04-22 23:40:55.920  5123  5313 D SensorService: setSContextDataLocked f10047c1
04-22 23:40:55.920  4706  4706 I SensorsHub: SContextSensor::injecet_sensor_data
04-22 23:40:55.920  4706  4706 D SensorsHub: c1 47 00 f1  
04-22 23:40:55.920  4706  4706 D SensorsHub: inject_scontext_data: New ssp_data_injection_fd(23)
04-22 23:40:55.920  4706  4706 D SensorsHub: SContext Data Injection return 4
04-22 23:40:55.920  5123  5312 I CAE     : handleMessage(CaPowerManager.java:260) - SCREEN_ON_INTENT
04-22 23:40:55.920  5123  5312 I CAE     : handleMessage(CaPowerManager.java:274) - AP_WAKEUP_Already_Delivered
04-22 23:40:55.925  5123  5315 D MotionRecognitionService:   .isMotionEngineEnabled : true
04-22 23:40:55.925  5123  5315 E MotionRecognitionService:  handler : SCREEN_ON end
04-22 23:40:55.926  5123  5315 D LiftUpHandler: already ended..
04-22 23:40:55.927  5123  5123 D WifiP2pService: GopsReceiver : received : android.intent.action.SCREEN_ON
04-22 23:40:55.928  5123  5123 D WifiP2pService: GopsReceiver : received : android.intent.action.SCREEN_ON time : 1ms
04-22 23:40:55.930  5123 11030 D WindowManager: finishDrawingWindow: Window{4da6e20 u0 NotificationShade} mDrawState=DRAW_PENDING
04-22 23:40:55.931  9016  9016 D QSClockBellTower: He is ready to ring the bell. (((QSClockBellSound - TimeText:23:40, TimeContentDescription:23:40, DateText:Fri, April 22, ShortDateText:Fri, Apr 22, Demofalse)))
04-22 23:40:55.931  9016  9016 D QSClockHomeIndicatorView: Home Indicator status_bar_clock notifyTimeChanged(QSClockBellSound - TimeText:23:40, TimeContentDescription:23:40, DateText:Fri, April 22, ShortDateText:Fri, Apr 22, Demofalse) ClockVisibleByPolicy:true, ClockVisibleByUser:true, visible?false, parent:android.widget.LinearLayout{79cd9da V.E...... ......I. 0,0-0,48 #7f0a037c app:id/left_clock_container}
04-22 23:40:55.931  9016  9016 D QSClockBellTower: Everyone heard the bell. run(currentTime:1650660055931,   getTime():Fri Apr 22 23:40:55 GMT+03:00 2022,   getTimeZone():libcore.util.ZoneInfo[id="Europe/Helsinki",mRawOffset=7200000,mEarliestRawOffset=5989000,mUseDst=true,mDstSavings=3600000,transitions=118])
04-22 23:40:55.931  9016  9016 D KeyguardUpdateMonitor: handleTimeUpdate
04-22 23:40:55.932  9016  9016 D FaceWidgetPagesController: onTimeChanged()
04-22 23:40:55.932  9016  9016 D FaceWidgetPagesController: refreshViews() reason = ON_TIME_TICK, force = false
04-22 23:40:55.932  9016  9016 D KeyguardUpdateMonitor: handleTimeUpdate
04-22 23:40:55.932  9016  9016 D FaceWidgetPagesController: onTimeChanged()
04-22 23:40:55.932  9016  9016 D FaceWidgetPagesController: refreshViews() reason = ON_TIME_TICK, force = false
04-22 23:40:55.933  5123  5167 I WindowManager: Waiting for drawn Window{4da6e20 u0 NotificationShade}: removed=false visible=true mHasSurface=true drawState=4
04-22 23:40:55.933  5123  5167 D WindowManager: Window drawn win=Window{4da6e20 u0 NotificationShade}
04-22 23:40:55.933  5123  5167 D WindowManager: All windows drawn!
04-22 23:40:55.934  5123  5166 I WindowManager: All windows ready for display!
04-22 23:40:55.934  5123  5164 W WindowManager: Setting mWindowManagerDrawComplete
04-22 23:40:55.935  5123  5164 D SemContextService: lock : registerCallback
04-22 23:40:55.935  5123  5164 W CAE     : registerCallback(ContextAwareService.java:192) - [regi 01] Mutex is locked for AUTO_ROTATION
04-22 23:40:55.935  5123  5164 W CAE     : registerCallback(ContextAwareService.java:199) - [regi 04]  com.samsung.android.contextaware.ContextAwareManager$CaListenerDelegate@130456b
04-22 23:40:55.936  5123  5164 W CAE     : getListener(ListenerListManager.java:127) - [getListener1]  com.samsung.android.contextaware.ContextAwareManager$CaListenerDelegate@130456b
04-22 23:40:55.936  5123  5164 W CAE     : getListener(ListenerListManager.java:128) - [getListener2]  com.samsung.android.contextaware.manager.ContextAwareService$Listener@88f42ba
04-22 23:40:55.937  5123  5164 I CAE     : sendCmdToSensorHub(SensorHubCommManager.java:156) - -79, 7, 0, 0,
04-22 23:40:55.937  5123  5313 D SensorService: setSContextDataLocked ints length 2 , byte length 4
04-22 23:40:55.937  5123  5313 D SensorService: setSContextDataLocked 7b1
04-22 23:40:55.938  4706  4706 I SensorsHub: SContextSensor::injecet_sensor_data
04-22 23:40:55.938  4706  4706 D SensorsHub: b1 07 00 00  
04-22 23:40:55.938  4706  4706 D SensorsHub: inject_scontext_data: New ssp_data_injection_fd(23)
04-22 23:40:55.938  4706  4706 D SensorsHub: SContext Data Injection return 4
04-22 23:40:55.939  5123  5164 D CAE     : getFaultDetectionResult(AutoRotationRunner.java:195) - true
04-22 23:40:55.939  5123  5164 I CAE     : notifyCmdProcessResultObserver(ContextProvider.java:627) - CheckResult = 0, Cause = Success
04-22 23:40:55.939  5123  5164 I CAE     : displayUsedCountForService(ContextAwareService.java:464) - totalCnt = 1, serviceCount = 1, subCollectionCount = 0
04-22 23:40:55.940  5123  5164 D CAE     : showListenerList(ContextAwareService.java:329) - ===== Context Aware Service List =====
04-22 23:40:55.940  5123  8903 I WifiConnectivityMonitor.NetworkCallbackController: sNetworkCallback onCapabilitiesChanged: 755[ Transports: WIFI Capabilities: NOT_METERED&INTERNET&NOT_RESTRICTED&TRUSTED&NOT_VPN&VALIDATED&NOT_ROAMING&FOREGROUND&NOT_CONGESTED&NOT_SUSPENDED LinkUpBandwidth>=47025Kbps LinkDnBandwidth>=687Kbps SignalStrength: -42 AdministratorUids: [] SSID: "4G-Gateway-E93E" RequestorUid: -1 RequestorPackageName: null]
04-22 23:40:55.940  5123  5164 I CAE     : showListenerList(ContextAwareService.java:338) - Listener : com.samsung.android.contextaware.manager.ContextAwareService$Listener@88f42ba, Service : AUTO_ROTATION(1)
04-22 23:40:55.940  5123  5164 W CAE     : registerCallback(ContextAwareService.java:213) - [regi 02] Mutex is unlocked for AUTO_ROTATION
04-22 23:40:55.940  5123  5164 W CAE     : setCAProperty(ContextAwareService.java:513) - [setProperty 01] Mutex is locked for AUTO_ROTATION
04-22 23:40:55.941  5123  5164 I CAE     : setPropertyValue(AutoRotationRunner.java:119) - Device Type = 0.0
04-22 23:40:55.941  5123  5164 I CAE     : setCAProperty(ContextAwareService.java:518) - result : true
04-22 23:40:55.941  5123  5164 W CAE     : setCAProperty(ContextAwareService.java:519) - [setProperty 02] Mutex is unlocked for AUTO_ROTATION
04-22 23:40:55.941  5123  5164 D SemContextService: 	.registerCallback : 1, client=com.android.server.policy.WindowOrientationListener$OrientationSensorJudge@4fb98f8
04-22 23:40:55.941  5123  5164 D SemContextConnectionList: client packageName : com.android.server.policy.WindowOrientationListener$OrientationSensorJudge@4fb98f8
04-22 23:40:55.941  5123  5164 D SemContextService: unlock : registerCallback
04-22 23:40:55.941  5123  5164 D SemContextManager:   .registerListener : listener = com.android.server.policy.WindowOrientationListener$OrientationSensorJudge@4fb98f8, service=Auto Rotation
04-22 23:40:55.942  5123  5164 D WindowManager: finishScreenTurningOn: mAwake=true, mScreenOnEarly=true, mScreenOnFully=false, mKeyguardDrawComplete=true, mWindowManagerDrawComplete=true
04-22 23:40:55.942  5123  5164 I WindowManager: Finished screen turning on...
04-22 23:40:55.942  5123  5164 D DisplayPowerController: [api] WindowManagerPolicy.ScreenOnListener : called onScreenOn()
04-22 23:40:55.942  5123  5191 I DisplayPowerController: Unblocked screen on after 131 ms
04-22 23:40:55.942  5123  5191 D DisplayPowerController: animateScreenStateChange: target=2, targetInternal=2, dualScreenPolicy=-1
04-22 23:40:55.942  5123  5191 D DisplayPowerState: !@ ColorFade exit
04-22 23:40:55.942  5123  5191 D PowerManagerService: [input device light] onColorFadeExit(true)
04-22 23:40:55.942  5123  5191 I SurfaceControl: nativeRelease nativeObject s[497395397056]
04-22 23:40:55.942  5123  5191 I SurfaceControl: nativeRelease nativeObject e[497395397056]
04-22 23:40:55.943  4781  4797 I Layer   : id=80814 removeFromCurrentState ColorFade#0 (62)
04-22 23:40:55.944  4781  4797 I SurfaceFlinger: id=80814 Removed ColorFade#0 (62)
04-22 23:40:55.944  5123  5191 D DisplayPowerController: getFinalBrightness : Summary is  80 (0.31) ->  80 (0.31)
04-22 23:40:55.946 26412 26453 I HBD     : g onCapabilitiesChanged network : 755 current network state : wifi 
04-22 23:40:55.948  5123  5123 D NotificationService:      WAKELOCK/UP clear all delayed lists..
04-22 23:40:55.951  5123  5123 D SmartAlertController: ACTION_SCREEN_ON
04-22 23:40:55.954  4689  4769 D audio_hw_primary: device-adev_set_parameters: enter with key(screen_state=on)
04-22 23:40:55.955  4689  4769 I audio_hw_primary: device-adev_set_parameters: Screen State = on)
04-22 23:40:55.955  4689  4769 I audio_hw_primary_odm: odm_adev_set_parameters: enter with key()
04-22 23:40:55.958  5123  8903 D SemWifiSwitchForIndividualAppsService: stopTCPMonitoring : already stopped
04-22 23:40:55.959  5123  5323 D InputReader: Input event(4): value=0 when=444675.180052
04-22 23:40:55.959  5123  5323 D InputReader: !@notifyKey(116), action=1
04-22 23:40:55.959  5123  5323 D InputManager-JNI: !@interceptKeyBeforeQueueing(116), action=1, interactive=true
04-22 23:40:55.959  5123  5323 D PhoneWindowManagerExt: systemKeyEventRequested REMOVE_PASS
04-22 23:40:55.960  5123  5323 D WindowManager: interceptKeyTq s_result=8
04-22 23:40:55.960  5123  5323 D InputManager-JNI: !@handleInterceptActions(116), action=1, wmActions=0
04-22 23:40:55.963  5123  5123 D SamsungAlarmManager: Cancel Alarm calling from uid:1000 pid :5123 / L:2856c9d
04-22 23:40:55.964  5123  5123 I SamsungAlarmManager: setLocked to kernel - T:2 / 20220422T234127, set=3140320663, now=3140288748
04-22 23:40:55.964  5123  5123 I SamsungAlarmManager: setLocked to kernel - T:3 / 20220422T234100, set=3140292784, now=3140288748
04-22 23:40:55.974  5123  5123 D SemWifiSwitchForIndividualAppsService: ACTION_SCREEN_ON recieved
04-22 23:40:55.974  5123  5123 D SemWifiSwitchForIndividualAppsService: stopTCPMonitoring : already stopped
04-22 23:40:55.982  5123 19430 D WifiConnectivityMonitor.DnsPingerHandler: setCurrentLinkProperties: lp={InterfaceName: wlan0 LinkAddresses: [ fe80::64ad:c5ff:fea1:15ea/64,192.168.8.126/24,fd78:6256:10e9:3d00:64ad:c5ff:fea1:15ea/64,fd78:6256:10e9:3d00:ed5a:2841:b780:4e27/64 ] DnsAddresses: [ /192.168.8.1 ] Domains: null MTU: 0 ServerAddress: /192.168.8.1 TcpBufferSizes: 524288,1048576,4194304,524288,1048576,4194304 Routes: [ fe80::/64 -> :: wlan0 mtu 0,fd78:6256:10e9:3d00::/64 -> :: wlan0 mtu 0,192.168.8.0/24 -> 0.0.0.0 wlan0 mtu 0,0.0.0.0/0 -> 192.168.8.1 wlan0 mtu 0 ]}
04-22 23:40:55.982  5123  5123 D SemWifiApSmartBleScanner: Screen is ON, restarting scanning
04-22 23:40:55.982  5123  9698 I BluetoothAdapter: STATE_BLE_ON
04-22 23:40:55.982  5123  9698 I BluetoothAdapter: appoCount is = 0 G/S = 2/2
