04-22 23:40:58.353  5123  5297 D SdpManagerService: Not an enterprise user : 0
04-22 23:40:58.356  4407  4408 D tzdaemon: [ts] ======================================================
04-22 23:40:58.356  4407  4408 D tzdaemon: [ts] 	 msgToCommsAgent->cmd_group = 5
04-22 23:40:58.356  4407  4408 D tzdaemon: [ts] 	 msgToCommsAgent->szData = 36
04-22 23:40:58.356  4407  4408 D tzdaemon: [ts] ======================================================
04-22 23:40:58.356  4407  4408 D tzdaemon: [ts] 	 msgToCommsAgent->command = TS_CMD_READ_DATA
04-22 23:40:58.356  4407  4408 D tzdaemon: [ts] Received : TS_CMD_READ_DATA
04-22 23:40:58.356  4407  4408 D tzdaemon: [ts] UUID of the object owner is :  00000000-0000-0000-0000-474154454b45
04-22 23:40:58.356  4407  4408 D tzdaemon: [ts] Storage ID : -2147483648
04-22 23:40:58.356  4407  4408 D tzdaemon: [ts] Object path is  : /mnt/vendor/efs/tee/srt/00000000-0000-0000-0000-474154454b45/2147483648/968329b0/ 
04-22 23:40:58.356  4407  4408 D tzdaemon: [ts] Info offset is : 24 
04-22 23:40:58.356  4407  4408 D tzdaemon: [ts] Storage metadata offset is : 24 
04-22 23:40:58.356  4407  4408 D tzdaemon: [ts] Number of data chunks to read = 1 start-chunk = 0 chunk-size = 16428
04-22 23:40:58.356  4407  4408 D tzdaemon: [ts] szdata =  24 size = 0
04-22 23:40:58.356  4407  4408 D tzdaemon: [ts] Calculating size of /mnt/vendor/efs/tee/srt/00000000-0000-0000-0000-474154454b45/2147483648/968329b0/obj_info of type 1
04-22 23:40:58.356  4407  4408 D tzdaemon: [ts] Read resource /mnt/vendor/efs/tee/srt/00000000-0000-0000-0000-474154454b45/2147483648/968329b0/obj_info success, size: 128
04-22 23:40:58.357  4407  4408 D tzdaemon: [ts] szdata =  156 size = 0
04-22 23:40:58.357  4407  4408 D tzdaemon: [ts] szdata =  160 size = 4
04-22 23:40:58.357  4407  4408 D tzdaemon: [ts] Read resource /mnt/vendor/efs/tee/srt/00000000-0000-0000-0000-474154454b45/2147483648/968329b0/data_chunk success, size: 16428
04-22 23:40:58.357  4407  4408 D tzdaemon: [ts] szdata =  16600 size = 4
04-22 23:40:58.360  4407  4408 D tzdaemon: [ts] ======================================================
04-22 23:40:58.360  4407  4408 D tzdaemon: [ts] 	 msgToCommsAgent->cmd_group = 5
04-22 23:40:58.360  4407  4408 D tzdaemon: [ts] 	 msgToCommsAgent->szData = 36
04-22 23:40:58.360  4407  4408 D tzdaemon: [ts] ======================================================
04-22 23:40:58.360  4407  4408 D tzdaemon: [ts] 	 msgToCommsAgent->command = TS_CMD_READ_DATA
04-22 23:40:58.360  4407  4408 D tzdaemon: [ts] Received : TS_CMD_READ_DATA
04-22 23:40:58.360  4407  4408 D tzdaemon: [ts] UUID of the object owner is :  00000000-0000-0000-0000-474154454b45
04-22 23:40:58.361  4407  4408 D tzdaemon: [ts] Storage ID : -2147483648
04-22 23:40:58.361  4407  4408 D tzdaemon: [ts] Object path is  : /mnt/vendor/efs/tee/srt/00000000-0000-0000-0000-474154454b45/2147483648/968329b0/ 
04-22 23:40:58.361  4407  4408 D tzdaemon: [ts] Info offset is : 24 
04-22 23:40:58.361  4407  4408 D tzdaemon: [ts] Storage metadata offset is : 24 
04-22 23:40:58.361  4407  4408 D tzdaemon: [ts] Number of data chunks to read = 1 start-chunk = 0 chunk-size = 16428
04-22 23:40:58.361  4407  4408 D tzdaemon: [ts] szdata =  24 size = 0
04-22 23:40:58.361  4407  4408 D tzdaemon: [ts] Calculating size of /mnt/vendor/efs/tee/srt/00000000-0000-0000-0000-474154454b45/2147483648/968329b0/obj_info of type 1
04-22 23:40:58.361  4407  4408 D tzdaemon: [ts] Read resource /mnt/vendor/efs/tee/srt/00000000-0000-0000-0000-474154454b45/2147483648/968329b0/obj_info success, size: 128
04-22 23:40:58.361  4407  4408 D tzdaemon: [ts] szdata =  156 size = 0
04-22 23:40:58.361  4407  4408 D tzdaemon: [ts] szdata =  160 size = 4
04-22 23:40:58.361  4407  4408 D tzdaemon: [ts] Read resource /mnt/vendor/efs/tee/srt/00000000-0000-0000-0000-474154454b45/2147483648/968329b0/data_chunk success, size: 16428
04-22 23:40:58.361  4407  4408 D tzdaemon: [ts] szdata =  16600 size = 4
04-22 23:40:58.364  4407  4408 D tzdaemon: [ts] ======================================================
04-22 23:40:58.364  4407  4408 D tzdaemon: [ts] 	 msgToCommsAgent->cmd_group = 5
04-22 23:40:58.364  4407  4408 D tzdaemon: [ts] 	 msgToCommsAgent->szData = 16781
04-22 23:40:58.364  4407  4408 D tzdaemon: [ts] ======================================================
04-22 23:40:58.364  4407  4408 D tzdaemon: [ts] 	 msgToCommsAgent->command = TS_CMD_WRITE_DATA
04-22 23:40:58.364  4407  4408 D tzdaemon: [ts] Received : TS_CMD_WRITE_DATA
04-22 23:40:58.364  4407  4408 D tzdaemon: [ts] UUID of the object owner is :  00000000-0000-0000-0000-474154454b45
04-22 23:40:58.364  4407  4408 D tzdaemon: [ts] Storage ID : -2147483648
04-22 23:40:58.364  4407  4408 D tzdaemon: [ts] Object path is  : /mnt/vendor/efs/tee/srt/00000000-0000-0000-0000-474154454b45/2147483648/968329b0/ 
04-22 23:40:58.364  4407  4408 D tzdaemon: [ts] Info offset is : 24 
04-22 23:40:58.364  4407  4408 D tzdaemon: [ts] Storage metadata offset is : 24 
04-22 23:40:58.364  4407  4408 D tzdaemon: [ts] Object Info Size is 128
04-22 23:40:58.365  4407  4408 D tzdaemon: [ts] Object attributes size is   : 0 
04-22 23:40:58.365  4407  4408 D tzdaemon: [ts] Object number of data chunks   : 1 
04-22 23:40:58.365  4407  4408 D tzdaemon: [ts] Object write start chunk   : 0 
04-22 23:40:58.365  4407  4408 D tzdaemon: [ts] Object data chunk  size   : 16428 
04-22 23:40:58.365  4407  4408 D tzdaemon: [ts] Data offset is : 172 
04-22 23:40:58.365  4407  4408 D tzdaemon: [ts] Required direcories made successfully
04-22 23:40:58.367  4407  4408 D tzdaemon: [ts] Number of chunks = 1
04-22 23:40:58.369  9016  9016 D FaceWidgetContainer: setVisibility 4, callers = com.samsung.android.common.reflection.AbstractBaseReflection.invokeStaticMethod:461 com.samsung.android.common.reflection.os.RefDebug.getCallers:19 com.samsung.android.app.facewidget.FaceWidgetContainer.setVisibility:105 com.android.systemui.facewidget.plugin.FaceWidgetContainerWrapper.setVisibility:105 com.android.systemui.statusbar.phone.NotificationPanelViewController$11.run:2742 
04-22 23:40:58.370  4407  4408 D tzdaemon: [ts] chunks to /mnt/vendor/efs/tee/srt/00000000-0000-0000-0000-474154454b45/2147483648/968329b0/data_chunk written
04-22 23:40:58.370  4407  4408 D tzdaemon: [ts] flags = 1
04-22 23:40:58.370  4407  4408 D tzdaemon: [ts] Storage metadata offset is : 16600 
04-22 23:40:58.379  4407  4408 D tzdaemon: [ts] ======================================================
04-22 23:40:58.379  4407  4408 D tzdaemon: [ts] 	 msgToCommsAgent->cmd_group = 5
04-22 23:40:58.379  4407  4408 D tzdaemon: [ts] 	 msgToCommsAgent->szData = 36
04-22 23:40:58.379  4407  4408 D tzdaemon: [ts] ======================================================
04-22 23:40:58.379  4407  4408 D tzdaemon: [ts] 	 msgToCommsAgent->command = TS_CMD_READ_DATA
04-22 23:40:58.379  4407  4408 D tzdaemon: [ts] Received : TS_CMD_READ_DATA
04-22 23:40:58.379  4407  4408 D tzdaemon: [ts] UUID of the object owner is :  00000000-0000-0000-0000-474154454b45
04-22 23:40:58.379  4407  4408 D tzdaemon: [ts] Storage ID : -2147483648
04-22 23:40:58.379  4407  4408 D tzdaemon: [ts] Object path is  : /mnt/vendor/efs/tee/srt/00000000-0000-0000-0000-474154454b45/2147483648/968329b0/ 
04-22 23:40:58.379  4407  4408 D tzdaemon: [ts] Info offset is : 24 
04-22 23:40:58.379  4407  4408 D tzdaemon: [ts] Storage metadata offset is : 24 
04-22 23:40:58.379  4407  4408 D tzdaemon: [ts] Number of data chunks to read = 1 start-chunk = 0 chunk-size = 16428
04-22 23:40:58.379  4407  4408 D tzdaemon: [ts] szdata =  24 size = 0
04-22 23:40:58.379  4407  4408 D tzdaemon: [ts] Calculating size of /mnt/vendor/efs/tee/srt/00000000-0000-0000-0000-474154454b45/2147483648/968329b0/obj_info of type 1
04-22 23:40:58.379  4407  4408 D tzdaemon: [ts] Read resource /mnt/vendor/efs/tee/srt/00000000-0000-0000-0000-474154454b45/2147483648/968329b0/obj_info success, size: 128
04-22 23:40:58.380  4407  4408 D tzdaemon: [ts] szdata =  156 size = 0
04-22 23:40:58.380  4407  4408 D tzdaemon: [ts] szdata =  160 size = 4
04-22 23:40:58.380  4407  4408 D tzdaemon: [ts] Read resource /mnt/vendor/efs/tee/srt/00000000-0000-0000-0000-474154454b45/2147483648/968329b0/data_chunk success, size: 16428
04-22 23:40:58.380  4407  4408 D tzdaemon: [ts] szdata =  16600 size = 4
04-22 23:40:58.383  4407  4408 D tzdaemon: [ts] ======================================================
04-22 23:40:58.383  4407  4408 D tzdaemon: [ts] 	 msgToCommsAgent->cmd_group = 5
04-22 23:40:58.383  4407  4408 D tzdaemon: [ts] 	 msgToCommsAgent->szData = 16781
04-22 23:40:58.383  4407  4408 D tzdaemon: [ts] ======================================================
04-22 23:40:58.383  4407  4408 D tzdaemon: [ts] 	 msgToCommsAgent->command = TS_CMD_WRITE_DATA
04-22 23:40:58.383  4407  4408 D tzdaemon: [ts] Received : TS_CMD_WRITE_DATA
04-22 23:40:58.383  4407  4408 D tzdaemon: [ts] UUID of the object owner is :  00000000-0000-0000-0000-474154454b45
04-22 23:40:58.383  4407  4408 D tzdaemon: [ts] Storage ID : -2147483648
04-22 23:40:58.383  4407  4408 D tzdaemon: [ts] Object path is  : /mnt/vendor/efs/tee/srt/00000000-0000-0000-0000-474154454b45/2147483648/968329b0/ 
04-22 23:40:58.383  4407  4408 D tzdaemon: [ts] Info offset is : 24 
04-22 23:40:58.383  4407  4408 D tzdaemon: [ts] Storage metadata offset is : 24 
04-22 23:40:58.383  4407  4408 D tzdaemon: [ts] Object Info Size is 128
04-22 23:40:58.383  4407  4408 D tzdaemon: [ts] Object attributes size is   : 0 
04-22 23:40:58.383  4407  4408 D tzdaemon: [ts] Object number of data chunks   : 1 
04-22 23:40:58.383  4407  4408 D tzdaemon: [ts] Object write start chunk   : 0 
04-22 23:40:58.383  4407  4408 D tzdaemon: [ts] Object data chunk  size   : 16428 
04-22 23:40:58.384  4407  4408 D tzdaemon: [ts] Data offset is : 172 
04-22 23:40:58.384  4407  4408 D tzdaemon: [ts] Required direcories made successfully
04-22 23:40:58.387  4407  4408 D tzdaemon: [ts] Number of chunks = 1
04-22 23:40:58.389  4407  4408 D tzdaemon: [ts] chunks to /mnt/vendor/efs/tee/srt/00000000-0000-0000-0000-474154454b45/2147483648/968329b0/data_chunk written
04-22 23:40:58.389  4407  4408 D tzdaemon: [ts] flags = 1
04-22 23:40:58.389  4407  4408 D tzdaemon: [ts] Storage metadata offset is : 16600 
04-22 23:40:58.395  4831  4831 D keystore: AddAuthenticationToken: timestamp = 1516938423099, time_received = 444677
04-22 23:40:58.396  4894  4894 I gatekeeperd: !@verify ret = 0, uid = 0, type = T
04-22 23:40:58.397  5123  5297 I LockSettingsService: Unlocking user 0 with secret only, length 136
04-22 23:40:58.399  5123  5297 D LockSettingsService: unlockUser finished
04-22 23:40:58.401  5123  5297 W ActivityManager: UserLifecycleEvent 5 received without an active userJourneySession.
04-22 23:40:58.402  5123  5297 D ActivityManager: UserController event: finishUserUnlocking(0)
04-22 23:40:58.402  5123  5297 D LockSettingsService: unlockUser finished
04-22 23:40:58.405  5123  5297 D SdpManagerService: Not an enterprise user : 0
04-22 23:40:58.407  5123  5297 D EnterpriseDeviceManagerService: isMdmAdminPresentAsUser() : MDM Admin is not present.
04-22 23:40:58.407  5123  5297 I LockSettingsService: Disabling escrow token on user 0
04-22 23:40:58.408  5123  5297 D SdpManagerService: Not an enterprise user : 0
04-22 23:40:58.408  5123  5297 D SdpManagerService: Not an enterprise user : 0
04-22 23:40:58.409  5123  5123 D SamsungAlarmManager: Cancel Alarm calling from uid:1000 pid :5123 / L:f355ead
04-22 23:40:58.409  5123  5297 D SDPLog  : Result of verification of user 0 : Success
04-22 23:40:58.409  5123  5297 D SdpManagerService: Not an enterprise user : 0
04-22 23:40:58.410  5123  5123 I SamsungAlarmManager: setLocked to kernel - T:2 / 20220422T234421, set=3140494650, now=3140291193
04-22 23:40:58.410  5123  5123 I SamsungAlarmManager: setLocked to kernel - T:3 / 20220422T234100, set=3140292784, now=3140291193
04-22 23:40:58.411  5123  5123 D SamsungAlarmManager: setInexact (T:3/F:8/AC:false) 20220425T234058 now=3140291194 - CU:1000/CP:5123/L:f355ead:LockSettingsStrongAuth.timeoutForUser
04-22 23:40:58.411  5123  5123 I SamsungAlarmManager: setLocked to kernel - T:2 / 20220422T234421, set=3140494650, now=3140291194
04-22 23:40:58.411  5123  5123 I SamsungAlarmManager: setLocked to kernel - T:3 / 20220422T234100, set=3140292784, now=3140291194
04-22 23:40:58.535  9016  9016 E KeyguardViewMediator: mHideAnimationFinishedRunnable#run
04-22 23:40:58.536  9016  9016 D KeyguardViewMediator: tryKeyguardDone: pending - false, animRan - true animRunning - false
04-22 23:40:58.536  9016  9016 I SemDvfsHyPerManager: acquire hyper - UNLOCKSCREEN_CPU_BOOSTER/9016@2, type = 301993985
04-22 23:40:58.536  9016  9016 D KeyguardUnlockInfo: 310405: PIN TRIGGER_SWIPE
04-22 23:40:58.536  9016  9016 D KeyguardViewMediator: handleKeyguardDone
04-22 23:40:58.536  9016  9016 D KeyguardViewMediator: handleHide
04-22 23:40:58.536  9016  9016 D KeyguardViewMediator: keyguardGoingAway
04-22 23:40:58.537  9016  9016 D KeyguardUpdateMonitor: setKeyguardGoingAway( false -> true )
04-22 23:40:58.537  9016  9016 D KeyguardUpdateMonitor: updateBiometricListeningState()
04-22 23:40:58.537  4714  4758 I HYPER-HAL: [RequestManager.cpp]acquire(): Acquired ID : 40666673  [9016 / 2]    HINT :      list : [CPUMinFreq / 1053000] [TIMEOUT / 1000] 
04-22 23:40:58.537  9016  9016 D KeyguardViewMediator: keyguardGoingAway flags=0x0
04-22 23:40:58.537  5123  5297 D SdpManagerService: Not an enterprise user : 0
04-22 23:40:58.537  4714  4758 I HYPER-HAL: [ResourceManager.cpp]updateResource(): [CPUMinFreq] UpdateResource Request ID : 40666673    Value : 1053000
04-22 23:40:58.537  5123 10449 D ActivityTaskManager: keyguardGoingAway, fl=0x0
04-22 23:40:58.537  5123  5297 D SdpManagerService: Not an enterprise user : 0
04-22 23:40:58.538  5123  5123 D SdpManagerService: Not an enterprise user : 0
04-22 23:40:58.538  5123  5123 D SdpManagerService: Not an enterprise user : 0
04-22 23:40:58.538  5123 10449 D ActivityTaskManager: Top Process State changed to PROCESS_STATE_TOP
04-22 23:40:58.539  5123 10449 D MARsPolicyManager: onPackageResumedFG pkgName = com.sec.android.app.launcher, userId = 0
04-22 23:40:58.540  5123  5123 D SdpManagerService: onDeviceLocked : User 0
04-22 23:40:58.540  5123  9312 D SdpManagerService: Not an enterprise user : 0
04-22 23:40:58.540  5123  5123 D SdpManagerService: Not an enterprise user : 0
04-22 23:40:58.540  5123  9312 D SdpManagerService: Not an enterprise user : 0
04-22 23:40:58.540  5123  5123 D SdpManagerService: Not an enterprise user : 0
04-22 23:40:58.541  5123  5123 D SdpManagerService: Not an enterprise user : 0
04-22 23:40:58.542  5123  5123 D SdpManagerService: onDeviceLocked : User 0
04-22 23:40:58.542  5123  5123 D SdpManagerService: Not an enterprise user : 0
04-22 23:40:58.542  5123 10449 D WindowManager: rotationForOrientation, orientationSource=ActivityRecord{534e249 u0 com.sec.android.app.launcher/.activities.LauncherActivity t16762}
04-22 23:40:58.544  5123 10449 D TspStateManager: updateCustomValue customSetting=
04-22 23:40:58.544  5123 10449 D TspStateManager: updateCustomValue customSetting=
04-22 23:40:58.546  5123 10449 D MARsPolicyManager: onPackageResumedFG pkgName = com.sec.android.app.launcher, userId = 0
04-22 23:40:58.547  5123 10449 W WindowManager: Execute app transition: mNextAppTransition=TRANSIT_KEYGUARD_GOING_AWAY, displayId: 0 Callers=com.android.server.wm.RootWindowContainer.executeAppTransitionForAllDisplay:2599 com.android.server.wm.ActivityStackSupervisor.reportResumedActivityLocked:2274 com.android.server.wm.ActivityRecord.completeResumeLocked:5710 com.android.server.wm.ActivityStack.resumeTopActivityInnerLocked:2434 com.android.server.wm.ActivityStack.resumeTopActivityUncheckedLocked:1873 
04-22 23:40:58.548  5123 10449 W WindowManager: Execute app transition: mNextAppTransition=TRANSIT_KEYGUARD_GOING_AWAY, displayId: 0 Callers=com.android.server.wm.ActivityStack.executeAppTransition:4054 com.android.server.wm.RootWindowContainer.resumeFocusedStacksTopActivities:2703 com.android.server.wm.RootWindowContainer.resumeFocusedStacksTopActivities:2665 com.android.server.wm.KeyguardController.keyguardGoingAway:255 com.android.server.wm.ActivityTaskManagerService.keyguardGoingAway:4962 
04-22 23:40:58.548  5123 10449 W WindowManager: Execute app transition: mNextAppTransition=TRANSIT_KEYGUARD_GOING_AWAY, displayId: 0 Callers=com.android.server.wm.ActivityStack.executeAppTransition:4054 com.android.server.wm.ActivityStack.resumeTopActivityInnerLocked:1994 com.android.server.wm.ActivityStack.resumeTopActivityUncheckedLocked:1873 com.android.server.wm.RootWindowContainer.resumeFocusedStacksTopActivities:2732 com.android.server.wm.RootWindowContainer.resumeFocusedStacksTopActivities:2665 
04-22 23:40:58.549  5123 10449 W WindowManager: Execute app transition: mNextAppTransition=TRANSIT_KEYGUARD_GOING_AWAY, displayId: 0 Callers=com.android.server.wm.WindowManagerService.executeAppTransition:3234 com.android.server.wm.KeyguardController.keyguardGoingAway:272 com.android.server.wm.ActivityTaskManagerService.keyguardGoingAway:4962 android.app.IActivityTaskManager$Stub.onTransact:3275 android.os.Binder.execTransactInternal:1195 
04-22 23:40:58.560  9254  9254 I SurfaceControl: assignNativeObject: nativeObject = 0 Surface(name=null)/@0x544add8 / android.view.SurfaceControl.readFromParcel:1117 android.view.IWindowSession$Stub$Proxy.relayout:1810 android.view.ViewRootImpl.relayoutWindow:9005 android.view.ViewRootImpl.performTraversals:3360 android.view.ViewRootImpl.doTraversal:2618 android.view.ViewRootImpl$TraversalRunnable.run:9971 android.view.Choreographer$CallbackRecord.run:1010 android.view.Choreographer.doCallbacks:809 android.view.Choreographer.doFrame:744 android.view.Choreographer$FrameDisplayEventReceiver.run:995 
04-22 23:40:58.560  9254  9254 I SurfaceControl: assignNativeObject: nativeObject = 0 Surface(name=null)/@0xdacc6c0 / android.view.SurfaceControl.readFromParcel:1117 android.view.IWindowSession$Stub$Proxy.relayout:1820 android.view.ViewRootImpl.relayoutWindow:9005 android.view.ViewRootImpl.performTraversals:3360 android.view.ViewRootImpl.doTraversal:2618 android.view.ViewRootImpl$TraversalRunnable.run:9971 android.view.Choreographer$CallbackRecord.run:1010 android.view.Choreographer.doCallbacks:809 android.view.Choreographer.doFrame:744 android.view.Choreographer$FrameDisplayEventReceiver.run:995 
04-22 23:40:58.561  9254  9254 I SurfaceControl: nativeRelease nativeObject s[497652280992]
04-22 23:40:58.561  9254  9254 I SurfaceControl: nativeRelease nativeObject e[497652280992]
04-22 23:40:58.561  9254  9254 I ViewRootImpl@4f4f28e[LauncherActivity]: Relayout returned: old=(0,0,720,1600) new=(0,0,720,1600) req=(720,1600)4 dur=6 res=0x1 s={false 0} ch=false fn=-1
04-22 23:40:58.562  5123  5166 I ActivityManager: Changes in 10068 5 to 2, 0 to 7 Caller=com.android.server.am.OomAdjuster.updateOomAdjLockedInner:672 com.android.server.am.OomAdjuster.updateOomAdjLocked:416 com.android.server.am.ActivityManagerService.updateOomAdjLocked:21535 com.android.server.am.ActivityManagerService$LocalService.updateOomAdj:22819 com.android.server.wm.ActivityTaskManagerService$2.run:922 android.os.Handler.handleCallback:938 android.os.Handler.dispatchMessage:99 
04-22 23:40:58.562  5123  5166 I AppOps  : updateUidProcState uid: 10068 procState: 2 capability:7
04-22 23:40:58.562  5123  5166 I AppOps  : commitUidPendingStateLocked() :: UID - 10068, 500 > 200, 0 > 7
04-22 23:40:58.562  9254  9254 I ViewRootImpl@4f4f28e[LauncherActivity]: stopped(false) old=true
04-22 23:40:58.563  9254  9254 W LauncherAppWidgetHost: setListenIfResumed, mFlags = 2
04-22 23:40:58.564  5123  9312 I AppWidgetServiceImpl: startListening callbacks : com.android.internal.appwidget.IAppWidgetHost$Stub$Proxy@7aed2f0
04-22 23:40:58.565  5123  5166 I GameSDK@LifeCycle: noteResumeComponent(): package name  : com.sec.android.app.launcher
04-22 23:40:58.566  5123  5123 I CocktailBarManagerServiceContainer: handleMessage: entry what = 5
04-22 23:40:58.566  5123  5123 I CocktailBarManagerServiceImpl: changeVisibleEdgeService : no active host
04-22 23:40:58.569  5123  5166 D GameManagerService: noteResumeComponent(), received resumed-component: com.sec.android.app.launcher
04-22 23:40:58.569  5123  5326 D GameManagerService: onLooperPrepared(), msg: MSG_APP_RESUME, resumeComponent: ComponentInfo{com.sec.android.app.launcher/com.android.launcher3.uioverrides.QuickstepLauncher}
04-22 23:40:58.569  5123  5326 D GameManagerService: handleResume().
04-22 23:40:58.569  5123  5326 D GameManagerService:NetworkLimit: callRelease
04-22 23:40:58.569  5123  5326 D GM:SystemHelper: callReleaseBlock needReleaseBlock:false
04-22 23:40:58.569  5123  5326 D GameManagerService:   handleResume(). device is locked yet. ignore
04-22 23:40:58.575  5123  9312 I AppOps  : updateUidProcState uid: 10189 procState: 3 capability:7
04-22 23:40:58.577  9254  9254 I LiveIconViewUpdater: onUpdateLiveIcon 43
04-22 23:40:58.578  9254  9254 E libprocessgroup: set_timerslack_ns write failed: Operation not permitted
04-22 23:40:58.578  9254  9254 I LiveIconViewUpdater: onUpdateLiveIcon 39
04-22 23:40:58.578  9254  9254 I WallpapersButton: updateVisibility - mWallpaperType : 0
04-22 23:40:58.578  9254  9254 I ThemesButton: updateVisibility - sThemeStoreType : 1
04-22 23:40:58.578  9254  9254 I LiveIconViewUpdater: onUpdateLiveIcon 63
04-22 23:40:58.578  9254  9254 I LiveIconViewUpdater: onUpdateLiveIcon 66
04-22 23:40:58.578  9254  9254 I ViewRootImpl@4f4f28e[LauncherActivity]: stopped(false) old=false
04-22 23:40:58.579  9254  9254 I Launcher: !@Boot_DEBUG: Launcher.onResume()
04-22 23:40:58.579  9254  9254 I Launcher: !@Boot_EBS_D: Launcher.onResume()
04-22 23:40:58.580  9254  9661 I Launcher: DisplayMetrics from Resources : DisplayMetrics{density=1.75, width=720, height=1448, scaledDensity=1.9250001, xdpi=265.043, ydpi=267.368}
04-22 23:40:58.580  9254  9661 I Launcher: realMetrics from Wm : DisplayMetrics{density=1.75, width=720, height=1600, scaledDensity=1.75, xdpi=265.043, ydpi=267.368}
04-22 23:40:58.580  9254  9661 I Launcher: DeviceProfile, isLand : false, isMultiWin :false, availableWidthPx : 720, availableHeightPx : 1516
04-22 23:40:58.581  9254  9321 I SPayUpdater: updateSpayHandler, show = true, defaultPage = true
04-22 23:40:58.582  9254  9254 I Launcher: setWallpaperOffsets
04-22 23:40:58.582  5123  5123 I Pageboost: package null
04-22 23:40:58.583  9642  9642 E pageboostd: Received HALT command code 2
04-22 23:40:58.587  5123  5297 D WindowManager: isScreenshotDisabledLocked - win: Window{e0fb1b u0 com.sec.android.app.launcher/com.sec.android.app.launcher.activities.LauncherActivity}
04-22 23:40:58.587  5123  5297 D WindowManager: isScreenshotDisabledLocked: userId = 0, disabled =false
04-22 23:40:58.588  4781  5201 I SurfaceFlinger: id=80820 createSurf (720x1600),1 flag=4, com.sec.android.app.launcher/com.sec.android.app.launcher.activities.LauncherActivity$_9254#0
04-22 23:40:58.588  5123  5297 D WindowManager: makeSurface duration=1 name=com.sec.android.app.launcher/com.sec.android.app.launcher.activities.LauncherActivity$_9254
04-22 23:40:58.592  5123  5297 I SurfaceControl: nativeRelease nativeObject s[495399492608]
04-22 23:40:58.592  5123  5297 I SurfaceControl: nativeRelease nativeObject e[495399492608]
04-22 23:40:58.594  9254  9254 I SurfaceControl: assignNativeObject: nativeObject = 0 Surface(name=null)/@0xdacc6c0 / android.view.SurfaceControl.readFromParcel:1117 android.view.IWindowSession$Stub$Proxy.relayout:1820 android.view.ViewRootImpl.relayoutWindow:9005 android.view.ViewRootImpl.performTraversals:3360 android.view.ViewRootImpl.doTraversal:2618 android.view.ViewRootImpl$TraversalRunnable.run:9971 android.view.Choreographer$CallbackRecord.run:1010 android.view.Choreographer.doCallbacks:809 android.view.Choreographer.doFrame:744 android.view.Choreographer$FrameDisplayEventReceiver.run:995 
04-22 23:40:58.594  9254  9254 I SurfaceControl: nativeRelease nativeObject s[497548419424]
04-22 23:40:58.595  9254  9254 I SurfaceControl: nativeRelease nativeObject e[497548419424]
04-22 23:40:58.595  9254  9254 I ViewRootImpl@4f4f28e[LauncherActivity]: Relayout returned: old=(0,0,720,1600) new=(0,0,720,1600) req=(720,1600)0 dur=10 res=0x7 s={true 494835830784} ch=true fn=-1
04-22 23:40:58.597  4697 10288 D gralloc : [mali_gralloc_allocate] begin
04-22 23:40:58.597  4697 10288 D gralloc : buffer_descriptor: wh(720 1600) usage_pc(0x40000000000b00 0x40000000000b00) hal_format(0x1) layer_count(1) sizes(0 0 0) strde(0) byte_stride(0) alloc_wh(0 0) internal_format(0x0) alloc_format(0x0) fd_count(1) plane_count(0)
04-22 23:40:58.599  4697 10288 D gralloc : [mali_gralloc_allocate] allocation successful
04-22 23:40:58.599  4697 10288 D gralloc : [mali_gralloc_allocate] begin
04-22 23:40:58.599  4697 10288 D gralloc : buffer_descriptor: wh(720 1600) usage_pc(0x40000000000b00 0x40000000000b00) hal_format(0x1) layer_count(1) sizes(0 0 0) strde(0) byte_stride(0) alloc_wh(0 0) internal_format(0x0) alloc_format(0x0) fd_count(1) plane_count(0)
04-22 23:40:58.601  4697 10288 D gralloc : [mali_gralloc_allocate] allocation successful
04-22 23:40:58.601  4697  4697 D gralloc : [mali_gralloc_allocate] begin
04-22 23:40:58.601  4697  4697 D gralloc : buffer_descriptor: wh(720 1600) usage_pc(0x40000000000b00 0x40000000000b00) hal_format(0x1) layer_count(1) sizes(0 0 0) strde(0) byte_stride(0) alloc_wh(0 0) internal_format(0x0) alloc_format(0x0) fd_count(1) plane_count(0)
04-22 23:40:58.603  4697  4697 D gralloc : [mali_gralloc_allocate] allocation successful
04-22 23:40:58.622  5123  5297 D WindowManager: finishDrawingWindow: Window{e0fb1b u0 com.sec.android.app.launcher/com.sec.android.app.launcher.activities.LauncherActivity} mDrawState=DRAW_PENDING
04-22 23:40:58.624  9016 10182 D WallpaperService: dispatchAppVisibility onVisibilityChanged(): true
04-22 23:40:58.624  9016  9016 D WallpaperService: updateSurface forceRelayout=true forceReport=false redrawNeeded=false myWidth=1600 myHeight=1600 fixedSize=true x = 0 y = 0 mWidth=1600 mHeight=1600 mIsSleepMode=false
04-22 23:40:58.624  9016  9016 D WallpaperService: mDeviceHeight : 1600, mDeviceWidth : 720,mDeviceRotation  : 0
04-22 23:40:58.625  9254  9254 E libprocessgroup: set_timerslack_ns write failed: Operation not permitted
04-22 23:40:58.628  5123  5167 I WindowManager: Reparenting to leash, surface=Surface(name=DefaultTaskDisplayArea)/@0xaa4ec6a, leashParent=Surface(name=DisplayArea.Root)/@0x8ee1121
04-22 23:40:58.629  4781  5412 I SurfaceFlinger: id=80821 createSurf (0x0),-1 flag=24004, Surface(name=DefaultTaskDisplayArea)/@0xaa4ec6a - animation-leash#0
04-22 23:40:58.630  5123  5167 D WindowManager: makeSurface duration=1 leash=Surface(name=Surface(name=DefaultTaskDisplayArea)/@0xaa4ec6a - animation-leash)/@0xf2b51ab
04-22 23:40:58.630  9254  9254 W Launcher.NotificationListener: setNotificationsChangedListener connected : true
04-22 23:40:58.630  9254  9254 I BadgeCountUpdaterImpl: onNotificationsChangedConnected
04-22 23:40:58.631  9254  9254 I Launcher.NotificationListener: registerObserver this is not notificationService!!
04-22 23:40:58.631  9254  9322 I InstallPairAppsReceiver: Pair apps key is null
04-22 23:40:58.631  9254  9254 I Launcher.NotificationListener: onNotificationFullRefresh
04-22 23:40:58.631  9254  9254 I LiveIconUpdateEventHandler: registerDateChangedReceiver
04-22 23:40:58.631  5123  5167 D PkgPredictorService: pkg:com.sec.android.app.launcher activity:com.sec.android.app.launcher.activities.LauncherActivity thisTime:-1
04-22 23:40:58.632  5123  5167 D WindowManager: Starting keyguard exit animation, transit=TRANSIT_KEYGUARD_GOING_AWAY_ON_WALLPAPER, caller=com.android.server.policy.PhoneWindowManager$7.onAppTransitionStartingLocked:2300 com.android.server.wm.AppTransition.notifyAppTransitionStartingLocked:578 com.android.server.wm.AppTransition.goodToGo:482 com.android.server.wm.AppTransitionController.handleAppTransitionReady:253 com.android.server.wm.RootWindowContainer.checkAppTransitionReady:1251 com.android.server.wm.RootWindowContainer.performSurfacePlacementNoTrace:1031 com.android.server.wm.RootWindowContainer.performSurfacePlacement:958 com.android.server.wm.WindowSurfacePlacer.performSurfacePlacementLoop:182 com.android.server.wm.WindowSurfacePlacer.performSurfacePlacement:131 
04-22 23:40:58.632  5123  5167 D WindowManager: PWM.startKeyguardExitAnimation, startTime=444677853, fadeoutDuration=500
04-22 23:40:58.633  9016 10182 D KeyguardViewMediator: startKeyguardExitAnimation time=444677853, duration=500
04-22 23:40:58.633  9254  9322 I Launcher.NotificationListener: Full refresh isConnected : true active size : 0
04-22 23:40:58.633  9016 10182 D KeyguardSysDumpTrigger: cancel
04-22 23:40:58.634  9016 10182 I WallpaperService:  BaseIWindow resized : false
04-22 23:40:58.635  9254  9254 I LiveIconUpdateEventHandler: cancelDateChangeAlarm
04-22 23:40:58.635  5123 11033 D SamsungAlarmManager: Cancel Alarm calling from uid:10068 pid :9254 / OP:PendingIntent{9cb5d87: PendingIntentRecord{f8024b4 com.sec.android.app.launcher broadcastIntent}}
04-22 23:40:58.637  9254  9254 I LiveIconUpdateEventHandler: setDateChangeAlarm
04-22 23:40:58.638  5123  5164 D WindowManager: rotationForOrientation, orientationSource=ActivityRecord{534e249 u0 com.sec.android.app.launcher/.activities.LauncherActivity t16762}
04-22 23:40:58.638  5123 11033 D SamsungAlarmManager: setInexact (T:0/F:0/AC:false) 20220423T000000 now=3140291422 - CU:10068/CP:9254/OP:PendingIntent{bf6a8dd: PendingIntentRecord{f8024b4 com.sec.android.app.launcher broadcastIntent}}
04-22 23:40:58.639  5123 11033 I SamsungAlarmManager: setLocked to kernel - T:2 / 20220422T234421, set=3140494650, now=3140291422
04-22 23:40:58.639  5123 11033 I SamsungAlarmManager: setLocked to kernel - T:3 / 20220422T234100, set=3140292784, now=3140291422
04-22 23:40:58.639  9254  9254 I LiveIconUpdateEventHandler: updateLiveIcon type:0
04-22 23:40:58.639  9254  9254 I LiveIconViewUpdater: onUpdateLiveIcon 39
04-22 23:40:58.639  9254  9254 E libprocessgroup: set_timerslack_ns write failed: Operation not permitted
04-22 23:40:58.640  9254  9254 I LiveIconViewUpdater: onUpdateLiveIcon 63
04-22 23:40:58.641  9254  9254 I LiveIconUpdateEventHandler: cancelMinuteChangeAlarm
04-22 23:40:58.641  5123 11033 D SamsungAlarmManager: Cancel Alarm calling from uid:10068 pid :9254 / OP:PendingIntent{7676c52: PendingIntentRecord{3764b23 com.sec.android.app.launcher broadcastIntent}}
04-22 23:40:58.642  4781  4781 D SurfaceFlinger: Display 0 HWC layers:
04-22 23:40:58.642  4781  4781 D SurfaceFlinger:      DEVICE | 0x7a61c416c0 | 0002 | RGBx_8888    |  440.0    0.0 1160.0 1600.0 |    0    0  720 1600 | com.android.systemui.ImageWallpaper$_9016#0
04-22 23:40:58.642  4781  4781 D SurfaceFlinger:      DEVICE | 0x7ae5d56dc0 | 0000 | RGBA_8888    |    0.0    0.0  720.0   68.0 |    0    0  720   68 | StatusBar$_9016#0
04-22 23:40:58.642  4781  4781 D SurfaceFlinger:      CLIENT | 0x7a31549dc0 | 0000 | RGBA_8888    |    0.0    0.0  720.0 1600.0 |    0    0  720 1600 | NotificationShade$_9016#0
04-22 23:40:58.642  4781  4781 D SurfaceFlinger:      CLIENT | 0x7ae5d5a4c0 | 0000 | RGBA_8888    |    0.0    0.0  720.0   84.0 |    0 1516  720 1600 | NavigationBar0$_9016#0
04-22 23:40:58.642  4781  4781 D SurfaceFlinger:      DEVICE | 0x7a31549500 | 0008 | RGBA_8888    |    0.0    0.0  720.0 1600.0 |    0    0  720 1600 | $_9016#0
04-22 23:40:58.642  4781  4781 D SurfaceFlinger: 
04-22 23:40:58.643  9254  9254 I LiveIconUpdateEventHandler: setMinuteChangeAlarm
04-22 23:40:58.645  5123 11033 D SamsungAlarmManager: setInexact (T:1/F:0/AC:false) 20220422T234100 now=3140291428 - CU:10068/CP:9254/OP:PendingIntent{454d820: PendingIntentRecord{3764b23 com.sec.android.app.launcher broadcastIntent}}
04-22 23:40:58.645  5123 11033 I SamsungAlarmManager: setLocked to kernel - T:2 / 20220422T234421, set=3140494650, now=3140291428
04-22 23:40:58.645  5123 11033 I SamsungAlarmManager: setLocked to kernel - T:3 / 20220422T234100, set=3140292784, now=3140291428
04-22 23:40:58.645  9254  9322 I AppIconSolution: has_icon_container is maintained so ignore icon processing, pkg = com.sec.android.app.clockpackage
04-22 23:40:58.645  9254  9322 I ApplicationPackageManager: we has com.sec.android.app.clockpackage class. reuse it 
04-22 23:40:58.645  9254  9322 I LiveIconUtil: getLiveIcon was called in ClockPackage
04-22 23:40:58.646  5123  5297 I SurfaceControl: nativeRelease nativeObject s[495399492608]
04-22 23:40:58.646  5123  5297 I SurfaceControl: nativeRelease nativeObject e[495399492608]
04-22 23:40:58.646  9254  9322 I LiveIconUtil: getLiveIcon res = com.sec.android.app.clockpackage
04-22 23:40:58.647  9254  9254 I PopupDataProvider: onNotificationFullRefresh prev dotInfoSize : 0
04-22 23:40:58.647  9016  9016 I SurfaceControl: assignNativeObject: nativeObject = 0 Surface(name=null)/@0xa935ec9 / android.view.SurfaceControl.readFromParcel:1117 android.view.IWindowSession$Stub$Proxy.relayout:1820 android.service.wallpaper.WallpaperService$Engine.updateSurface:1185 android.service.wallpaper.WallpaperService$Engine.reportVisibility:1512 android.service.wallpaper.WallpaperService$Engine.doVisibilityChanged:1489 android.service.wallpaper.WallpaperService$IWallpaperEngineWrapper.executeMessage:1870 com.android.internal.os.HandlerCaller$MyHandler.handleMessage:44 android.os.Handler.dispatchMessage:106 android.os.Looper.loop:246 android.app.ActivityThread.main:8633 
04-22 23:40:58.647  9016  9016 I SurfaceControl: nativeRelease nativeObject s[495383037184]
04-22 23:40:58.647  9016  9016 I SurfaceControl: nativeRelease nativeObject e[495383037184]
04-22 23:40:58.647  9016  9016 D WallpaperService: updateSurface redrawNeeded=false didSurface=false
04-22 23:40:58.648  9016  9016 D WallpaperService: reportVisibility onVisibilityChanged visible: true
04-22 23:40:58.648  9016  9079 I ImageWallpaper:  onVisibilityChanged true , 0
04-22 23:40:58.648  9016  9079 I ImageWallpaperRenderer:  updateWallpaperOffset 0
04-22 23:40:58.648  9016  9016 D KeyguardViewMediator: handleMessage 12
04-22 23:40:58.648  9016  9016 D KeyguardViewMediator: handleStartKeyguardExitAnimation startTime=444677853 fadeoutDuration=500
04-22 23:40:58.648  9254  9322 I LiveIconUtil: stdIconSize : 84 , targetIconSize : 101
04-22 23:40:58.648  9254  9322 I LiveIconUtil: mIconDpi : 480 , mTargetIconDpi : 280
04-22 23:40:58.648  5123  9071 D WALLPAPER_SVC:WallpaperManagerService: getWallpaperSafeLocked, userId = 0, which = 1, caller = com.android.server.wallpaper.WallpaperManagerService.semGetWallpaperType:5544 
04-22 23:40:58.648  5123  9071 D WallpaperManagerService: which : 1, return type : 0 (called by userId= 0)
04-22 23:40:58.648  9016  9079 I ImageWallpaperRenderer:  updateWallpaperOffset lastCropOffset 0 wp Type , 0 , rotation == 0
04-22 23:40:58.648  9016  9079 I ImageWallpaperRenderer:  Wallpaper do not change Display offset 0
04-22 23:40:58.648  9016  9154 I AudioManager: getParameters keys = g_volume_situation_key;type=7;device=0
04-22 23:40:58.648  9016  9016 I KeyguardViewMediator: updateActivityLockScreenState false false
04-22 23:40:58.648  9016  9016 D KeyguardVisibleMonitor: start needsExpand=false
04-22 23:40:58.649  4762 10323 I VolumeCustomizer: getSituationVolume_legacy: deviceType 0x0
04-22 23:40:58.649  9016  9016 D StatusBar: disable<e i a s b H R c s k t > disable2<q i n >
04-22 23:40:58.649  9016  9154 D KeyguardViewMediator: playSound 2
04-22 23:40:58.649  9016  9016 I KeyguardWallpaperController: setKeyguardShowing() showing:false, mIsPendingTypeChange:false, mOccluded:false
04-22 23:40:58.649  9016  9016 D KeyguardWallpaperController: mIsKeyguardShowing=false, mOccluded=false, match_parent=true
04-22 23:40:58.649  9016  9016 D KeyguardWallpaperController: mWallpaperView.onPause() visibility = 0 shouldControlScreenOff = false
04-22 23:40:58.650  9016  9016 D KeyguardImageWallpaper: updateDrawState: [false]
04-22 23:40:58.650  9016  9016 D KeyguardViewMediator: adjustStatusBarLocked: mShowing=false mOccluded=false isSecure=true force=false showHomeOverLock=true gestureNaviMode=false --> flags=0x0
04-22 23:40:58.651  9016  9016 D KeyguardSecSecurityView: getSecurityViewIdForMode PIN
04-22 23:40:58.651  9016  9016 D KeyguardSecSecurityView: getLayoutIdForPIN
04-22 23:40:58.651  5123  5297 D ActivityTaskManager: setLockScreenShown(false,false) is called from 0
04-22 23:40:58.654  9016  9016 D KeyguardUpdateMonitor: getRemainingAttempt type : 0, failedAttempts : 0, remainingAttempts : -1
04-22 23:40:58.656  9016  9016 D KeyguardSecPINView: displayDefaultSecurityMessage( Enter PIN )
04-22 23:40:58.657  4762 10323 I AudioFlinger: nonSecFlag 4, secFlag 40000, outputFlags 4
04-22 23:40:58.657  4762 10323 I AF::Track: setMixerOutConfig expectKey 202
04-22 23:40:58.657  4762 10323 I AF::Track: setMixerOutConfig select, mixer out f 5, s 48000, thread out f 5, s 48000
04-22 23:40:58.659  9016  9016 D KeyguardWallpaperController: applyBlurInternal: amount = 0.0
04-22 23:40:58.659  5123  5166 D SdpManagerService: Not an enterprise user : 0
04-22 23:40:58.659  9016  9016 D SbStateController: setState: KGRD -> SHD
04-22 23:40:58.659  5123  5166 D SdpManagerService: Not an enterprise user : 0
04-22 23:40:58.659  9016  9154 D AudioTrack: createTrack_l(116): AUDIO_OUTPUT_FLAG_FAST denied by server; frameCount 0 -> 9494
04-22 23:40:58.660  9016  9154 D AudioTrack: setVolume(0.250000, 0.250000) pid : 9016
04-22 23:40:58.660  4762 10323 I AF::Track: setMixerOutConfig expectKey 202
04-22 23:40:58.660  4762 10323 I AF::Track: setMixerOutConfig select, mixer out f 5, s 48000, thread out f 5, s 48000
04-22 23:40:58.660  9016  9016 D KeyguardSecIndicationPolicy:  remove Item pos = DEFAULT, type =     LEGACY_TRANSIENT
04-22 23:40:58.660  9016  9016 D StatusBar: updateQsExpansionEnabled - QS Expand enabled: true
04-22 23:40:58.661  9016  9016 D ScrimController: State changed to BOUNCER, blankScreen=false, animation=220
04-22 23:40:58.661  5123  5163 D UsbDeviceManager: handleMessage -> MSG_UPDATE_SCREEN_LOCK: mScreenLocked=false
04-22 23:40:58.661  5123  5329 D StorageManagerService: handleMessage -> H_KEYGUARD_CHANGED isShowing=false
04-22 23:40:58.662  4762 10323 I AudioFlinger: updateStageIndex new -2901
04-22 23:40:58.663  4762  5102 D NativeSemDvfsManager: acquire:: timeout = -999 mIsAcquired = 0  mTagName : AudioFlinger 
04-22 23:40:58.664  4762  5102 E NativeCustomFrequencyManager: [NativeCFMS] BpCustomFrequencyManager::acquire()
04-22 23:40:58.664  4714  4758 I HYPER-HAL: [RequestManager.cpp]acquire(): Acquired ID : 16604203  [4762 / 1000]    HINT :      list : [CPUMinFreq / 650000] 
04-22 23:40:58.664  4762  5102 I AudioMixer: create resampler src 44100, 2, dst 48000, 2, q 8
04-22 23:40:58.664  5123 11033 I system_server: oneway function results will be dropped but finished with status OK and parcel size 4
04-22 23:40:58.664  4689  4769 D audio_hw_primary: fast_out-out_update_source_metadata: called, but not implemented yet
04-22 23:40:58.664  9016  9016 D LockscreenNotificationManager: BarState updated : 0
04-22 23:40:58.664  4689  4769 D audio_hw_primary: fast_out-out_update_source_metadata: This stream has 1 tracks
04-22 23:40:58.664  4689  4769 D audio_hw_primary: 1 Track has Usage(13), Content Type(4), Gain(0.015774)
04-22 23:40:58.664  4714  4758 I HYPER-HAL: [ResourceManager.cpp]updateResource(): [CPUMinFreq] UpdateResource Request ID : 16604203    Value : 650000
04-22 23:40:58.664  4762  5102 I SoundAlive_SRC384 arch64: SRC384 Create
04-22 23:40:58.664  4762  5102 I SoundAlive_SRC384 arch64: SoundAlive_SRC384() ID = 5805 GID = 5806
04-22 23:40:58.664  4762  5102 I SoundAlive_SRC384 arch64: SoundAlive_SRC384: Instance 5805 Init(outFs 7, InFs 7, chnum 0, outBW 0, inBW 0)
04-22 23:40:58.664  4762  5102 I Samsung_SoundAlive_SRC arch64: SRC384 version Samsung SoundAlive SRC ver320 arch64  2020.11.26 (Cppref for ARM64, ver.300.c 32bit 07_10_2016 based)
04-22 23:40:58.664  4762  5102 D SoundAliveResampler: [SoundAliveResampler] Init+++
04-22 23:40:58.664  4762  5102 I SoundAlive_SRC384 arch64: SoundAlive_SRC384: Instance 5805 Init(outFs 8, InFs 7, chnum 2, outBW 3, inBW 3)
04-22 23:40:58.664  4762  5102 I Samsung_SoundAlive_SRC arch64: SRC384 version Samsung SoundAlive SRC ver320 arch64  2020.11.26 (Cppref for ARM64, ver.300.c 32bit 07_10_2016 based)
04-22 23:40:58.665  4762  5102 I SoundAlive_SRC384 arch64: instance 5805 Exe() size 256 channels 2 input Fs: 44100 IBW: 4 outputFs 48000 OBW:4
04-22 23:40:58.665  5123 11033 I system_server: oneway function results will be dropped but finished with status OK and parcel size 4
04-22 23:40:58.665  4689 27312 I audio_hw_primary: fast_out-out_write: transited to Ready
04-22 23:40:58.665  4689 27312 D audio_hw_primary_odm: fast_out-check_and_set_backend_mixer: no need to update backend 0 -> 0, out->backend_mode:0 
04-22 23:40:58.665  4689 27312 I audio_hw_primary: fast_out-out_write: try to route for playback
04-22 23:40:58.665  4689 27312 D audio_route: Apply path: media-speaker
04-22 23:40:58.665  4689 27312 I audio_route: > audio_route_update_path : "media-speaker" reverse(0)
04-22 23:40:58.666  9016  9016 D FaceWidgetContainer: setVisibility 8, callers = com.samsung.android.common.reflection.AbstractBaseReflection.invokeStaticMethod:461 com.samsung.android.common.reflection.os.RefDebug.getCallers:19 com.samsung.android.app.facewidget.FaceWidgetContainer.setVisibility:105 com.android.systemui.facewidget.plugin.FaceWidgetContainerWrapper.setVisibility:105 com.android.systemui.statusbar.phone.NotificationPanelViewController.setKeyguardStatusViewVisibility:2900 
04-22 23:40:58.666  9016  9016 D MultiSIMPreferredSlotBar: setExpanded : false
04-22 23:40:58.666  9016  9154 D KnoxStateMonitorImpl: unlockSdp :: Maybe keyguard hidden as user 0
04-22 23:40:58.667  5123  5123 D SdpManagerService: Not an enterprise user : 0
04-22 23:40:58.667  5123  5123 D SdpManagerService: Not an enterprise user : 0
04-22 23:40:58.668  9016  9016 D SimCardManagerServiceProvider: SimCardManagerProcessService already is Running !!! 
04-22 23:40:58.668  9016  9016 D MultiSIMPreferredSlotBar: unRegisterSimCardManagerCallback : mSimCardmanagerSerice is null 
04-22 23:40:58.668  4831  4831 D keystore: onKeyguardVisibilityChanged(0)(0)
04-22 23:40:58.668  9016  9016 D PanelView: onStateChanged() statusBarState: 0
04-22 23:40:58.668  9016  9016 D PanelView: onBarStateChanged() to 0
04-22 23:40:58.668  9016  9016 D PluginLockDelegateApp: onBarStateChanged 
04-22 23:40:58.669  9016  9016 I DymLock|DynamicLockManager: setBarState() state[0] mIsScreenOn[true]
04-22 23:40:58.669  9016  9016 D LockscreenLockIconController: Lock icon state is 0
04-22 23:40:58.670  4689 27312 I audio_hw_proxy_3830: proxy-set_route: routed to media-speaker
04-22 23:40:58.670  4689 27312 D audio_route: Apply path: gain-media-speaker
04-22 23:40:58.670  4689 27312 I audio_route: > audio_route_update_path : "gain-media-speaker" reverse(0)
04-22 23:40:58.670  4689 27312 I audio_hw_proxy_3830: proxy-set_route: set gain as gain-media-speaker
04-22 23:40:58.670  4689 27312 I audio_hw_primary: fast_out-adev_set_route-1: routes to device(speaker) for usage(media)
04-22 23:40:58.670  9016  9016 D StatusBar: disable<e i a s b h!r!c s k t > disable2<q i n >
04-22 23:40:58.674  9254   655 I TouchInteractionService: onSystemUiStateChanged, stateFlags : 72
04-22 23:40:58.674  9254  9254 I TouchInteractionService: onSystemUiFlagsChanged, userUnlocked
04-22 23:40:58.675  9254  9322 I AppIconSolution: load= live icon for com.sec.android.app.clockpackage, from overlay = false
04-22 23:40:58.676  9254  9322 I LauncherActivityInfo: Load live icon for com.sec.android.app.clockpackage
04-22 23:40:58.676  9254  9322 I LauncherActivityInfo: packageName: com.sec.android.app.clockpackage, useThemeIcon: false, height: 216, width: 216, density: 480
04-22 23:40:58.676  9016  9070 D Tile.WifiTile: handleUpdateState isTransient=false transientEnabling =false cb.isTransient=false state.state = 2 mStateBeforeClick.value =false enabled =true
04-22 23:40:58.676  9016  9016 D StatusBar: disable<e i a s b h r c s k t > disable2<q i n >
04-22 23:40:58.676  9254   655 I TouchInteractionService: onSystemUiStateChanged, stateFlags : 64
04-22 23:40:58.677  9016  9016 D ScrimController: State changed to UNLOCKED, blankScreen=false, animation=-1
04-22 23:40:58.677  9016  9070 D Tile.BluetoothTile:  handleUpdateState enabled = false connected = false connecting = false changedState =false bluetoothState = 10 enabledChanging = false state = BooleanState[,icon=ResourceIcon[resId=0x7f08077b],iconSupplier=null,label=Bluetooth,secondaryLabel=null,contentDescription=Bluetooth,Off.,stateDescription=null,dualLabelContentDescription=null,expandedAccessibilityClassName=null,disabledByPolicy=false,dualTarget=true,isTransient=false,state=1,slash="null",tileClassName=null,value=false]
04-22 23:40:58.677  9016  9016 D KeyguardUpdateMonitor: onKeyguardVisibilityChanged(v=true->false, s=true->false, o=false->false)
04-22 23:40:58.678  5123 11030 D SdpManagerService: Not an enterprise user : 0
04-22 23:40:58.678  5123 11030 D SdpManagerService: Not an enterprise user : 0
04-22 23:40:58.679  9016  9016 D KeyguardWallpaperController: onKeyguardVisibilityChanged() showing:false, mOccluded:false
04-22 23:40:58.679  9016  9016 I KeyguardWallpaperController: setKeyguardShowing() showing:false, mIsPendingTypeChange:false, mOccluded:false
04-22 23:40:58.679  9016  9016 D KeyguardWallpaperController: mIsKeyguardShowing=false, mOccluded=false, match_parent=true
04-22 23:40:58.679  9016  9016 D KeyguardBottomAreaShortcutView: mCanIndicationAreaUpdate set to false
04-22 23:40:58.679  9016  9016 D KeyguardBottomAreaShortcutView: mIndicationArea margin start : 105, end : 105, bottom : 96
04-22 23:40:58.680  9016  9070 D Tile.RotationLockTile:  handleUpdateState: true orientation = true
04-22 23:40:58.680  9254  9254 I TouchInteractionService: onSystemUiFlagsChanged, userUnlocked
04-22 23:40:58.681  5123  5297 I Telecom:SamsungTelecomServiceImpl: isInCall - callingPackage : com.android.systemui
04-22 23:40:58.681  9016  9070 D AirplaneMode_TEMP: IsPowerOffServiceStatemServiceState -- {mVoiceRegState=0(IN_SERVICE), mDataRegState=0(IN_SERVICE), mChannelNumber=300, duplexMode()=1, mCellBandwidths=[], isManualNetworkSelection=false(automatic), getRilVoiceRadioTechnology=14(LTE), getRilDataRadioTechnology=14(LTE), mCssIndicator=unsupported, mCdmaRoamingIndicator=-1, mCdmaDefaultRoamingIndicator=-1, VoiceRegType=0, ImsVoiceAvail=2, Snap=0, MobileVoice=IN_SERVICE, MobileData=IN_SERVICE, MobileDataRoamingType=home, MobileDataRat=LTE, PsOnly=false, FemtocellInd=0, SprDisplayRoam=false, NrBearerStatus=0, 5gStatus=0, mIsEmergencyOnly=false, isUsingCarrierAggregation=false, mLteEarfcnRsrpBoost=0, mNetworkRegistrationInfos=[NetworkRegistrationInfo{ domain=CS transportType=WWAN registrationState=HOME roamingType=NOT_ROAMING accessNetworkTechnology=LTE rejectCause=0 emergencyEnabled=false availableServices=[VOICE,SMS,VIDEO] cellIdentity=null voiceSpecificInfo=VoiceSpecificRegistrationInfo { mCssSupported=false mRoamingIndicator=0 mSystemIsInPrl=0 mDefaultRoamingIndicator=0} dataSpecificInfo=null nrState=NONE rRplmn=24412}, NetworkRegistrationInfo{ domain=PS transportType=WWAN registrationState=HOME roamingType=NOT_ROAMING accessNetworkTechnology=LTE rejectCause=0 emergencyEnabled=false availableServices=[DATA] cellIdentity=null voiceSpecificInfo=null dataSpecificInfo=android.telephony.DataSpecificRegistrationInfo :{ maxDataCalls = 4 isDcNrRestricted = false isNrAvailable = false isEnDcAvailable = false LteVopsSupportInfo :  mVopsSupport = 2 mEmcBearerSupport = 2 mIsUsingCarrierAggregation = false } nrState=NONE rRplmn=24412}], mNrFrequencyRange=0, mIsDataRoamingFromRegistration=false, mIsIwlanPreferred=false}mCurrentState.airplaneMode - falsemServiceState.getVoiceRegState() - 0!mServiceState.canCellularVoiceService() - false
04-22 23:40:58.681  9016  9070 D AirplaneMode_TEMP: IsPowerOffServiceState is false: 0
04-22 23:40:58.681  9254  9254 E libprocessgroup: set_timerslack_ns write failed: Operation not permitted
04-22 23:40:58.681  9016  9070 D Tile.AirplaneModeTile:  handleUpdateState: airplane mode is disabled
