--------- beginning of main
02-10 16:26:19.902 26906 26906 D CollisionEvent: Collision event occurred: Down
02-10 16:26:19.902 26906 26906 D CollisionEvent: Colliding tetromino: O
02-10 16:26:19.903 26906 26906 D CollisionEvent: Grid at time of collision: {0={3=I, 4=J, 5=I, 6=T}, 1={4=T, 5=T, 6=T}, 2={4=O, 5=O}, 3={4=J}, 4={4=J, 5=J, 6=J}, 5={5=S, 6=S}, 6={4=S, 5=S}, 7={4=O, 5=O}, 8={4=O, 5=O}, 9={4=J}, 10={4=J, 5=J, 6=J}, 11={4=O, 5=O}, 12={4=O, 5=O}, 13={4=O, 5=O}, 14={4=O, 5=O}, 15={4=O, 5=O}, 16={4=O, 5=O, 3=S}, 17={4=S, 3=S}, 18={4=S, 1=S}, 19={1=S, 2=S}, 20={0=O, 1=O, 2=S}, 21={0=O, 1=O}}
02-10 16:26:19.903 26906 26906 D CollisionEvent: Collision event occurred: Down
02-10 16:26:19.903 26906 26906 D CollisionEvent: Colliding tetromino: O
02-10 16:26:19.903 26906 26906 D CollisionEvent: Grid at time of collision: {0={3=I, 4=J, 5=I, 6=T}, 1={4=T, 5=T, 6=T}, 2={4=O, 5=O}, 3={4=J}, 4={4=J, 5=J, 6=J}, 5={5=S, 6=S}, 6={4=S, 5=S}, 7={4=O, 5=O}, 8={4=O, 5=O}, 9={4=J}, 10={4=J, 5=J, 6=J}, 11={4=O, 5=O}, 12={4=O, 5=O}, 13={4=O, 5=O}, 14={4=O, 5=O}, 15={4=O, 5=O}, 16={4=O, 5=O, 3=S}, 17={4=S, 3=S}, 18={4=S, 1=S}, 19={1=S, 2=S}, 20={0=O, 1=O, 2=S}, 21={0=O, 1=O}}
02-10 16:26:19.904 26906 26906 D CollisionEvent: Collision event occurred: Down
02-10 16:26:19.904 26906 26906 D CollisionEvent: Colliding tetromino: T
02-10 16:26:19.905 26906 26906 D CollisionEvent: Grid at time of collision: {0={3=I, 4=O, 5=O, 6=T}, 1={4=O, 5=O, 6=T}, 2={4=O, 5=O}, 3={4=J}, 4={4=J, 5=J, 6=J}, 5={5=S, 6=S}, 6={4=S, 5=S}, 7={4=O, 5=O}, 8={4=O, 5=O}, 9={4=J}, 10={4=J, 5=J, 6=J}, 11={4=O, 5=O}, 12={4=O, 5=O}, 13={4=O, 5=O}, 14={4=O, 5=O}, 15={4=O, 5=O}, 16={4=O, 5=O, 3=S}, 17={4=S, 3=S}, 18={4=S, 1=S}, 19={1=S, 2=S}, 20={0=O, 1=O, 2=S}, 21={0=O, 1=O}}
02-10 16:26:19.905 26906 26906 D CollisionEvent: Collision event occurred: Down
02-10 16:26:19.905 26906 26906 D CollisionEvent: Colliding tetromino: T
02-10 16:26:19.906 26906 26906 D CollisionEvent: Grid at time of collision: {0={3=I, 4=O, 5=O, 6=T}, 1={4=O, 5=O, 6=T}, 2={4=O, 5=O}, 3={4=J}, 4={4=J, 5=J, 6=J}, 5={5=S, 6=S}, 6={4=S, 5=S}, 7={4=O, 5=O}, 8={4=O, 5=O}, 9={4=J}, 10={4=J, 5=J, 6=J}, 11={4=O, 5=O}, 12={4=O, 5=O}, 13={4=O, 5=O}, 14={4=O, 5=O}, 15={4=O, 5=O}, 16={4=O, 5=O, 3=S}, 17={4=S, 3=S}, 18={4=S, 1=S}, 19={1=S, 2=S}, 20={0=O, 1=O, 2=S}, 21={0=O, 1=O}}
02-10 16:26:20.334  4618  4618 E audit   : type=1400 audit(1644503180.329:186842): avc:  denied  { dac_override } for  pid=26194 comm="kworker/u16:5" capability=1  scontext=u:r:kernel:s0 tcontext=u:r:kernel:s0 tclass=capability permissive=0 SEPF_SM-A217F_11_0010 audit_filtered
02-10 16:26:20.458 26906 26906 D CollisionEvent: Collision event occurred: Down
02-10 16:26:20.458 26906 26906 D CollisionEvent: Colliding tetromino: O
02-10 16:26:20.459 26906 26906 D CollisionEvent: Grid at time of collision: {0={3=I, 4=I, 5=T, 6=T}, 1={4=T, 5=T, 6=T}, 2={5=Z, 6=Z}, 3={5=S, 6=S}, 4={4=S, 5=S}, 5={4=O, 5=O}, 6={4=O, 5=O}, 7={4=Z, 5=Z}, 8={5=Z, 6=Z}, 9={6=T}, 10={4=T, 5=T, 6=T}, 11={5=S, 6=S}, 12={4=S, 5=S, 6=T}, 13={4=T, 5=T, 6=T}, 14={5=S, 6=S}, 15={4=S, 5=S, 6=T}, 16={4=T, 5=T, 6=T}, 17={4=J}, 18={1=Z, 4=J, 5=J, 6=J}, 19={0=Z, 1=Z}, 20={0=Z, 9=T}, 21={8=T, 9=T, 7=T}}
02-10 16:26:20.459 26906 26906 D CollisionEvent: Collision event occurred: Down
02-10 16:26:20.459 26906 26906 D CollisionEvent: Colliding tetromino: O
02-10 16:26:20.460 26906 26906 D CollisionEvent: Grid at time of collision: {0={3=I, 4=I, 5=T, 6=T}, 1={4=T, 5=T, 6=T}, 2={5=Z, 6=Z}, 3={5=S, 6=S}, 4={4=S, 5=S}, 5={4=O, 5=O}, 6={4=O, 5=O}, 7={4=Z, 5=Z}, 8={5=Z, 6=Z}, 9={6=T}, 10={4=T, 5=T, 6=T}, 11={5=S, 6=S}, 12={4=S, 5=S, 6=T}, 13={4=T, 5=T, 6=T}, 14={5=S, 6=S}, 15={4=S, 5=S, 6=T}, 16={4=T, 5=T, 6=T}, 17={4=J}, 18={1=Z, 4=J, 5=J, 6=J}, 19={0=Z, 1=Z}, 20={0=Z, 9=T}, 21={8=T, 9=T, 7=T}}
02-10 16:26:20.460 26906 26906 D CollisionEvent: Collision event occurred: Down
02-10 16:26:20.461 26906 26906 D CollisionEvent: Colliding tetromino: J
02-10 16:26:20.461 26906 26906 D CollisionEvent: Grid at time of collision: {0={3=I, 4=O, 5=O, 6=T}, 1={4=O, 5=O, 6=T}, 2={5=Z, 6=Z}, 3={5=S, 6=S}, 4={4=S, 5=S}, 5={4=O, 5=O}, 6={4=O, 5=O}, 7={4=Z, 5=Z}, 8={5=Z, 6=Z}, 9={6=T}, 10={4=T, 5=T, 6=T}, 11={5=S, 6=S}, 12={4=S, 5=S, 6=T}, 13={4=T, 5=T, 6=T}, 14={5=S, 6=S}, 15={4=S, 5=S, 6=T}, 16={4=T, 5=T, 6=T}, 17={4=J}, 18={1=Z, 4=J, 5=J, 6=J}, 19={0=Z, 1=Z}, 20={0=Z, 9=T}, 21={8=T, 9=T, 7=T}}
02-10 16:26:20.461 26906 26906 D CollisionEvent: Collision event occurred: Down
02-10 16:26:20.461 26906 26906 D CollisionEvent: Colliding tetromino: J
02-10 16:26:20.462 26906 26906 D CollisionEvent: Grid at time of collision: {0={3=I, 4=O, 5=O, 6=T}, 1={4=O, 5=O, 6=T}, 2={5=Z, 6=Z}, 3={5=S, 6=S}, 4={4=S, 5=S}, 5={4=O, 5=O}, 6={4=O, 5=O}, 7={4=Z, 5=Z}, 8={5=Z, 6=Z}, 9={6=T}, 10={4=T, 5=T, 6=T}, 11={5=S, 6=S}, 12={4=S, 5=S, 6=T}, 13={4=T, 5=T, 6=T}, 14={5=S, 6=S}, 15={4=S, 5=S, 6=T}, 16={4=T, 5=T, 6=T}, 17={4=J}, 18={1=Z, 4=J, 5=J, 6=J}, 19={0=Z, 1=Z}, 20={0=Z, 9=T}, 21={8=T, 9=T, 7=T}}
--------- beginning of system
02-10 16:26:20.533 22593 22593 I wpa_supplicant: Heartbeat 1025
02-10 16:26:20.905 26906 26906 D CollisionEvent: Collision event occurred: Down
02-10 16:26:20.905 26906 26906 D CollisionEvent: Colliding tetromino: T
02-10 16:26:20.906 26906 26906 D CollisionEvent: Grid at time of collision: {0={3=I, 4=O, 5=O, 6=T}, 1={4=O, 5=O, 6=T}, 2={4=O, 5=O}, 3={4=J}, 4={4=J, 5=J, 6=J}, 5={5=S, 6=S}, 6={4=S, 5=S}, 7={4=O, 5=O}, 8={4=O, 5=O}, 9={4=J}, 10={4=J, 5=J, 6=J}, 11={4=O, 5=O}, 12={4=O, 5=O}, 13={4=O, 5=O}, 14={4=O, 5=O}, 15={4=O, 5=O}, 16={4=O, 5=O, 3=S}, 17={4=S, 3=S}, 18={4=S, 1=S}, 19={1=S, 2=S}, 20={0=O, 1=O, 2=S}, 21={0=O, 1=O}}
02-10 16:26:20.906 26906 26906 D CollisionEvent: Collision event occurred: Down
02-10 16:26:20.906 26906 26906 D CollisionEvent: Colliding tetromino: T
02-10 16:26:20.906 26906 26906 D CollisionEvent: Grid at time of collision: {0={3=I, 4=O, 5=O, 6=T}, 1={4=O, 5=O, 6=T}, 2={4=O, 5=O}, 3={4=J}, 4={4=J, 5=J, 6=J}, 5={5=S, 6=S}, 6={4=S, 5=S}, 7={4=O, 5=O}, 8={4=O, 5=O}, 9={4=J}, 10={4=J, 5=J, 6=J}, 11={4=O, 5=O}, 12={4=O, 5=O}, 13={4=O, 5=O}, 14={4=O, 5=O}, 15={4=O, 5=O}, 16={4=O, 5=O, 3=S}, 17={4=S, 3=S}, 18={4=S, 1=S}, 19={1=S, 2=S}, 20={0=O, 1=O, 2=S}, 21={0=O, 1=O}}
02-10 16:26:20.907 26906 26906 D CollisionEvent: Collision event occurred: Down
02-10 16:26:20.907 26906 26906 D CollisionEvent: Colliding tetromino: O
02-10 16:26:20.908 26906 26906 D CollisionEvent: Grid at time of collision: {0={3=I, 4=O, 5=O, 6=T}, 1={4=T, 5=T, 6=T}, 2={4=O, 5=O}, 3={4=J}, 4={4=J, 5=J, 6=J}, 5={5=S, 6=S}, 6={4=S, 5=S}, 7={4=O, 5=O}, 8={4=O, 5=O}, 9={4=J}, 10={4=J, 5=J, 6=J}, 11={4=O, 5=O}, 12={4=O, 5=O}, 13={4=O, 5=O}, 14={4=O, 5=O}, 15={4=O, 5=O}, 16={4=O, 5=O, 3=S}, 17={4=S, 3=S}, 18={4=S, 1=S}, 19={1=S, 2=S}, 20={0=O, 1=O, 2=S}, 21={0=O, 1=O}}
02-10 16:26:20.908 26906 26906 D CollisionEvent: Collision event occurred: Down
02-10 16:26:20.908 26906 26906 D CollisionEvent: Colliding tetromino: O
02-10 16:26:20.908 26906 26906 D CollisionEvent: Grid at time of collision: {0={3=I, 4=O, 5=O, 6=T}, 1={4=T, 5=T, 6=T}, 2={4=O, 5=O}, 3={4=J}, 4={4=J, 5=J, 6=J}, 5={5=S, 6=S}, 6={4=S, 5=S}, 7={4=O, 5=O}, 8={4=O, 5=O}, 9={4=J}, 10={4=J, 5=J, 6=J}, 11={4=O, 5=O}, 12={4=O, 5=O}, 13={4=O, 5=O}, 14={4=O, 5=O}, 15={4=O, 5=O}, 16={4=O, 5=O, 3=S}, 17={4=S, 3=S}, 18={4=S, 1=S}, 19={1=S, 2=S}, 20={0=O, 1=O, 2=S}, 21={0=O, 1=O}}
02-10 16:26:21.462 26906 26906 D CollisionEvent: Collision event occurred: Down
02-10 16:26:21.462 26906 26906 D CollisionEvent: Colliding tetromino: J
02-10 16:26:21.462 26906 26906 D CollisionEvent: Grid at time of collision: {0={3=I, 4=O, 5=O, 6=T}, 1={4=O, 5=O, 6=T}, 2={5=Z, 6=Z}, 3={5=S, 6=S}, 4={4=S, 5=S}, 5={4=O, 5=O}, 6={4=O, 5=O}, 7={4=Z, 5=Z}, 8={5=Z, 6=Z}, 9={6=T}, 10={4=T, 5=T, 6=T}, 11={5=S, 6=S}, 12={4=S, 5=S, 6=T}, 13={4=T, 5=T, 6=T}, 14={5=S, 6=S}, 15={4=S, 5=S, 6=T}, 16={4=T, 5=T, 6=T}, 17={4=J}, 18={1=Z, 4=J, 5=J, 6=J}, 19={0=Z, 1=Z}, 20={0=Z, 9=T}, 21={8=T, 9=T, 7=T}}
02-10 16:26:21.463 26906 26906 D CollisionEvent: Collision event occurred: Down
02-10 16:26:21.463 26906 26906 D CollisionEvent: Colliding tetromino: J
02-10 16:26:21.463 26906 26906 D CollisionEvent: Grid at time of collision: {0={3=I, 4=O, 5=O, 6=T}, 1={4=O, 5=O, 6=T}, 2={5=Z, 6=Z}, 3={5=S, 6=S}, 4={4=S, 5=S}, 5={4=O, 5=O}, 6={4=O, 5=O}, 7={4=Z, 5=Z}, 8={5=Z, 6=Z}, 9={6=T}, 10={4=T, 5=T, 6=T}, 11={5=S, 6=S}, 12={4=S, 5=S, 6=T}, 13={4=T, 5=T, 6=T}, 14={5=S, 6=S}, 15={4=S, 5=S, 6=T}, 16={4=T, 5=T, 6=T}, 17={4=J}, 18={1=Z, 4=J, 5=J, 6=J}, 19={0=Z, 1=Z}, 20={0=Z, 9=T}, 21={8=T, 9=T, 7=T}}
02-10 16:26:21.464 26906 26906 D CollisionEvent: Collision event occurred: Down
02-10 16:26:21.464 26906 26906 D CollisionEvent: Colliding tetromino: O
02-10 16:26:21.465 26906 26906 D CollisionEvent: Grid at time of collision: {0={3=I, 4=J, 5=O, 6=T}, 1={4=J, 5=J, 6=J}, 2={5=Z, 6=Z}, 3={5=S, 6=S}, 4={4=S, 5=S}, 5={4=O, 5=O}, 6={4=O, 5=O}, 7={4=Z, 5=Z}, 8={5=Z, 6=Z}, 9={6=T}, 10={4=T, 5=T, 6=T}, 11={5=S, 6=S}, 12={4=S, 5=S, 6=T}, 13={4=T, 5=T, 6=T}, 14={5=S, 6=S}, 15={4=S, 5=S, 6=T}, 16={4=T, 5=T, 6=T}, 17={4=J}, 18={1=Z, 4=J, 5=J, 6=J}, 19={0=Z, 1=Z}, 20={0=Z, 9=T}, 21={8=T, 9=T, 7=T}}
02-10 16:26:21.465 26906 26906 D CollisionEvent: Collision event occurred: Down
02-10 16:26:21.465 26906 26906 D CollisionEvent: Colliding tetromino: O
02-10 16:26:21.465 26906 26906 D CollisionEvent: Grid at time of collision: {0={3=I, 4=J, 5=O, 6=T}, 1={4=J, 5=J, 6=J}, 2={5=Z, 6=Z}, 3={5=S, 6=S}, 4={4=S, 5=S}, 5={4=O, 5=O}, 6={4=O, 5=O}, 7={4=Z, 5=Z}, 8={5=Z, 6=Z}, 9={6=T}, 10={4=T, 5=T, 6=T}, 11={5=S, 6=S}, 12={4=S, 5=S, 6=T}, 13={4=T, 5=T, 6=T}, 14={5=S, 6=S}, 15={4=S, 5=S, 6=T}, 16={4=T, 5=T, 6=T}, 17={4=J}, 18={1=Z, 4=J, 5=J, 6=J}, 19={0=Z, 1=Z}, 20={0=Z, 9=T}, 21={8=T, 9=T, 7=T}}
02-10 16:26:21.908 26906 26906 D CollisionEvent: Collision event occurred: Down
02-10 16:26:21.908 26906 26906 D CollisionEvent: Colliding tetromino: O
02-10 16:26:21.908 26906 26906 D CollisionEvent: Grid at time of collision: {0={3=I, 4=O, 5=O, 6=T}, 1={4=T, 5=T, 6=T}, 2={4=O, 5=O}, 3={4=J}, 4={4=J, 5=J, 6=J}, 5={5=S, 6=S}, 6={4=S, 5=S}, 7={4=O, 5=O}, 8={4=O, 5=O}, 9={4=J}, 10={4=J, 5=J, 6=J}, 11={4=O, 5=O}, 12={4=O, 5=O}, 13={4=O, 5=O}, 14={4=O, 5=O}, 15={4=O, 5=O}, 16={4=O, 5=O, 3=S}, 17={4=S, 3=S}, 18={4=S, 1=S}, 19={1=S, 2=S}, 20={0=O, 1=O, 2=S}, 21={0=O, 1=O}}
02-10 16:26:21.908 26906 26906 D CollisionEvent: Collision event occurred: Down
02-10 16:26:21.909 26906 26906 D CollisionEvent: Colliding tetromino: O
02-10 16:26:21.909 26906 26906 D CollisionEvent: Grid at time of collision: {0={3=I, 4=O, 5=O, 6=T}, 1={4=T, 5=T, 6=T}, 2={4=O, 5=O}, 3={4=J}, 4={4=J, 5=J, 6=J}, 5={5=S, 6=S}, 6={4=S, 5=S}, 7={4=O, 5=O}, 8={4=O, 5=O}, 9={4=J}, 10={4=J, 5=J, 6=J}, 11={4=O, 5=O}, 12={4=O, 5=O}, 13={4=O, 5=O}, 14={4=O, 5=O}, 15={4=O, 5=O}, 16={4=O, 5=O, 3=S}, 17={4=S, 3=S}, 18={4=S, 1=S}, 19={1=S, 2=S}, 20={0=O, 1=O, 2=S}, 21={0=O, 1=O}}
02-10 16:26:21.910 26906 26906 D CollisionEvent: Collision event occurred: Down
02-10 16:26:21.910 26906 26906 D CollisionEvent: Colliding tetromino: J
02-10 16:26:21.911 26906 26906 D CollisionEvent: Grid at time of collision: {0={3=I, 4=O, 5=O, 6=T}, 1={4=O, 5=O, 6=T}, 2={4=O, 5=O}, 3={4=J}, 4={4=J, 5=J, 6=J}, 5={5=S, 6=S}, 6={4=S, 5=S}, 7={4=O, 5=O}, 8={4=O, 5=O}, 9={4=J}, 10={4=J, 5=J, 6=J}, 11={4=O, 5=O}, 12={4=O, 5=O}, 13={4=O, 5=O}, 14={4=O, 5=O}, 15={4=O, 5=O}, 16={4=O, 5=O, 3=S}, 17={4=S, 3=S}, 18={4=S, 1=S}, 19={1=S, 2=S}, 20={0=O, 1=O, 2=S}, 21={0=O, 1=O}}
02-10 16:26:21.911 26906 26906 D CollisionEvent: Collision event occurred: Down
02-10 16:26:21.911 26906 26906 D CollisionEvent: Colliding tetromino: J
02-10 16:26:21.911 26906 26906 D CollisionEvent: Grid at time of collision: {0={3=I, 4=O, 5=O, 6=T}, 1={4=O, 5=O, 6=T}, 2={4=O, 5=O}, 3={4=J}, 4={4=J, 5=J, 6=J}, 5={5=S, 6=S}, 6={4=S, 5=S}, 7={4=O, 5=O}, 8={4=O, 5=O}, 9={4=J}, 10={4=J, 5=J, 6=J}, 11={4=O, 5=O}, 12={4=O, 5=O}, 13={4=O, 5=O}, 14={4=O, 5=O}, 15={4=O, 5=O}, 16={4=O, 5=O, 3=S}, 17={4=S, 3=S}, 18={4=S, 1=S}, 19={1=S, 2=S}, 20={0=O, 1=O, 2=S}, 21={0=O, 1=O}}
02-10 16:26:22.186  4734  4734 I SurfaceFlinger: SFWD update time=608156701035918
02-10 16:26:22.464 26906 26906 D CollisionEvent: Collision event occurred: Down
02-10 16:26:22.464 26906 26906 D CollisionEvent: Colliding tetromino: O
02-10 16:26:22.465 26906 26906 D CollisionEvent: Grid at time of collision: {0={3=I, 4=J, 5=O, 6=T}, 1={4=J, 5=J, 6=J}, 2={5=Z, 6=Z}, 3={5=S, 6=S}, 4={4=S, 5=S}, 5={4=O, 5=O}, 6={4=O, 5=O}, 7={4=Z, 5=Z}, 8={5=Z, 6=Z}, 9={6=T}, 10={4=T, 5=T, 6=T}, 11={5=S, 6=S}, 12={4=S, 5=S, 6=T}, 13={4=T, 5=T, 6=T}, 14={5=S, 6=S}, 15={4=S, 5=S, 6=T}, 16={4=T, 5=T, 6=T}, 17={4=J}, 18={1=Z, 4=J, 5=J, 6=J}, 19={0=Z, 1=Z}, 20={0=Z, 9=T}, 21={8=T, 9=T, 7=T}}
02-10 16:26:22.465 26906 26906 D CollisionEvent: Collision event occurred: Down
02-10 16:26:22.465 26906 26906 D CollisionEvent: Colliding tetromino: O
02-10 16:26:22.465 26906 26906 D CollisionEvent: Grid at time of collision: {0={3=I, 4=J, 5=O, 6=T}, 1={4=J, 5=J, 6=J}, 2={5=Z, 6=Z}, 3={5=S, 6=S}, 4={4=S, 5=S}, 5={4=O, 5=O}, 6={4=O, 5=O}, 7={4=Z, 5=Z}, 8={5=Z, 6=Z}, 9={6=T}, 10={4=T, 5=T, 6=T}, 11={5=S, 6=S}, 12={4=S, 5=S, 6=T}, 13={4=T, 5=T, 6=T}, 14={5=S, 6=S}, 15={4=S, 5=S, 6=T}, 16={4=T, 5=T, 6=T}, 17={4=J}, 18={1=Z, 4=J, 5=J, 6=J}, 19={0=Z, 1=Z}, 20={0=Z, 9=T}, 21={8=T, 9=T, 7=T}}
02-10 16:26:22.466 26906 26906 D CollisionEvent: Collision event occurred: Down
02-10 16:26:22.466 26906 26906 D CollisionEvent: Colliding tetromino: T
02-10 16:26:22.467 26906 26906 D CollisionEvent: Grid at time of collision: {0={3=I, 4=O, 5=O, 6=T}, 1={4=O, 5=O, 6=J}, 2={5=Z, 6=Z}, 3={5=S, 6=S}, 4={4=S, 5=S}, 5={4=O, 5=O}, 6={4=O, 5=O}, 7={4=Z, 5=Z}, 8={5=Z, 6=Z}, 9={6=T}, 10={4=T, 5=T, 6=T}, 11={5=S, 6=S}, 12={4=S, 5=S, 6=T}, 13={4=T, 5=T, 6=T}, 14={5=S, 6=S}, 15={4=S, 5=S, 6=T}, 16={4=T, 5=T, 6=T}, 17={4=J}, 18={1=Z, 4=J, 5=J, 6=J}, 19={0=Z, 1=Z}, 20={0=Z, 9=T}, 21={8=T, 9=T, 7=T}}
02-10 16:26:22.467 26906 26906 D CollisionEvent: Collision event occurred: Down
02-10 16:26:22.467 26906 26906 D CollisionEvent: Colliding tetromino: T
02-10 16:26:22.467 26906 26906 D CollisionEvent: Grid at time of collision: {0={3=I, 4=O, 5=O, 6=T}, 1={4=O, 5=O, 6=J}, 2={5=Z, 6=Z}, 3={5=S, 6=S}, 4={4=S, 5=S}, 5={4=O, 5=O}, 6={4=O, 5=O}, 7={4=Z, 5=Z}, 8={5=Z, 6=Z}, 9={6=T}, 10={4=T, 5=T, 6=T}, 11={5=S, 6=S}, 12={4=S, 5=S, 6=T}, 13={4=T, 5=T, 6=T}, 14={5=S, 6=S}, 15={4=S, 5=S, 6=T}, 16={4=T, 5=T, 6=T}, 17={4=J}, 18={1=Z, 4=J, 5=J, 6=J}, 19={0=Z, 1=Z}, 20={0=Z, 9=T}, 21={8=T, 9=T, 7=T}}
02-10 16:26:22.911 26906 26906 D CollisionEvent: Collision event occurred: Down
02-10 16:26:22.911 26906 26906 D CollisionEvent: Colliding tetromino: J
02-10 16:26:22.911 26906 26906 D CollisionEvent: Grid at time of collision: {0={3=I, 4=O, 5=O, 6=T}, 1={4=O, 5=O, 6=T}, 2={4=O, 5=O}, 3={4=J}, 4={4=J, 5=J, 6=J}, 5={5=S, 6=S}, 6={4=S, 5=S}, 7={4=O, 5=O}, 8={4=O, 5=O}, 9={4=J}, 10={4=J, 5=J, 6=J}, 11={4=O, 5=O}, 12={4=O, 5=O}, 13={4=O, 5=O}, 14={4=O, 5=O}, 15={4=O, 5=O}, 16={4=O, 5=O, 3=S}, 17={4=S, 3=S}, 18={4=S, 1=S}, 19={1=S, 2=S}, 20={0=O, 1=O, 2=S}, 21={0=O, 1=O}}
02-10 16:26:22.912 26906 26906 D CollisionEvent: Collision event occurred: Down
02-10 16:26:22.912 26906 26906 D CollisionEvent: Colliding tetromino: J
02-10 16:26:22.912 26906 26906 D CollisionEvent: Grid at time of collision: {0={3=I, 4=O, 5=O, 6=T}, 1={4=O, 5=O, 6=T}, 2={4=O, 5=O}, 3={4=J}, 4={4=J, 5=J, 6=J}, 5={5=S, 6=S}, 6={4=S, 5=S}, 7={4=O, 5=O}, 8={4=O, 5=O}, 9={4=J}, 10={4=J, 5=J, 6=J}, 11={4=O, 5=O}, 12={4=O, 5=O}, 13={4=O, 5=O}, 14={4=O, 5=O}, 15={4=O, 5=O}, 16={4=O, 5=O, 3=S}, 17={4=S, 3=S}, 18={4=S, 1=S}, 19={1=S, 2=S}, 20={0=O, 1=O, 2=S}, 21={0=O, 1=O}}
02-10 16:26:22.913 26906 26906 D CollisionEvent: Collision event occurred: Down
02-10 16:26:22.913 26906 26906 D CollisionEvent: Colliding tetromino: Z
02-10 16:26:22.913 26906 26906 D CollisionEvent: Grid at time of collision: {0={3=I, 4=J, 5=O, 6=T}, 1={4=J, 5=J, 6=J}, 2={4=O, 5=O}, 3={4=J}, 4={4=J, 5=J, 6=J}, 5={5=S, 6=S}, 6={4=S, 5=S}, 7={4=O, 5=O}, 8={4=O, 5=O}, 9={4=J}, 10={4=J, 5=J, 6=J}, 11={4=O, 5=O}, 12={4=O, 5=O}, 13={4=O, 5=O}, 14={4=O, 5=O}, 15={4=O, 5=O}, 16={4=O, 5=O, 3=S}, 17={4=S, 3=S}, 18={4=S, 1=S}, 19={1=S, 2=S}, 20={0=O, 1=O, 2=S}, 21={0=O, 1=O}}
02-10 16:26:22.914 26906 26906 D CollisionEvent: Collision event occurred: Down
02-10 16:26:22.914 26906 26906 D CollisionEvent: Colliding tetromino: Z
02-10 16:26:22.914 26906 26906 D CollisionEvent: Grid at time of collision: {0={3=I, 4=J, 5=O, 6=T}, 1={4=J, 5=J, 6=J}, 2={4=O, 5=O}, 3={4=J}, 4={4=J, 5=J, 6=J}, 5={5=S, 6=S}, 6={4=S, 5=S}, 7={4=O, 5=O}, 8={4=O, 5=O}, 9={4=J}, 10={4=J, 5=J, 6=J}, 11={4=O, 5=O}, 12={4=O, 5=O}, 13={4=O, 5=O}, 14={4=O, 5=O}, 15={4=O, 5=O}, 16={4=O, 5=O, 3=S}, 17={4=S, 3=S}, 18={4=S, 1=S}, 19={1=S, 2=S}, 20={0=O, 1=O, 2=S}, 21={0=O, 1=O}}
02-10 16:26:23.467 26906 26906 D CollisionEvent: Collision event occurred: Down
02-10 16:26:23.467 26906 26906 D CollisionEvent: Colliding tetromino: T
02-10 16:26:23.467 26906 26906 D CollisionEvent: Grid at time of collision: {0={3=I, 4=O, 5=O, 6=T}, 1={4=O, 5=O, 6=J}, 2={5=Z, 6=Z}, 3={5=S, 6=S}, 4={4=S, 5=S}, 5={4=O, 5=O}, 6={4=O, 5=O}, 7={4=Z, 5=Z}, 8={5=Z, 6=Z}, 9={6=T}, 10={4=T, 5=T, 6=T}, 11={5=S, 6=S}, 12={4=S, 5=S, 6=T}, 13={4=T, 5=T, 6=T}, 14={5=S, 6=S}, 15={4=S, 5=S, 6=T}, 16={4=T, 5=T, 6=T}, 17={4=J}, 18={1=Z, 4=J, 5=J, 6=J}, 19={0=Z, 1=Z}, 20={0=Z, 9=T}, 21={8=T, 9=T, 7=T}}
02-10 16:26:23.468 26906 26906 D CollisionEvent: Collision event occurred: Down
02-10 16:26:23.468 26906 26906 D CollisionEvent: Colliding tetromino: T
02-10 16:26:23.468 26906 26906 D CollisionEvent: Grid at time of collision: {0={3=I, 4=O, 5=O, 6=T}, 1={4=O, 5=O, 6=J}, 2={5=Z, 6=Z}, 3={5=S, 6=S}, 4={4=S, 5=S}, 5={4=O, 5=O}, 6={4=O, 5=O}, 7={4=Z, 5=Z}, 8={5=Z, 6=Z}, 9={6=T}, 10={4=T, 5=T, 6=T}, 11={5=S, 6=S}, 12={4=S, 5=S, 6=T}, 13={4=T, 5=T, 6=T}, 14={5=S, 6=S}, 15={4=S, 5=S, 6=T}, 16={4=T, 5=T, 6=T}, 17={4=J}, 18={1=Z, 4=J, 5=J, 6=J}, 19={0=Z, 1=Z}, 20={0=Z, 9=T}, 21={8=T, 9=T, 7=T}}
02-10 16:26:23.469 26906 26906 D CollisionEvent: Collision event occurred: Down
02-10 16:26:23.469 26906 26906 D CollisionEvent: Colliding tetromino: I
02-10 16:26:23.470 26906 26906 D CollisionEvent: Grid at time of collision: {0={3=I, 4=O, 5=O, 6=T}, 1={4=T, 5=T, 6=T}, 2={5=Z, 6=Z}, 3={5=S, 6=S}, 4={4=S, 5=S}, 5={4=O, 5=O}, 6={4=O, 5=O}, 7={4=Z, 5=Z}, 8={5=Z, 6=Z}, 9={6=T}, 10={4=T, 5=T, 6=T}, 11={5=S, 6=S}, 12={4=S, 5=S, 6=T}, 13={4=T, 5=T, 6=T}, 14={5=S, 6=S}, 15={4=S, 5=S, 6=T}, 16={4=T, 5=T, 6=T}, 17={4=J}, 18={1=Z, 4=J, 5=J, 6=J}, 19={0=Z, 1=Z}, 20={0=Z, 9=T}, 21={8=T, 9=T, 7=T}}
02-10 16:26:23.470 26906 26906 D CollisionEvent: Collision event occurred: Down
02-10 16:26:23.470 26906 26906 D CollisionEvent: Colliding tetromino: I
02-10 16:26:23.470 26906 26906 D CollisionEvent: Grid at time of collision: {0={3=I, 4=O, 5=O, 6=T}, 1={4=T, 5=T, 6=T}, 2={5=Z, 6=Z}, 3={5=S, 6=S}, 4={4=S, 5=S}, 5={4=O, 5=O}, 6={4=O, 5=O}, 7={4=Z, 5=Z}, 8={5=Z, 6=Z}, 9={6=T}, 10={4=T, 5=T, 6=T}, 11={5=S, 6=S}, 12={4=S, 5=S, 6=T}, 13={4=T, 5=T, 6=T}, 14={5=S, 6=S}, 15={4=S, 5=S, 6=T}, 16={4=T, 5=T, 6=T}, 17={4=J}, 18={1=Z, 4=J, 5=J, 6=J}, 19={0=Z, 1=Z}, 20={0=Z, 9=T}, 21={8=T, 9=T, 7=T}}
02-10 16:26:23.913 26906 26906 D CollisionEvent: Collision event occurred: Down
02-10 16:26:23.913 26906 26906 D CollisionEvent: Colliding tetromino: Z
02-10 16:26:23.913 26906 26906 D CollisionEvent: Grid at time of collision: {0={3=I, 4=J, 5=O, 6=T}, 1={4=J, 5=J, 6=J}, 2={4=O, 5=O}, 3={4=J}, 4={4=J, 5=J, 6=J}, 5={5=S, 6=S}, 6={4=S, 5=S}, 7={4=O, 5=O}, 8={4=O, 5=O}, 9={4=J}, 10={4=J, 5=J, 6=J}, 11={4=O, 5=O}, 12={4=O, 5=O}, 13={4=O, 5=O}, 14={4=O, 5=O}, 15={4=O, 5=O}, 16={4=O, 5=O, 3=S}, 17={4=S, 3=S}, 18={4=S, 1=S}, 19={1=S, 2=S}, 20={0=O, 1=O, 2=S}, 21={0=O, 1=O}}
02-10 16:26:23.914 26906 26906 D CollisionEvent: Collision event occurred: Down
02-10 16:26:23.914 26906 26906 D CollisionEvent: Colliding tetromino: Z
02-10 16:26:23.914 26906 26906 D CollisionEvent: Grid at time of collision: {0={3=I, 4=J, 5=O, 6=T}, 1={4=J, 5=J, 6=J}, 2={4=O, 5=O}, 3={4=J}, 4={4=J, 5=J, 6=J}, 5={5=S, 6=S}, 6={4=S, 5=S}, 7={4=O, 5=O}, 8={4=O, 5=O}, 9={4=J}, 10={4=J, 5=J, 6=J}, 11={4=O, 5=O}, 12={4=O, 5=O}, 13={4=O, 5=O}, 14={4=O, 5=O}, 15={4=O, 5=O}, 16={4=O, 5=O, 3=S}, 17={4=S, 3=S}, 18={4=S, 1=S}, 19={1=S, 2=S}, 20={0=O, 1=O, 2=S}, 21={0=O, 1=O}}
02-10 16:26:23.915 26906 26906 D CollisionEvent: Collision event occurred: Down
02-10 16:26:23.915 26906 26906 D CollisionEvent: Colliding tetromino: O
02-10 16:26:23.915 26906 26906 D CollisionEvent: Grid at time of collision: {0={3=I, 4=Z, 5=Z, 6=T}, 1={4=J, 5=Z, 6=Z}, 2={4=O, 5=O}, 3={4=J}, 4={4=J, 5=J, 6=J}, 5={5=S, 6=S}, 6={4=S, 5=S}, 7={4=O, 5=O}, 8={4=O, 5=O}, 9={4=J}, 10={4=J, 5=J, 6=J}, 11={4=O, 5=O}, 12={4=O, 5=O}, 13={4=O, 5=O}, 14={4=O, 5=O}, 15={4=O, 5=O}, 16={4=O, 5=O, 3=S}, 17={4=S, 3=S}, 18={4=S, 1=S}, 19={1=S, 2=S}, 20={0=O, 1=O, 2=S}, 21={0=O, 1=O}}
02-10 16:26:23.915 26906 26906 D CollisionEvent: Collision event occurred: Down
02-10 16:26:23.915 26906 26906 D CollisionEvent: Colliding tetromino: O
02-10 16:26:23.916 26906 26906 D CollisionEvent: Grid at time of collision: {0={3=I, 4=Z, 5=Z, 6=T}, 1={4=J, 5=Z, 6=Z}, 2={4=O, 5=O}, 3={4=J}, 4={4=J, 5=J, 6=J}, 5={5=S, 6=S}, 6={4=S, 5=S}, 7={4=O, 5=O}, 8={4=O, 5=O}, 9={4=J}, 10={4=J, 5=J, 6=J}, 11={4=O, 5=O}, 12={4=O, 5=O}, 13={4=O, 5=O}, 14={4=O, 5=O}, 15={4=O, 5=O}, 16={4=O, 5=O, 3=S}, 17={4=S, 3=S}, 18={4=S, 1=S}, 19={1=S, 2=S}, 20={0=O, 1=O, 2=S}, 21={0=O, 1=O}}
02-10 16:26:24.469 26906 26906 D CollisionEvent: Collision event occurred: Down
02-10 16:26:24.470 26906 26906 D CollisionEvent: Colliding tetromino: I
02-10 16:26:24.470 26906 26906 D CollisionEvent: Grid at time of collision: {0={3=I, 4=O, 5=O, 6=T}, 1={4=T, 5=T, 6=T}, 2={5=Z, 6=Z}, 3={5=S, 6=S}, 4={4=S, 5=S}, 5={4=O, 5=O}, 6={4=O, 5=O}, 7={4=Z, 5=Z}, 8={5=Z, 6=Z}, 9={6=T}, 10={4=T, 5=T, 6=T}, 11={5=S, 6=S}, 12={4=S, 5=S, 6=T}, 13={4=T, 5=T, 6=T}, 14={5=S, 6=S}, 15={4=S, 5=S, 6=T}, 16={4=T, 5=T, 6=T}, 17={4=J}, 18={1=Z, 4=J, 5=J, 6=J}, 19={0=Z, 1=Z}, 20={0=Z, 9=T}, 21={8=T, 9=T, 7=T}}
02-10 16:26:24.470 26906 26906 D CollisionEvent: Collision event occurred: Down
02-10 16:26:24.470 26906 26906 D CollisionEvent: Colliding tetromino: I
02-10 16:26:24.471 26906 26906 D CollisionEvent: Grid at time of collision: {0={3=I, 4=O, 5=O, 6=T}, 1={4=T, 5=T, 6=T}, 2={5=Z, 6=Z}, 3={5=S, 6=S}, 4={4=S, 5=S}, 5={4=O, 5=O}, 6={4=O, 5=O}, 7={4=Z, 5=Z}, 8={5=Z, 6=Z}, 9={6=T}, 10={4=T, 5=T, 6=T}, 11={5=S, 6=S}, 12={4=S, 5=S, 6=T}, 13={4=T, 5=T, 6=T}, 14={5=S, 6=S}, 15={4=S, 5=S, 6=T}, 16={4=T, 5=T, 6=T}, 17={4=J}, 18={1=Z, 4=J, 5=J, 6=J}, 19={0=Z, 1=Z}, 20={0=Z, 9=T}, 21={8=T, 9=T, 7=T}}
02-10 16:26:24.472 26906 26906 D CollisionEvent: Collision event occurred: Down
02-10 16:26:24.472 26906 26906 D CollisionEvent: Colliding tetromino: T
02-10 16:26:24.472 26906 26906 D CollisionEvent: Grid at time of collision: {0={3=I, 4=I, 5=I, 6=I}, 1={4=T, 5=T, 6=T}, 2={5=Z, 6=Z}, 3={5=S, 6=S}, 4={4=S, 5=S}, 5={4=O, 5=O}, 6={4=O, 5=O}, 7={4=Z, 5=Z}, 8={5=Z, 6=Z}, 9={6=T}, 10={4=T, 5=T, 6=T}, 11={5=S, 6=S}, 12={4=S, 5=S, 6=T}, 13={4=T, 5=T, 6=T}, 14={5=S, 6=S}, 15={4=S, 5=S, 6=T}, 16={4=T, 5=T, 6=T}, 17={4=J}, 18={1=Z, 4=J, 5=J, 6=J}, 19={0=Z, 1=Z}, 20={0=Z, 9=T}, 21={8=T, 9=T, 7=T}}
02-10 16:26:24.472 26906 26906 D CollisionEvent: Collision event occurred: Down
02-10 16:26:24.472 26906 26906 D CollisionEvent: Colliding tetromino: T
02-10 16:26:24.473 26906 26906 D CollisionEvent: Grid at time of collision: {0={3=I, 4=I, 5=I, 6=I}, 1={4=T, 5=T, 6=T}, 2={5=Z, 6=Z}, 3={5=S, 6=S}, 4={4=S, 5=S}, 5={4=O, 5=O}, 6={4=O, 5=O}, 7={4=Z, 5=Z}, 8={5=Z, 6=Z}, 9={6=T}, 10={4=T, 5=T, 6=T}, 11={5=S, 6=S}, 12={4=S, 5=S, 6=T}, 13={4=T, 5=T, 6=T}, 14={5=S, 6=S}, 15={4=S, 5=S, 6=T}, 16={4=T, 5=T, 6=T}, 17={4=J}, 18={1=Z, 4=J, 5=J, 6=J}, 19={0=Z, 1=Z}, 20={0=Z, 9=T}, 21={8=T, 9=T, 7=T}}
02-10 16:26:24.915 26906 26906 D CollisionEvent: Collision event occurred: Down
02-10 16:26:24.915 26906 26906 D CollisionEvent: Colliding tetromino: O
02-10 16:26:24.916 26906 26906 D CollisionEvent: Grid at time of collision: {0={3=I, 4=Z, 5=Z, 6=T}, 1={4=J, 5=Z, 6=Z}, 2={4=O, 5=O}, 3={4=J}, 4={4=J, 5=J, 6=J}, 5={5=S, 6=S}, 6={4=S, 5=S}, 7={4=O, 5=O}, 8={4=O, 5=O}, 9={4=J}, 10={4=J, 5=J, 6=J}, 11={4=O, 5=O}, 12={4=O, 5=O}, 13={4=O, 5=O}, 14={4=O, 5=O}, 15={4=O, 5=O}, 16={4=O, 5=O, 3=S}, 17={4=S, 3=S}, 18={4=S, 1=S}, 19={1=S, 2=S}, 20={0=O, 1=O, 2=S}, 21={0=O, 1=O}}
02-10 16:26:24.916 26906 26906 D CollisionEvent: Collision event occurred: Down
02-10 16:26:24.916 26906 26906 D CollisionEvent: Colliding tetromino: O
02-10 16:26:24.916 26906 26906 D CollisionEvent: Grid at time of collision: {0={3=I, 4=Z, 5=Z, 6=T}, 1={4=J, 5=Z, 6=Z}, 2={4=O, 5=O}, 3={4=J}, 4={4=J, 5=J, 6=J}, 5={5=S, 6=S}, 6={4=S, 5=S}, 7={4=O, 5=O}, 8={4=O, 5=O}, 9={4=J}, 10={4=J, 5=J, 6=J}, 11={4=O, 5=O}, 12={4=O, 5=O}, 13={4=O, 5=O}, 14={4=O, 5=O}, 15={4=O, 5=O}, 16={4=O, 5=O, 3=S}, 17={4=S, 3=S}, 18={4=S, 1=S}, 19={1=S, 2=S}, 20={0=O, 1=O, 2=S}, 21={0=O, 1=O}}
02-10 16:26:24.917 26906 26906 D CollisionEvent: Collision event occurred: Down
02-10 16:26:24.917 26906 26906 D CollisionEvent: Colliding tetromino: J
02-10 16:26:24.918 26906 26906 D CollisionEvent: Grid at time of collision: {0={3=I, 4=O, 5=O, 6=T}, 1={4=O, 5=O, 6=Z}, 2={4=O, 5=O}, 3={4=J}, 4={4=J, 5=J, 6=J}, 5={5=S, 6=S}, 6={4=S, 5=S}, 7={4=O, 5=O}, 8={4=O, 5=O}, 9={4=J}, 10={4=J, 5=J, 6=J}, 11={4=O, 5=O}, 12={4=O, 5=O}, 13={4=O, 5=O}, 14={4=O, 5=O}, 15={4=O, 5=O}, 16={4=O, 5=O, 3=S}, 17={4=S, 3=S}, 18={4=S, 1=S}, 19={1=S, 2=S}, 20={0=O, 1=O, 2=S}, 21={0=O, 1=O}}
02-10 16:26:24.918 26906 26906 D CollisionEvent: Collision event occurred: Down
02-10 16:26:24.918 26906 26906 D CollisionEvent: Colliding tetromino: J
02-10 16:26:24.918 26906 26906 D CollisionEvent: Grid at time of collision: {0={3=I, 4=O, 5=O, 6=T}, 1={4=O, 5=O, 6=Z}, 2={4=O, 5=O}, 3={4=J}, 4={4=J, 5=J, 6=J}, 5={5=S, 6=S}, 6={4=S, 5=S}, 7={4=O, 5=O}, 8={4=O, 5=O}, 9={4=J}, 10={4=J, 5=J, 6=J}, 11={4=O, 5=O}, 12={4=O, 5=O}, 13={4=O, 5=O}, 14={4=O, 5=O}, 15={4=O, 5=O}, 16={4=O, 5=O, 3=S}, 17={4=S, 3=S}, 18={4=S, 1=S}, 19={1=S, 2=S}, 20={0=O, 1=O, 2=S}, 21={0=O, 1=O}}
02-10 16:26:24.982  8451  8451 D BoundBrokerSvc: onUnbind: Intent { act=com.google.android.gms.safetynet.service.START pkg=com.google.android.gms }
02-10 16:26:25.472 26906 26906 D CollisionEvent: Collision event occurred: Down
02-10 16:26:25.472 26906 26906 D CollisionEvent: Colliding tetromino: T
02-10 16:26:25.473 26906 26906 D CollisionEvent: Grid at time of collision: {0={3=I, 4=I, 5=I, 6=I}, 1={4=T, 5=T, 6=T}, 2={5=Z, 6=Z}, 3={5=S, 6=S}, 4={4=S, 5=S}, 5={4=O, 5=O}, 6={4=O, 5=O}, 7={4=Z, 5=Z}, 8={5=Z, 6=Z}, 9={6=T}, 10={4=T, 5=T, 6=T}, 11={5=S, 6=S}, 12={4=S, 5=S, 6=T}, 13={4=T, 5=T, 6=T}, 14={5=S, 6=S}, 15={4=S, 5=S, 6=T}, 16={4=T, 5=T, 6=T}, 17={4=J}, 18={1=Z, 4=J, 5=J, 6=J}, 19={0=Z, 1=Z}, 20={0=Z, 9=T}, 21={8=T, 9=T, 7=T}}
02-10 16:26:25.473 26906 26906 D CollisionEvent: Collision event occurred: Down
02-10 16:26:25.473 26906 26906 D CollisionEvent: Colliding tetromino: T
02-10 16:26:25.473 26906 26906 D CollisionEvent: Grid at time of collision: {0={3=I, 4=I, 5=I, 6=I}, 1={4=T, 5=T, 6=T}, 2={5=Z, 6=Z}, 3={5=S, 6=S}, 4={4=S, 5=S}, 5={4=O, 5=O}, 6={4=O, 5=O}, 7={4=Z, 5=Z}, 8={5=Z, 6=Z}, 9={6=T}, 10={4=T, 5=T, 6=T}, 11={5=S, 6=S}, 12={4=S, 5=S, 6=T}, 13={4=T, 5=T, 6=T}, 14={5=S, 6=S}, 15={4=S, 5=S, 6=T}, 16={4=T, 5=T, 6=T}, 17={4=J}, 18={1=Z, 4=J, 5=J, 6=J}, 19={0=Z, 1=Z}, 20={0=Z, 9=T}, 21={8=T, 9=T, 7=T}}
02-10 16:26:25.475 26906 26906 D CollisionEvent: Collision event occurred: Down
02-10 16:26:25.475 26906 26906 D CollisionEvent: Colliding tetromino: T
02-10 16:26:25.475 26906 26906 D CollisionEvent: Grid at time of collision: {0={3=I, 4=I, 5=I, 6=T}, 1={4=T, 5=T, 6=T}, 2={5=Z, 6=Z}, 3={5=S, 6=S}, 4={4=S, 5=S}, 5={4=O, 5=O}, 6={4=O, 5=O}, 7={4=Z, 5=Z}, 8={5=Z, 6=Z}, 9={6=T}, 10={4=T, 5=T, 6=T}, 11={5=S, 6=S}, 12={4=S, 5=S, 6=T}, 13={4=T, 5=T, 6=T}, 14={5=S, 6=S}, 15={4=S, 5=S, 6=T}, 16={4=T, 5=T, 6=T}, 17={4=J}, 18={1=Z, 4=J, 5=J, 6=J}, 19={0=Z, 1=Z}, 20={0=Z, 9=T}, 21={8=T, 9=T, 7=T}}
02-10 16:26:25.475 26906 26906 D CollisionEvent: Collision event occurred: Down
02-10 16:26:25.475 26906 26906 D CollisionEvent: Colliding tetromino: T
02-10 16:26:25.476 26906 26906 D CollisionEvent: Grid at time of collision: {0={3=I, 4=I, 5=I, 6=T}, 1={4=T, 5=T, 6=T}, 2={5=Z, 6=Z}, 3={5=S, 6=S}, 4={4=S, 5=S}, 5={4=O, 5=O}, 6={4=O, 5=O}, 7={4=Z, 5=Z}, 8={5=Z, 6=Z}, 9={6=T}, 10={4=T, 5=T, 6=T}, 11={5=S, 6=S}, 12={4=S, 5=S, 6=T}, 13={4=T, 5=T, 6=T}, 14={5=S, 6=S}, 15={4=S, 5=S, 6=T}, 16={4=T, 5=T, 6=T}, 17={4=J}, 18={1=Z, 4=J, 5=J, 6=J}, 19={0=Z, 1=Z}, 20={0=Z, 9=T}, 21={8=T, 9=T, 7=T}}
02-10 16:26:25.544  5083  5887 D BatteryService: Sending ACTION_BATTERY_CHANGED. scale:100, info:{.chargerAcOnline = false, .chargerUsbOnline = true, .chargerWirelessOnline = false, .maxChargingCurrent = 0, .maxChargingVoltage = 0, .batteryStatus = CHARGING, .batteryHealth = GOOD, .batteryPresent = true, .batteryLevel = 65, .batteryVoltage = 4023, .batteryTemperature = 267, .batteryCurrent = 490, .batteryCycleCount = 0, .batteryFullCharge = 5000000, .batteryChargeCounter = 3250000, .batteryTechnology = Li-ion}
02-10 16:26:25.544  5083  5887 D BatteryService: online:4, current avg:472, charge type:1, POGO powered:false, power sharing:false, high voltage charger:false, charger_type:0, capacity:280000, misc_event:0x10000, current_event:0x0, current_now:490
02-10 16:26:25.546  5083  5272 D MotionRecognitionService:   onReceive : ACTION_BATTERY_CHANGED, Plugged: 2
02-10 16:26:25.546  5083  5083 D PhoneWindowManagerExt: ACTION_BATTERY_CHANGED - Level=65, status=2
02-10 16:26:25.546  5083  5272 I MotionRecognitionService: [TA] In/out: true, curr state: 1
02-10 16:26:25.546  5083  5272 I MotionRecognitionService: [TA] Before receiving the SAR request for Main. Return.
02-10 16:26:25.547  5083  5083 D SemWifiApBroadcastReceiver: Received : android.intent.action.BATTERY_CHANGED
02-10 16:26:25.549  8910  8910 D KeyguardUpdateMonitor: received broadcast android.intent.action.BATTERY_CHANGED
02-10 16:26:25.549  9301  9301 D SemBigDataInfoController: Intent : android.intent.action.BATTERY_CHANGED
02-10 16:26:25.549  9301  9301 D SemBigDataInfoController: Intent : android.intent.action.BATTERY_CHANGED
02-10 16:26:25.550  8910  8910 I PowerUI : BATTERY_HEALTH_CHECK extraHealth=2 mBatteryMiscEvent=65536
02-10 16:26:25.555  8910  8910 D PowerUI : priorPlugType = 2 mPlugType = 2 priorBatteryStatus = 2 mBatteryStatus = 2
02-10 16:26:25.556  8910  8910 D PowerUI.Notification: showChargingNotice oldChargingType : 1 currentChargingType : 1 oldChargingTime : 10669000 mChargingTime : 10669000
02-10 16:26:25.556  8910  8910 D PowerUI.Notification: There is no change about charging status, so return!
02-10 16:26:25.556  8910  8910 D PowerUI : Battery swelling mode - priorBatterySwellingMode = 0 mBatterySwellingMode = 0 mBatteryStatus = 2
02-10 16:26:25.556  8910  8910 I PowerUI : mBatteryMiscEvent = 65536
02-10 16:26:25.558  8910  8910 D KeyguardUpdateMonitor: handleBatteryUpdate
02-10 16:26:25.559  8910  8910 I AODBatteryManager: updateBatteryData: ACTION_BATTERY_CHANGED
02-10 16:26:25.561  8910  8910 I AODBatteryManager: saveBatteryData : AOD BatteryData [mBatteryLevel=65, mBatteryStatus=CHARGING, mBatteryPlugType=USB, mBatteryPlugged=true, mRemainingChargeTime=10669000, mBatteryChargingType=1, mBatteryChargerType=NORMAL, mBatteryOnline=USB, mBatterySwellingMode=NONE]
02-10 16:26:25.772  5083  8795 D UsbStatsMonitor: 0 0 0 0 0 0 0 0 0 0 0 6 0 0 0 0 0 0 0 0 0 0 0 0 0 0 0 0 0 0 0 0 0 0 0 0 0 0 0 0 0 0 0 0 0 0 0 0 0 0 0 0
02-10 16:26:25.917 26906 26906 D CollisionEvent: Collision event occurred: Down
02-10 16:26:25.917 26906 26906 D CollisionEvent: Colliding tetromino: J
02-10 16:26:25.918 26906 26906 D CollisionEvent: Grid at time of collision: {0={3=I, 4=O, 5=O, 6=T}, 1={4=O, 5=O, 6=Z}, 2={4=O, 5=O}, 3={4=J}, 4={4=J, 5=J, 6=J}, 5={5=S, 6=S}, 6={4=S, 5=S}, 7={4=O, 5=O}, 8={4=O, 5=O}, 9={4=J}, 10={4=J, 5=J, 6=J}, 11={4=O, 5=O}, 12={4=O, 5=O}, 13={4=O, 5=O}, 14={4=O, 5=O}, 15={4=O, 5=O}, 16={4=O, 5=O, 3=S}, 17={4=S, 3=S}, 18={4=S, 1=S}, 19={1=S, 2=S}, 20={0=O, 1=O, 2=S}, 21={0=O, 1=O}}
02-10 16:26:25.918 26906 26906 D CollisionEvent: Collision event occurred: Down
02-10 16:26:25.918 26906 26906 D CollisionEvent: Colliding tetromino: J
02-10 16:26:25.918 26906 26906 D CollisionEvent: Grid at time of collision: {0={3=I, 4=O, 5=O, 6=T}, 1={4=O, 5=O, 6=Z}, 2={4=O, 5=O}, 3={4=J}, 4={4=J, 5=J, 6=J}, 5={5=S, 6=S}, 6={4=S, 5=S}, 7={4=O, 5=O}, 8={4=O, 5=O}, 9={4=J}, 10={4=J, 5=J, 6=J}, 11={4=O, 5=O}, 12={4=O, 5=O}, 13={4=O, 5=O}, 14={4=O, 5=O}, 15={4=O, 5=O}, 16={4=O, 5=O, 3=S}, 17={4=S, 3=S}, 18={4=S, 1=S}, 19={1=S, 2=S}, 20={0=O, 1=O, 2=S}, 21={0=O, 1=O}}
02-10 16:26:25.919 26906 26906 D CollisionEvent: Collision event occurred: Down
02-10 16:26:25.919 26906 26906 D CollisionEvent: Colliding tetromino: S
02-10 16:26:25.920 26906 26906 D CollisionEvent: Grid at time of collision: {0={3=I, 4=J, 5=O, 6=T}, 1={4=J, 5=J, 6=J}, 2={4=O, 5=O}, 3={4=J}, 4={4=J, 5=J, 6=J}, 5={5=S, 6=S}, 6={4=S, 5=S}, 7={4=O, 5=O}, 8={4=O, 5=O}, 9={4=J}, 10={4=J, 5=J, 6=J}, 11={4=O, 5=O}, 12={4=O, 5=O}, 13={4=O, 5=O}, 14={4=O, 5=O}, 15={4=O, 5=O}, 16={4=O, 5=O, 3=S}, 17={4=S, 3=S}, 18={4=S, 1=S}, 19={1=S, 2=S}, 20={0=O, 1=O, 2=S}, 21={0=O, 1=O}}
02-10 16:26:25.920 26906 26906 D CollisionEvent: Collision event occurred: Down
02-10 16:26:25.920 26906 26906 D CollisionEvent: Colliding tetromino: S
02-10 16:26:25.920 26906 26906 D CollisionEvent: Grid at time of collision: {0={3=I, 4=J, 5=O, 6=T}, 1={4=J, 5=J, 6=J}, 2={4=O, 5=O}, 3={4=J}, 4={4=J, 5=J, 6=J}, 5={5=S, 6=S}, 6={4=S, 5=S}, 7={4=O, 5=O}, 8={4=O, 5=O}, 9={4=J}, 10={4=J, 5=J, 6=J}, 11={4=O, 5=O}, 12={4=O, 5=O}, 13={4=O, 5=O}, 14={4=O, 5=O}, 15={4=O, 5=O}, 16={4=O, 5=O, 3=S}, 17={4=S, 3=S}, 18={4=S, 1=S}, 19={1=S, 2=S}, 20={0=O, 1=O, 2=S}, 21={0=O, 1=O}}
02-10 16:26:26.476 26906 26906 D CollisionEvent: Collision event occurred: Down
02-10 16:26:26.476 26906 26906 D CollisionEvent: Colliding tetromino: T
02-10 16:26:26.477 26906 26906 D CollisionEvent: Grid at time of collision: {0={3=I, 4=I, 5=I, 6=T}, 1={4=T, 5=T, 6=T}, 2={5=Z, 6=Z}, 3={5=S, 6=S}, 4={4=S, 5=S}, 5={4=O, 5=O}, 6={4=O, 5=O}, 7={4=Z, 5=Z}, 8={5=Z, 6=Z}, 9={6=T}, 10={4=T, 5=T, 6=T}, 11={5=S, 6=S}, 12={4=S, 5=S, 6=T}, 13={4=T, 5=T, 6=T}, 14={5=S, 6=S}, 15={4=S, 5=S, 6=T}, 16={4=T, 5=T, 6=T}, 17={4=J}, 18={1=Z, 4=J, 5=J, 6=J}, 19={0=Z, 1=Z}, 20={0=Z, 9=T}, 21={8=T, 9=T, 7=T}}
02-10 16:26:26.477 26906 26906 D CollisionEvent: Collision event occurred: Down
02-10 16:26:26.477 26906 26906 D CollisionEvent: Colliding tetromino: T
02-10 16:26:26.478  4618  4618 E audit   : type=1400 audit(1644503186.473:186843): avc:  denied  { dac_override } for  pid=26194 comm="kworker/u16:5" capability=1  scontext=u:r:kernel:s0 tcontext=u:r:kernel:s0 tclass=capability permissive=0 SEPF_SM-A217F_11_0010 audit_filtered
02-10 16:26:26.478 26906 26906 D CollisionEvent: Grid at time of collision: {0={3=I, 4=I, 5=I, 6=T}, 1={4=T, 5=T, 6=T}, 2={5=Z, 6=Z}, 3={5=S, 6=S}, 4={4=S, 5=S}, 5={4=O, 5=O}, 6={4=O, 5=O}, 7={4=Z, 5=Z}, 8={5=Z, 6=Z}, 9={6=T}, 10={4=T, 5=T, 6=T}, 11={5=S, 6=S}, 12={4=S, 5=S, 6=T}, 13={4=T, 5=T, 6=T}, 14={5=S, 6=S}, 15={4=S, 5=S, 6=T}, 16={4=T, 5=T, 6=T}, 17={4=J}, 18={1=Z, 4=J, 5=J, 6=J}, 19={0=Z, 1=Z}, 20={0=Z, 9=T}, 21={8=T, 9=T, 7=T}}
02-10 16:26:26.479 26906 26906 D CollisionEvent: Collision event occurred: Down
02-10 16:26:26.479 26906 26906 D CollisionEvent: Colliding tetromino: J
02-10 16:26:26.479 26906 26906 D CollisionEvent: Grid at time of collision: {0={3=I, 4=I, 5=I, 6=T}, 1={4=T, 5=T, 6=T}, 2={5=Z, 6=Z}, 3={5=S, 6=S}, 4={4=S, 5=S}, 5={4=O, 5=O}, 6={4=O, 5=O}, 7={4=Z, 5=Z}, 8={5=Z, 6=Z}, 9={6=T}, 10={4=T, 5=T, 6=T}, 11={5=S, 6=S}, 12={4=S, 5=S, 6=T}, 13={4=T, 5=T, 6=T}, 14={5=S, 6=S}, 15={4=S, 5=S, 6=T}, 16={4=T, 5=T, 6=T}, 17={4=J}, 18={1=Z, 4=J, 5=J, 6=J}, 19={0=Z, 1=Z}, 20={0=Z, 9=T}, 21={8=T, 9=T, 7=T}}
02-10 16:26:26.479 26906 26906 D CollisionEvent: Collision event occurred: Down
02-10 16:26:26.479 26906 26906 D CollisionEvent: Colliding tetromino: J
02-10 16:26:26.480 26906 26906 D CollisionEvent: Grid at time of collision: {0={3=I, 4=I, 5=I, 6=T}, 1={4=T, 5=T, 6=T}, 2={5=Z, 6=Z}, 3={5=S, 6=S}, 4={4=S, 5=S}, 5={4=O, 5=O}, 6={4=O, 5=O}, 7={4=Z, 5=Z}, 8={5=Z, 6=Z}, 9={6=T}, 10={4=T, 5=T, 6=T}, 11={5=S, 6=S}, 12={4=S, 5=S, 6=T}, 13={4=T, 5=T, 6=T}, 14={5=S, 6=S}, 15={4=S, 5=S, 6=T}, 16={4=T, 5=T, 6=T}, 17={4=J}, 18={1=Z, 4=J, 5=J, 6=J}, 19={0=Z, 1=Z}, 20={0=Z, 9=T}, 21={8=T, 9=T, 7=T}}
02-10 16:26:26.919 26906 26906 D CollisionEvent: Collision event occurred: Down
02-10 16:26:26.919 26906 26906 D CollisionEvent: Colliding tetromino: S
02-10 16:26:26.920 26906 26906 D CollisionEvent: Grid at time of collision: {0={3=I, 4=J, 5=O, 6=T}, 1={4=J, 5=J, 6=J}, 2={4=O, 5=O}, 3={4=J}, 4={4=J, 5=J, 6=J}, 5={5=S, 6=S}, 6={4=S, 5=S}, 7={4=O, 5=O}, 8={4=O, 5=O}, 9={4=J}, 10={4=J, 5=J, 6=J}, 11={4=O, 5=O}, 12={4=O, 5=O}, 13={4=O, 5=O}, 14={4=O, 5=O}, 15={4=O, 5=O}, 16={4=O, 5=O, 3=S}, 17={4=S, 3=S}, 18={4=S, 1=S}, 19={1=S, 2=S}, 20={0=O, 1=O, 2=S}, 21={0=O, 1=O}}
02-10 16:26:26.920 26906 26906 D CollisionEvent: Collision event occurred: Down
02-10 16:26:26.920 26906 26906 D CollisionEvent: Colliding tetromino: S
02-10 16:26:26.920 26906 26906 D CollisionEvent: Grid at time of collision: {0={3=I, 4=J, 5=O, 6=T}, 1={4=J, 5=J, 6=J}, 2={4=O, 5=O}, 3={4=J}, 4={4=J, 5=J, 6=J}, 5={5=S, 6=S}, 6={4=S, 5=S}, 7={4=O, 5=O}, 8={4=O, 5=O}, 9={4=J}, 10={4=J, 5=J, 6=J}, 11={4=O, 5=O}, 12={4=O, 5=O}, 13={4=O, 5=O}, 14={4=O, 5=O}, 15={4=O, 5=O}, 16={4=O, 5=O, 3=S}, 17={4=S, 3=S}, 18={4=S, 1=S}, 19={1=S, 2=S}, 20={0=O, 1=O, 2=S}, 21={0=O, 1=O}}
02-10 16:26:26.922 26906 26906 D CollisionEvent: Collision event occurred: Down
02-10 16:26:26.922 26906 26906 D CollisionEvent: Colliding tetromino: T
02-10 16:26:26.922 26906 26906 D CollisionEvent: Grid at time of collision: {0={3=I, 4=J, 5=S, 6=S}, 1={4=S, 5=S, 6=J}, 2={4=O, 5=O}, 3={4=J}, 4={4=J, 5=J, 6=J}, 5={5=S, 6=S}, 6={4=S, 5=S}, 7={4=O, 5=O}, 8={4=O, 5=O}, 9={4=J}, 10={4=J, 5=J, 6=J}, 11={4=O, 5=O}, 12={4=O, 5=O}, 13={4=O, 5=O}, 14={4=O, 5=O}, 15={4=O, 5=O}, 16={4=O, 5=O, 3=S}, 17={4=S, 3=S}, 18={4=S, 1=S}, 19={1=S, 2=S}, 20={0=O, 1=O, 2=S}, 21={0=O, 1=O}}
02-10 16:26:26.922 26906 26906 D CollisionEvent: Collision event occurred: Down
02-10 16:26:26.922 26906 26906 D CollisionEvent: Colliding tetromino: T
02-10 16:26:26.923 26906 26906 D CollisionEvent: Grid at time of collision: {0={3=I, 4=J, 5=S, 6=S}, 1={4=S, 5=S, 6=J}, 2={4=O, 5=O}, 3={4=J}, 4={4=J, 5=J, 6=J}, 5={5=S, 6=S}, 6={4=S, 5=S}, 7={4=O, 5=O}, 8={4=O, 5=O}, 9={4=J}, 10={4=J, 5=J, 6=J}, 11={4=O, 5=O}, 12={4=O, 5=O}, 13={4=O, 5=O}, 14={4=O, 5=O}, 15={4=O, 5=O}, 16={4=O, 5=O, 3=S}, 17={4=S, 3=S}, 18={4=S, 1=S}, 19={1=S, 2=S}, 20={0=O, 1=O, 2=S}, 21={0=O, 1=O}}
02-10 16:26:27.058  5083  5132 E Watchdog: !@Sync: 20260 heap: 79 / 80 objects: 1271992 WaitTime: 4.693 GCcnt: 4 LongWaitCnt: 0 FullGC: 0 FD: 670 [2022-02-10 16:26:27.058] sdogWay:softdog
02-10 16:26:27.186  4734  4734 I SurfaceFlinger: SFWD update time=608161701322876
02-10 16:26:27.479 26906 26906 D CollisionEvent: Collision event occurred: Down
02-10 16:26:27.480 26906 26906 D CollisionEvent: Colliding tetromino: J
02-10 16:26:27.480 26906 26906 D CollisionEvent: Grid at time of collision: {0={3=I, 4=I, 5=I, 6=T}, 1={4=T, 5=T, 6=T}, 2={5=Z, 6=Z}, 3={5=S, 6=S}, 4={4=S, 5=S}, 5={4=O, 5=O}, 6={4=O, 5=O}, 7={4=Z, 5=Z}, 8={5=Z, 6=Z}, 9={6=T}, 10={4=T, 5=T, 6=T}, 11={5=S, 6=S}, 12={4=S, 5=S, 6=T}, 13={4=T, 5=T, 6=T}, 14={5=S, 6=S}, 15={4=S, 5=S, 6=T}, 16={4=T, 5=T, 6=T}, 17={4=J}, 18={1=Z, 4=J, 5=J, 6=J}, 19={0=Z, 1=Z}, 20={0=Z, 9=T}, 21={8=T, 9=T, 7=T}}
02-10 16:26:27.480 26906 26906 D CollisionEvent: Collision event occurred: Down
02-10 16:26:27.480 26906 26906 D CollisionEvent: Colliding tetromino: J
02-10 16:26:27.481 26906 26906 D CollisionEvent: Grid at time of collision: {0={3=I, 4=I, 5=I, 6=T}, 1={4=T, 5=T, 6=T}, 2={5=Z, 6=Z}, 3={5=S, 6=S}, 4={4=S, 5=S}, 5={4=O, 5=O}, 6={4=O, 5=O}, 7={4=Z, 5=Z}, 8={5=Z, 6=Z}, 9={6=T}, 10={4=T, 5=T, 6=T}, 11={5=S, 6=S}, 12={4=S, 5=S, 6=T}, 13={4=T, 5=T, 6=T}, 14={5=S, 6=S}, 15={4=S, 5=S, 6=T}, 16={4=T, 5=T, 6=T}, 17={4=J}, 18={1=Z, 4=J, 5=J, 6=J}, 19={0=Z, 1=Z}, 20={0=Z, 9=T}, 21={8=T, 9=T, 7=T}}
02-10 16:26:27.482 26906 26906 D CollisionEvent: Collision event occurred: Down
02-10 16:26:27.482 26906 26906 D CollisionEvent: Colliding tetromino: J
02-10 16:26:27.482 26906 26906 D CollisionEvent: Grid at time of collision: {0={3=I, 4=J, 5=I, 6=T}, 1={4=J, 5=J, 6=J}, 2={5=Z, 6=Z}, 3={5=S, 6=S}, 4={4=S, 5=S}, 5={4=O, 5=O}, 6={4=O, 5=O}, 7={4=Z, 5=Z}, 8={5=Z, 6=Z}, 9={6=T}, 10={4=T, 5=T, 6=T}, 11={5=S, 6=S}, 12={4=S, 5=S, 6=T}, 13={4=T, 5=T, 6=T}, 14={5=S, 6=S}, 15={4=S, 5=S, 6=T}, 16={4=T, 5=T, 6=T}, 17={4=J}, 18={1=Z, 4=J, 5=J, 6=J}, 19={0=Z, 1=Z}, 20={0=Z, 9=T}, 21={8=T, 9=T, 7=T}}
02-10 16:26:27.482 26906 26906 D CollisionEvent: Collision event occurred: Down
02-10 16:26:27.482 26906 26906 D CollisionEvent: Colliding tetromino: J
02-10 16:26:27.483 26906 26906 D CollisionEvent: Grid at time of collision: {0={3=I, 4=J, 5=I, 6=T}, 1={4=J, 5=J, 6=J}, 2={5=Z, 6=Z}, 3={5=S, 6=S}, 4={4=S, 5=S}, 5={4=O, 5=O}, 6={4=O, 5=O}, 7={4=Z, 5=Z}, 8={5=Z, 6=Z}, 9={6=T}, 10={4=T, 5=T, 6=T}, 11={5=S, 6=S}, 12={4=S, 5=S, 6=T}, 13={4=T, 5=T, 6=T}, 14={5=S, 6=S}, 15={4=S, 5=S, 6=T}, 16={4=T, 5=T, 6=T}, 17={4=J}, 18={1=Z, 4=J, 5=J, 6=J}, 19={0=Z, 1=Z}, 20={0=Z, 9=T}, 21={8=T, 9=T, 7=T}}
02-10 16:26:27.922 26906 26906 D CollisionEvent: Collision event occurred: Down
02-10 16:26:27.922 26906 26906 D CollisionEvent: Colliding tetromino: T
02-10 16:26:27.923 26906 26906 D CollisionEvent: Grid at time of collision: {0={3=I, 4=J, 5=S, 6=S}, 1={4=S, 5=S, 6=J}, 2={4=O, 5=O}, 3={4=J}, 4={4=J, 5=J, 6=J}, 5={5=S, 6=S}, 6={4=S, 5=S}, 7={4=O, 5=O}, 8={4=O, 5=O}, 9={4=J}, 10={4=J, 5=J, 6=J}, 11={4=O, 5=O}, 12={4=O, 5=O}, 13={4=O, 5=O}, 14={4=O, 5=O}, 15={4=O, 5=O}, 16={4=O, 5=O, 3=S}, 17={4=S, 3=S}, 18={4=S, 1=S}, 19={1=S, 2=S}, 20={0=O, 1=O, 2=S}, 21={0=O, 1=O}}
02-10 16:26:27.923 26906 26906 D CollisionEvent: Collision event occurred: Down
02-10 16:26:27.923 26906 26906 D CollisionEvent: Colliding tetromino: T
02-10 16:26:27.923 26906 26906 D CollisionEvent: Grid at time of collision: {0={3=I, 4=J, 5=S, 6=S}, 1={4=S, 5=S, 6=J}, 2={4=O, 5=O}, 3={4=J}, 4={4=J, 5=J, 6=J}, 5={5=S, 6=S}, 6={4=S, 5=S}, 7={4=O, 5=O}, 8={4=O, 5=O}, 9={4=J}, 10={4=J, 5=J, 6=J}, 11={4=O, 5=O}, 12={4=O, 5=O}, 13={4=O, 5=O}, 14={4=O, 5=O}, 15={4=O, 5=O}, 16={4=O, 5=O, 3=S}, 17={4=S, 3=S}, 18={4=S, 1=S}, 19={1=S, 2=S}, 20={0=O, 1=O, 2=S}, 21={0=O, 1=O}}
02-10 16:26:27.924 26906 26906 D CollisionEvent: Collision event occurred: Down
02-10 16:26:27.924 26906 26906 D CollisionEvent: Colliding tetromino: J
02-10 16:26:27.925 26906 26906 D CollisionEvent: Grid at time of collision: {0={3=I, 4=J, 5=S, 6=T}, 1={4=T, 5=T, 6=T}, 2={4=O, 5=O}, 3={4=J}, 4={4=J, 5=J, 6=J}, 5={5=S, 6=S}, 6={4=S, 5=S}, 7={4=O, 5=O}, 8={4=O, 5=O}, 9={4=J}, 10={4=J, 5=J, 6=J}, 11={4=O, 5=O}, 12={4=O, 5=O}, 13={4=O, 5=O}, 14={4=O, 5=O}, 15={4=O, 5=O}, 16={4=O, 5=O, 3=S}, 17={4=S, 3=S}, 18={4=S, 1=S}, 19={1=S, 2=S}, 20={0=O, 1=O, 2=S}, 21={0=O, 1=O}}
02-10 16:26:27.925 26906 26906 D CollisionEvent: Collision event occurred: Down
02-10 16:26:27.925 26906 26906 D CollisionEvent: Colliding tetromino: J
02-10 16:26:27.926 26906 26906 D CollisionEvent: Grid at time of collision: {0={3=I, 4=J, 5=S, 6=T}, 1={4=T, 5=T, 6=T}, 2={4=O, 5=O}, 3={4=J}, 4={4=J, 5=J, 6=J}, 5={5=S, 6=S}, 6={4=S, 5=S}, 7={4=O, 5=O}, 8={4=O, 5=O}, 9={4=J}, 10={4=J, 5=J, 6=J}, 11={4=O, 5=O}, 12={4=O, 5=O}, 13={4=O, 5=O}, 14={4=O, 5=O}, 15={4=O, 5=O}, 16={4=O, 5=O, 3=S}, 17={4=S, 3=S}, 18={4=S, 1=S}, 19={1=S, 2=S}, 20={0=O, 1=O, 2=S}, 21={0=O, 1=O}}
02-10 16:26:28.482 26906 26906 D CollisionEvent: Collision event occurred: Down
02-10 16:26:28.482 26906 26906 D CollisionEvent: Colliding tetromino: J
02-10 16:26:28.483 26906 26906 D CollisionEvent: Grid at time of collision: {0={3=I, 4=J, 5=I, 6=T}, 1={4=J, 5=J, 6=J}, 2={5=Z, 6=Z}, 3={5=S, 6=S}, 4={4=S, 5=S}, 5={4=O, 5=O}, 6={4=O, 5=O}, 7={4=Z, 5=Z}, 8={5=Z, 6=Z}, 9={6=T}, 10={4=T, 5=T, 6=T}, 11={5=S, 6=S}, 12={4=S, 5=S, 6=T}, 13={4=T, 5=T, 6=T}, 14={5=S, 6=S}, 15={4=S, 5=S, 6=T}, 16={4=T, 5=T, 6=T}, 17={4=J}, 18={1=Z, 4=J, 5=J, 6=J}, 19={0=Z, 1=Z}, 20={0=Z, 9=T}, 21={8=T, 9=T, 7=T}}
02-10 16:26:28.483 26906 26906 D CollisionEvent: Collision event occurred: Down
02-10 16:26:28.483 26906 26906 D CollisionEvent: Colliding tetromino: J
02-10 16:26:28.484 26906 26906 D CollisionEvent: Grid at time of collision: {0={3=I, 4=J, 5=I, 6=T}, 1={4=J, 5=J, 6=J}, 2={5=Z, 6=Z}, 3={5=S, 6=S}, 4={4=S, 5=S}, 5={4=O, 5=O}, 6={4=O, 5=O}, 7={4=Z, 5=Z}, 8={5=Z, 6=Z}, 9={6=T}, 10={4=T, 5=T, 6=T}, 11={5=S, 6=S}, 12={4=S, 5=S, 6=T}, 13={4=T, 5=T, 6=T}, 14={5=S, 6=S}, 15={4=S, 5=S, 6=T}, 16={4=T, 5=T, 6=T}, 17={4=J}, 18={1=Z, 4=J, 5=J, 6=J}, 19={0=Z, 1=Z}, 20={0=Z, 9=T}, 21={8=T, 9=T, 7=T}}
02-10 16:26:28.485 26906 26906 D CollisionEvent: Collision event occurred: Down
02-10 16:26:28.485 26906 26906 D CollisionEvent: Colliding tetromino: I
02-10 16:26:28.485 26906 26906 D CollisionEvent: Grid at time of collision: {0={3=I, 4=J, 5=I, 6=T}, 1={4=J, 5=J, 6=J}, 2={5=Z, 6=Z}, 3={5=S, 6=S}, 4={4=S, 5=S}, 5={4=O, 5=O}, 6={4=O, 5=O}, 7={4=Z, 5=Z}, 8={5=Z, 6=Z}, 9={6=T}, 10={4=T, 5=T, 6=T}, 11={5=S, 6=S}, 12={4=S, 5=S, 6=T}, 13={4=T, 5=T, 6=T}, 14={5=S, 6=S}, 15={4=S, 5=S, 6=T}, 16={4=T, 5=T, 6=T}, 17={4=J}, 18={1=Z, 4=J, 5=J, 6=J}, 19={0=Z, 1=Z}, 20={0=Z, 9=T}, 21={8=T, 9=T, 7=T}}
02-10 16:26:28.485 26906 26906 D CollisionEvent: Collision event occurred: Down
02-10 16:26:28.485 26906 26906 D CollisionEvent: Colliding tetromino: I
02-10 16:26:28.486 26906 26906 D CollisionEvent: Grid at time of collision: {0={3=I, 4=J, 5=I, 6=T}, 1={4=J, 5=J, 6=J}, 2={5=Z, 6=Z}, 3={5=S, 6=S}, 4={4=S, 5=S}, 5={4=O, 5=O}, 6={4=O, 5=O}, 7={4=Z, 5=Z}, 8={5=Z, 6=Z}, 9={6=T}, 10={4=T, 5=T, 6=T}, 11={5=S, 6=S}, 12={4=S, 5=S, 6=T}, 13={4=T, 5=T, 6=T}, 14={5=S, 6=S}, 15={4=S, 5=S, 6=T}, 16={4=T, 5=T, 6=T}, 17={4=J}, 18={1=Z, 4=J, 5=J, 6=J}, 19={0=Z, 1=Z}, 20={0=Z, 9=T}, 21={8=T, 9=T, 7=T}}
02-10 16:26:28.796  4401  4401 I io_stats: !@ 179,0 r 31248523 600067453 w 6528249 164086268 d 3160526 116404096 f 5665892 6242231 iot 16937468 0 th 51200 51200 45320 pt 11880 inp 0 0 608163.311
02-10 16:26:28.868  5083  5092 I system_server: Background young concurrent copying GC freed 256282(23MB) AllocSpace objects, 6(120KB) LOS objects, 29% free, 56MB/80MB, paused 583us total 129.936ms
02-10 16:26:28.925 26906 26906 D CollisionEvent: Collision event occurred: Down
02-10 16:26:28.925 26906 26906 D CollisionEvent: Colliding tetromino: J
02-10 16:26:28.926 26906 26906 D CollisionEvent: Grid at time of collision: {0={3=I, 4=J, 5=S, 6=T}, 1={4=T, 5=T, 6=T}, 2={4=O, 5=O}, 3={4=J}, 4={4=J, 5=J, 6=J}, 5={5=S, 6=S}, 6={4=S, 5=S}, 7={4=O, 5=O}, 8={4=O, 5=O}, 9={4=J}, 10={4=J, 5=J, 6=J}, 11={4=O, 5=O}, 12={4=O, 5=O}, 13={4=O, 5=O}, 14={4=O, 5=O}, 15={4=O, 5=O}, 16={4=O, 5=O, 3=S}, 17={4=S, 3=S}, 18={4=S, 1=S}, 19={1=S, 2=S}, 20={0=O, 1=O, 2=S}, 21={0=O, 1=O}}
02-10 16:26:28.926 26906 26906 D CollisionEvent: Collision event occurred: Down
02-10 16:26:28.926 26906 26906 D CollisionEvent: Colliding tetromino: J
02-10 16:26:28.926 26906 26906 D CollisionEvent: Grid at time of collision: {0={3=I, 4=J, 5=S, 6=T}, 1={4=T, 5=T, 6=T}, 2={4=O, 5=O}, 3={4=J}, 4={4=J, 5=J, 6=J}, 5={5=S, 6=S}, 6={4=S, 5=S}, 7={4=O, 5=O}, 8={4=O, 5=O}, 9={4=J}, 10={4=J, 5=J, 6=J}, 11={4=O, 5=O}, 12={4=O, 5=O}, 13={4=O, 5=O}, 14={4=O, 5=O}, 15={4=O, 5=O}, 16={4=O, 5=O, 3=S}, 17={4=S, 3=S}, 18={4=S, 1=S}, 19={1=S, 2=S}, 20={0=O, 1=O, 2=S}, 21={0=O, 1=O}}
02-10 16:26:28.927 26906 26906 D CollisionEvent: Collision event occurred: Down
02-10 16:26:28.927 26906 26906 D CollisionEvent: Colliding tetromino: Z
02-10 16:26:28.928 26906 26906 D CollisionEvent: Grid at time of collision: {0={3=I, 4=J, 5=S, 6=T}, 1={4=J, 5=J, 6=J}, 2={4=O, 5=O}, 3={4=J}, 4={4=J, 5=J, 6=J}, 5={5=S, 6=S}, 6={4=S, 5=S}, 7={4=O, 5=O}, 8={4=O, 5=O}, 9={4=J}, 10={4=J, 5=J, 6=J}, 11={4=O, 5=O}, 12={4=O, 5=O}, 13={4=O, 5=O}, 14={4=O, 5=O}, 15={4=O, 5=O}, 16={4=O, 5=O, 3=S}, 17={4=S, 3=S}, 18={4=S, 1=S}, 19={1=S, 2=S}, 20={0=O, 1=O, 2=S}, 21={0=O, 1=O}}
02-10 16:26:28.928 26906 26906 D CollisionEvent: Collision event occurred: Down
02-10 16:26:28.928 26906 26906 D CollisionEvent: Colliding tetromino: Z
02-10 16:26:28.928 26906 26906 D CollisionEvent: Grid at time of collision: {0={3=I, 4=J, 5=S, 6=T}, 1={4=J, 5=J, 6=J}, 2={4=O, 5=O}, 3={4=J}, 4={4=J, 5=J, 6=J}, 5={5=S, 6=S}, 6={4=S, 5=S}, 7={4=O, 5=O}, 8={4=O, 5=O}, 9={4=J}, 10={4=J, 5=J, 6=J}, 11={4=O, 5=O}, 12={4=O, 5=O}, 13={4=O, 5=O}, 14={4=O, 5=O}, 15={4=O, 5=O}, 16={4=O, 5=O, 3=S}, 17={4=S, 3=S}, 18={4=S, 1=S}, 19={1=S, 2=S}, 20={0=O, 1=O, 2=S}, 21={0=O, 1=O}}
02-10 16:26:29.486 26906 26906 D CollisionEvent: Collision event occurred: Down
02-10 16:26:29.486 26906 26906 D CollisionEvent: Colliding tetromino: I
02-10 16:26:29.487 26906 26906 D CollisionEvent: Grid at time of collision: {0={3=I, 4=J, 5=I, 6=T}, 1={4=J, 5=J, 6=J}, 2={5=Z, 6=Z}, 3={5=S, 6=S}, 4={4=S, 5=S}, 5={4=O, 5=O}, 6={4=O, 5=O}, 7={4=Z, 5=Z}, 8={5=Z, 6=Z}, 9={6=T}, 10={4=T, 5=T, 6=T}, 11={5=S, 6=S}, 12={4=S, 5=S, 6=T}, 13={4=T, 5=T, 6=T}, 14={5=S, 6=S}, 15={4=S, 5=S, 6=T}, 16={4=T, 5=T, 6=T}, 17={4=J}, 18={1=Z, 4=J, 5=J, 6=J}, 19={0=Z, 1=Z}, 20={0=Z, 9=T}, 21={8=T, 9=T, 7=T}}
02-10 16:26:29.487 26906 26906 D CollisionEvent: Collision event occurred: Down
02-10 16:26:29.487 26906 26906 D CollisionEvent: Colliding tetromino: I
