04-22 23:41:03.323  5123 11033 I WindowManager: Cancelling animation restarting=true, leash=Surface(name=Surface(name=9af2676 StatusBar)/@0x6962a04 - animation-leash)/@0x7c6a15
04-22 23:41:03.323  5123 19435 I SystemUiVisibilityPolicyController: handleMessage: entry what = 1
04-22 23:41:03.323  5123 11033 I WindowManager: Reparenting to original parent: Surface(name=WindowToken{6262511 android.os.BinderProxy@545e99b})/@0x1d54bed, destroy=false, surface=Surface(name=9af2676 StatusBar)/@0x6962a04
04-22 23:41:03.323  5123 11033 I SurfaceControl: nativeRelease nativeObject s[497653532896]
04-22 23:41:03.323  5123 11033 I SurfaceControl: nativeRelease nativeObject e[497653532896]
04-22 23:41:03.323  5123 11033 I WindowManager: Reparenting to leash, surface=Surface(name=9af2676 StatusBar)/@0x6962a04, leashParent=Surface(name=WindowToken{6262511 android.os.BinderProxy@545e99b})/@0x1d54bed
04-22 23:41:03.324  4781  4796 I SurfaceFlinger: id=80852 createSurf (0x0),-1 flag=24000, Surface(name=9af2676 StatusBar)/@0x6962a04 - animation-leash#1
04-22 23:41:03.325  4679  4679 I Zygote  : Process 18996 exited due to signal 9 (Killed)
04-22 23:41:03.325  5123 11033 D WindowManager: makeSurface duration=1 leash=Surface(name=Surface(name=9af2676 StatusBar)/@0x6962a04 - animation-leash)/@0x1dec6cf
04-22 23:41:03.325  5123 11033 I WindowManager: Cancelling animation restarting=true, leash=Surface(name=Surface(name=e6253da NavigationBar0)/@0x4c55de2 - animation-leash)/@0x9fe3b1b
04-22 23:41:03.325  5123 11033 I WindowManager: Reparenting to original parent: Surface(name=WindowToken{b9d63ef android.os.BinderProxy@c9969c9})/@0x9700573, destroy=false, surface=Surface(name=e6253da NavigationBar0)/@0x4c55de2
04-22 23:41:03.325  5123 11033 I SurfaceControl: nativeRelease nativeObject s[497652277248]
04-22 23:41:03.325  5123 11033 I SurfaceControl: nativeRelease nativeObject e[497652277248]
04-22 23:41:03.325  5123 11033 I WindowManager: Reparenting to leash, surface=Surface(name=e6253da NavigationBar0)/@0x4c55de2, leashParent=Surface(name=WindowToken{b9d63ef android.os.BinderProxy@c9969c9})/@0x9700573
04-22 23:41:03.326  4781  4796 I SurfaceFlinger: id=80853 createSurf (0x0),-1 flag=24000, Surface(name=e6253da NavigationBar0)/@0x4c55de2 - animation-leash#1
04-22 23:41:03.326  5123 11033 D WindowManager: makeSurface duration=1 leash=Surface(name=Surface(name=e6253da NavigationBar0)/@0x4c55de2 - animation-leash)/@0x8d22765
04-22 23:41:03.326  5123 11033 D StatusBarManagerService: notifyRequestedSystemKey recent=false home=false
04-22 23:41:03.327  5123  5175 I libprocessgroup: Successfully killed process cgroup uid 10210 pid 18996 in 21ms
04-22 23:41:03.328  5123 11033 I SurfaceControl: nativeRelease nativeObject s[497653534528]
04-22 23:41:03.328  5123 11033 I SurfaceControl: nativeRelease nativeObject e[497653534528]
04-22 23:41:03.330  4781  5201 I Layer   : id=80842 removeFromCurrentState Surface(name=9af2676 StatusBar)/@0x6962a04 - animation-leash#0 (68)
04-22 23:41:03.330  4781  5201 I Layer   : id=80843 removeFromCurrentState Surface(name=e6253da NavigationBar0)/@0x4c55de2 - animation-leash#0 (68)
04-22 23:41:03.332 18705 18705 I SurfaceControl: assignNativeObject: nativeObject = 0 Surface(name=null)/@0xfea7c50 / android.view.SurfaceControl.readFromParcel:1117 android.view.IWindowSession$Stub$Proxy.relayout:1820 android.view.ViewRootImpl.relayoutWindow:9005 android.view.ViewRootImpl.performTraversals:3360 android.view.ViewRootImpl.doTraversal:2618 android.view.ViewRootImpl$TraversalRunnable.run:9971 android.view.Choreographer$CallbackRecord.run:1010 android.view.Choreographer.doCallbacks:809 android.view.Choreographer.doFrame:744 android.view.Choreographer$FrameDisplayEventReceiver.run:995 
04-22 23:41:03.334 18705 18705 I ViewRootImpl@c06e9b7[MainActivity]: Relayout returned: old=(0,0,720,1600) new=(0,0,720,1600) req=(720,1600)0 dur=16 res=0x7 s={true 497666650112} ch=true fn=-1
04-22 23:41:03.337  4814  9125 I CameraService: UidPolicy: No processes running for a uid=10210 disabled=0
04-22 23:41:03.338  4697 10288 D gralloc : [mali_gralloc_allocate] begin
04-22 23:41:03.338  4697 10288 D gralloc : buffer_descriptor: wh(720 1600) usage_pc(0x40000000000b00 0x40000000000b00) hal_format(0x1) layer_count(1) sizes(0 0 0) strde(0) byte_stride(0) alloc_wh(0 0) internal_format(0x0) alloc_format(0x0) fd_count(1) plane_count(0)
04-22 23:41:03.340  4697 10288 D gralloc : [mali_gralloc_allocate] allocation successful
04-22 23:41:03.341  4697 10288 D gralloc : [mali_gralloc_allocate] begin
04-22 23:41:03.341  4697 10288 D gralloc : buffer_descriptor: wh(720 1600) usage_pc(0x40000000000b00 0x40000000000b00) hal_format(0x1) layer_count(1) sizes(0 0 0) strde(0) byte_stride(0) alloc_wh(0 0) internal_format(0x0) alloc_format(0x0) fd_count(1) plane_count(0)
04-22 23:41:03.342  4697 10288 D gralloc : [mali_gralloc_allocate] allocation successful
04-22 23:41:03.343  4697  4697 D gralloc : [mali_gralloc_allocate] begin
04-22 23:41:03.343  4697  4697 D gralloc : buffer_descriptor: wh(720 1600) usage_pc(0x40000000000b00 0x40000000000b00) hal_format(0x1) layer_count(1) sizes(0 0 0) strde(0) byte_stride(0) alloc_wh(0 0) internal_format(0x0) alloc_format(0x0) fd_count(1) plane_count(0)
04-22 23:41:03.344  4697  4697 D gralloc : [mali_gralloc_allocate] allocation successful
04-22 23:41:03.356  5123  5297 D WindowManager: finishDrawingWindow: Window{b6d2a72 u0 com.androidtetris/com.androidtetris.activity.main.MainActivity} mDrawState=DRAW_PENDING
04-22 23:41:03.359 18705 18705 I SurfaceControl: nativeRelease nativeObject s[496047292416]
04-22 23:41:03.359 18705 18705 I SurfaceControl: nativeRelease nativeObject e[496047292416]
04-22 23:41:03.360 18705 18705 I SurfaceControl: nativeRelease nativeObject s[497652289248]
04-22 23:41:03.360 18705 18705 I SurfaceControl: nativeRelease nativeObject e[497652289248]
04-22 23:41:03.360 18705 18705 I SurfaceControl: nativeRelease nativeObject s[497652288864]
04-22 23:41:03.360 18705 18705 I SurfaceControl: nativeRelease nativeObject e[497652288864]
04-22 23:41:03.360  4781  4796 I SurfaceFlinger: id=80843 Removed Surface(name=e6253da NavigationBar0)/@0x4c55de2 - animation-leash#0 (68)
04-22 23:41:03.360  4781  4796 I SurfaceFlinger: id=80842 Removed Surface(name=9af2676 StatusBar)/@0x6962a04 - animation-leash#0 (68)
04-22 23:41:03.362  5123  5167 I WindowManager: Reparenting to leash, surface=Surface(name=ActivityRecord{a6f0c5d u0 com.androidtetris/.activity.tetris.TetrisActivity t18312})/@0x4019be8, leashParent=Surface(name=Task=18312)/@0xba9a509
04-22 23:41:03.363  4781  5201 I SurfaceFlinger: id=80854 createSurf (0x0),-1 flag=24000, Surface(name=ActivityRecord{a6f0c5d u0 com.androidtetris/.activity.tetris.TetrisActivity t18312})/@0x4019be8 - animation-leash#0
04-22 23:41:03.363  5123  5167 D WindowManager: makeSurface duration=1 leash=Surface(name=Surface(name=ActivityRecord{a6f0c5d u0 com.androidtetris/.activity.tetris.TetrisActivity t18312})/@0x4019be8 - animation-leash)/@0xbb6c0c7
04-22 23:41:03.364  4781  5201 I SurfaceFlinger: id=80855 createSurf (0x0),-1 flag=80004, Surface(name=ActivityRecord{a6f0c5d u0 com.androidtetris/.activity.tetris.TetrisActivity t18312})/@0x4019be8 - animation-bounds#0
04-22 23:41:03.364 18705 18705 I ViewRootImpl@a2c04d2[TetrisActivity]: MSG_WINDOW_FOCUS_CHANGED 0 1
04-22 23:41:03.366  5123  5167 I WindowManager: Reparenting to leash, surface=Surface(name=ActivityRecord{a2fa4e0 u0 com.androidtetris/.activity.main.MainActivity t18312})/@0x5011422, leashParent=Surface(name=Task=18312)/@0xba9a509
04-22 23:41:03.366  4781  5201 I SurfaceFlinger: id=80856 createSurf (0x0),-1 flag=24004, Surface(name=ActivityRecord{a2fa4e0 u0 com.androidtetris/.activity.main.MainActivity t18312})/@0x5011422 - animation-leash#0
04-22 23:41:03.367  5123  5167 D WindowManager: makeSurface duration=1 leash=Surface(name=Surface(name=ActivityRecord{a2fa4e0 u0 com.androidtetris/.activity.main.MainActivity t18312})/@0x5011422 - animation-leash)/@0x5f79892
04-22 23:41:03.368  4781  5201 I SurfaceFlinger: id=80857 createSurf (0x0),-1 flag=80004, Surface(name=ActivityRecord{a2fa4e0 u0 com.androidtetris/.activity.main.MainActivity t18312})/@0x5011422 - animation-bounds#0
04-22 23:41:03.369  5123  5167 D PkgPredictorService: pkg:com.androidtetris activity:com.androidtetris.activity.main.MainActivity thisTime:-1
04-22 23:41:03.374  4781  4781 I Layer   : id=80842[1] Destroyed Surface(name=9af2676 StatusBar)/@0x6962a04 - animation-leash#0
04-22 23:41:03.374  4781  4781 I Layer   : id=80843[1] Destroyed Surface(name=e6253da NavigationBar0)/@0x4c55de2 - animation-leash#0
04-22 23:41:03.375  5123 11033 I InputDispatcher: Focus entered window (18705): b6d2a72 in display 0 0
04-22 23:41:03.379 18705 18705 I ViewRootImpl@c06e9b7[MainActivity]: MSG_WINDOW_FOCUS_CHANGED 1 1
04-22 23:41:03.379 18705 18705 D InputMethodManager: prepareNavigationBarInfo() DecorView@5f975d9[MainActivity]
04-22 23:41:03.379 18705 18705 D InputMethodManager: getNavigationBarColor() -16711423
04-22 23:41:03.379  5123 11033 D ActivityManagerPerformance: AMP_release() ACT_RESUME
04-22 23:41:03.380  4714  4758 I HYPER-HAL: [ResourceManager.cpp]removeResource(): [CPUMinFreq] RemoveResource Request ID : 13289622
04-22 23:41:03.380  4714  4758 I HYPER-HAL: [RequestManager.cpp]releaseLocked(): Released ID : 13289622
04-22 23:41:03.383 18705 18705 D InputMethodManager: prepareNavigationBarInfo() DecorView@5f975d9[MainActivity]
04-22 23:41:03.383 18705 18705 D InputMethodManager: getNavigationBarColor() -16711423
04-22 23:41:03.383 18705 18705 D InputMethodManager: startInputInner - Id : 0
04-22 23:41:03.383 18705 18705 I InputMethodManager: startInputInner - mService.startInputOrWindowGainedFocus
04-22 23:41:03.384  5123 11033 D InputMethodManagerService: mSecureKeypadEnabled = false
04-22 23:41:03.386  5123 11033 D InputMethodManagerService: mDesktopModeManager null!
04-22 23:41:03.386  5123 11033 D InputMethodManagerService: checkDisplayOfStartInputAndUpdateKeyboard display Id 0last 0
04-22 23:41:03.386  5123 11033 D InputTransport: Input channel constructed: 'ClientS', fd=604
04-22 23:41:03.386  5123 11033 D InputTransport: Input channel destroyed: 'ClientS', fd=604
04-22 23:41:03.387 18705 18705 D InputTransport: Input channel constructed: 'ClientS', fd=89
04-22 23:41:03.387 18705 18705 D InputTransport: Input channel destroyed: 'ClientS', fd=93
04-22 23:41:03.387  5123  5297 I WindowManager: Cancelling animation restarting=true, leash=Surface(name=Surface(name=82b54f5 InputMethod)/@0xbac2518 - animation-leash)/@0x4223039
04-22 23:41:03.387  5123  5297 I WindowManager: Reparenting to original parent: Surface(name=WindowToken{1163598 android.os.Binder@845537b})/@0x4294b71, destroy=false, surface=Surface(name=82b54f5 InputMethod)/@0xbac2518
04-22 23:41:03.387  5123  5297 I SurfaceControl: nativeRelease nativeObject s[497653527040]
04-22 23:41:03.387  5123  5297 I SurfaceControl: nativeRelease nativeObject e[497653527040]
04-22 23:41:03.388  5123  5297 I WindowManager: Reparenting to leash, surface=Surface(name=82b54f5 InputMethod)/@0xbac2518, leashParent=Surface(name=WindowToken{1163598 android.os.Binder@845537b})/@0x4294b71
04-22 23:41:03.388  4781  5412 I SurfaceFlinger: id=80858 createSurf (0x0),-1 flag=24004, Surface(name=82b54f5 InputMethod)/@0xbac2518 - animation-leash#1
04-22 23:41:03.389  5123  5297 D WindowManager: makeSurface duration=1 leash=Surface(name=Surface(name=82b54f5 InputMethod)/@0xbac2518 - animation-leash)/@0x2683f19
04-22 23:41:03.389 26412 26412 I HBD     : HoneyBoardService onFinishInput 
04-22 23:41:03.390 26412 26412 I HBD     : a IC have been unbinded,  InputConnectionWrapper{idHash=#a54a048 mMissingMethods=}
04-22 23:41:03.390 26412 26412 I HBD     : HoneyBoardService [PF_CL][onFinishInput]  316577 ns 
04-22 23:41:03.390 26412 26412 I HBD     : HoneyBoardService [IMI] onStartInput - caller pid : 18705 , caller uid : 10292 
04-22 23:41:03.390 26412 26412 I HBD     : i updateConfigs 
04-22 23:41:03.390 26412 26412 I HBD     : i isEnabledNightMode : true 
04-22 23:41:03.390 26412 26412 I HBD     : a IC have been binded, InputConnectionWrapper{idHash=#a54a048 mMissingMethods=} 
04-22 23:41:03.391 26412 26412 I HBD     : h [EditorInputType]setPrivateImeOptionsToTable privateImeOptions ( null )
04-22 23:41:03.391 26412 26412 I HBD     : b incognitoMode : false 
04-22 23:41:03.391 26412 26412 I HBD     : a needOff = true , isForceOff = false, isNullInputClass : true 
04-22 23:41:03.391 26412 26412 I HBD     : h getDefaultInputRange : UNKNOWN 
04-22 23:41:03.391 26412 26412 I HBD     : h getDefaultInputRange : UNKNOWN 
04-22 23:41:03.391 26412 26412 I HBD     : h getDefaultInputRange : UNKNOWN 
04-22 23:41:03.392  5123  5297 D SdpManagerService: Not an enterprise user : 0
04-22 23:41:03.392  4781  4796 I Layer   : id=80850 removeFromCurrentState Surface(name=82b54f5 InputMethod)/@0xbac2518 - animation-leash#0 (71)
04-22 23:41:03.392  5123  5297 D SdpManagerService: Not an enterprise user : 0
04-22 23:41:03.395 26412 26412 I HBD     : h getDefaultInputRange : UNKNOWN 
04-22 23:41:03.395 26412 26412 I HBD     : a currentState : 0 
04-22 23:41:03.396 18705 18705 I SurfaceControl: nativeRelease nativeObject s[497548736192]
04-22 23:41:03.396 18705 18705 I SurfaceControl: nativeRelease nativeObject e[497548736192]
04-22 23:41:03.396  4781  5200 I SurfaceFlinger: id=80850 Removed Surface(name=82b54f5 InputMethod)/@0xbac2518 - animation-leash#0 (71)
04-22 23:41:03.396 26412 26412 I HBD     : h load selected json info : {"version":"1.0","currentLanguageOrder":0,"selected":[{"activeOptionList":["auto_replace","auto_spacing"],"engName":"English","id":65537,"inputType":"qwerty","isUsed":true},{"activeOptionList":["auto_replace","auto_spacing"],"engName":"Hebrew","id":4718592,"inputType":"qwerty","isUsed":true},{"activeOptionList":["auto_replace","spell_check","auto_spacing"],"engName":"Finnish","id":3538944,"inputType":"finnish_qwerty","isUsed":true}]} 
04-22 23:41:03.397 26412 26412 I HBD     : a [UpdatePolicy] [post] a: 0 cl: 65537 kit: [0/0] vt: 0 ir: 1 
04-22 23:41:03.398  4781  4781 D SurfaceFlinger: Display 0 HWC layers:
04-22 23:41:03.398  4781  4781 D SurfaceFlinger:      DEVICE | 0x7a61c411c0 | 0002 | RGBA_8888    |    0.0   49.0  720.0 1600.0 |    0    0  720 1551 | com.androidtetris/com.androidtetris.activity.main.MainActivity$_18705#0
04-22 23:41:03.398  4781  4781 D SurfaceFlinger:      DEVICE | 0x7a61c40b80 | 0002 | RGBA_8888    |    0.0    0.0  720.0 1599.0 |    0    1  720 1600 | com.androidtetris/com.androidtetris.activity.tetris.TetrisActivity$_18705#0
04-22 23:41:03.398  4781  4781 D SurfaceFlinger:      CLIENT | 0x7a61c3f640 | 0000 | RGBA_8888    |    0.0    0.0  720.0   68.0 |    0    0  720   68 | StatusBar$_9016#0
04-22 23:41:03.398  4781  4781 D SurfaceFlinger:      CLIENT | 0x7ae5d5a4c0 | 0000 | RGBA_8888    |    0.0    0.0  720.0   84.0 |    0 1516  720 1600 | NavigationBar0$_9016#0
04-22 23:41:03.398  4781  4781 D SurfaceFlinger:      DEVICE | 0x7a31549500 | 0008 | RGBA_8888    |    0.0    0.0  720.0 1600.0 |    0    0  720 1600 | $_9016#0
04-22 23:41:03.398  4781  4781 D SurfaceFlinger: 
04-22 23:41:03.398 26412 26412 I HBD     : HoneyBoardService [PF_OP][onStartInput]  8284000 ns 
04-22 23:41:03.400  5123 11033 D SamsungIMMSHWKeyboard: isConnectedDexOnPC false
04-22 23:41:03.401  5123 11033 D InputMethodManagerService: isImeSwitcherDisabledPackage : false
04-22 23:41:03.401 18705 18705 I SurfaceControl: nativeRelease nativeObject s[496047296544]
04-22 23:41:03.401 18705 18705 I SurfaceControl: nativeRelease nativeObject e[496047296544]
04-22 23:41:03.401 18705 18705 I SurfaceControl: nativeRelease nativeObject s[496047293472]
04-22 23:41:03.401 18705 18705 I SurfaceControl: nativeRelease nativeObject e[496047293472]
04-22 23:41:03.407  4781  4781 I Layer   : id=80850[1] Destroyed Surface(name=82b54f5 InputMethod)/@0xbac2518 - animation-leash#0
04-22 23:41:03.511  4781  4781 D SurfaceFlinger: Display 0 HWC layers:
04-22 23:41:03.511  4781  4781 D SurfaceFlinger:      DEVICE | 0x7a61c40e00 | 0002 | RGBA_8888    |    0.0   11.0  720.0 1600.0 |    0    0  720 1589 | com.androidtetris/com.androidtetris.activity.main.MainActivity$_18705#0
04-22 23:41:03.511  4781  4781 D SurfaceFlinger:      DEVICE | 0x7a61c3f640 | 0000 | RGBA_8888    |    0.0    0.0  720.0   68.0 |    0    0  720   68 | StatusBar$_9016#0
04-22 23:41:03.511  4781  4781 D SurfaceFlinger:      DEVICE | 0x7a31549a00 | 0000 | RGBA_8888    |    0.0    0.0  720.0   84.0 |    0 1516  720 1600 | NavigationBar0$_9016#0
04-22 23:41:03.511  4781  4781 D SurfaceFlinger:      DEVICE | 0x7a31549500 | 0008 | RGBA_8888    |    0.0    0.0  720.0 1600.0 |    0    0  720 1600 | $_9016#0
04-22 23:41:03.511  4781  4781 D SurfaceFlinger: 
