02-10 16:27:37.593  8910  8910 I ViewRootImpl@b433207[NotificationShade]: MSG_RESIZED_REPORT: frame=(0,0,720,1600) ci=(0,68,0,0) vi=(0,0,0,0) or=1
02-10 16:27:37.593  8910  8910 D KeyguardUpdateMonitor: received broadcast android.intent.action.TIME_TICK
02-10 16:27:37.594  8910  8910 D QSClockBellTower: He is ready to ring the bell. (((QSClockBellSound - TimeText:16:27, TimeContentDescription:16:27, DateText:Thu, February 10, ShortDateText:Thu, Feb 10, Demofalse)))
02-10 16:27:37.594  8910  8910 D QSClockHomeIndicatorView: Home Indicator status_bar_clock notifyTimeChanged(QSClockBellSound - TimeText:16:27, TimeContentDescription:16:27, DateText:Thu, February 10, ShortDateText:Thu, Feb 10, Demofalse) ClockVisibleByPolicy:true, ClockVisibleByUser:true, visible?false, parent:android.widget.LinearLayout{37c4efb V.E...... ........ 0,0-0,48 #7f0a037c app:id/left_clock_container}
02-10 16:27:37.594  8910  8910 D QSClockBellTower: Everyone heard the bell. run(currentTime:1644503257593,   getTime():Thu Feb 10 16:27:37 GMT+02:00 2022,   getTimeZone():libcore.util.ZoneInfo[id="Europe/Helsinki",mRawOffset=7200000,mEarliestRawOffset=5989000,mUseDst=true,mDstSavings=3600000,transitions=118])
02-10 16:27:37.594  8910  8910 D QSClockBellTower: He is ready to ring the bell. (((QSClockBellSound - TimeText:16:27, TimeContentDescription:16:27, DateText:Thu, February 10, ShortDateText:Thu, Feb 10, Demofalse)))
02-10 16:27:37.594  8910  8910 D QSClockHomeIndicatorView: Home Indicator status_bar_clock notifyTimeChanged(QSClockBellSound - TimeText:16:27, TimeContentDescription:16:27, DateText:Thu, February 10, ShortDateText:Thu, Feb 10, Demofalse) ClockVisibleByPolicy:true, ClockVisibleByUser:true, visible?false, parent:android.widget.LinearLayout{37c4efb V.E...... ........ 0,0-0,48 #7f0a037c app:id/left_clock_container}
02-10 16:27:37.594  8910  8910 D QSClockBellTower: Everyone heard the bell. run(currentTime:1644503257594,   getTime():Thu Feb 10 16:27:37 GMT+02:00 2022,   getTimeZone():libcore.util.ZoneInfo[id="Europe/Helsinki",mRawOffset=7200000,mEarliestRawOffset=5989000,mUseDst=true,mDstSavings=3600000,transitions=118])
02-10 16:27:37.595  8910  8910 D KeyguardUpdateMonitor: received broadcast android.intent.action.TIME_TICK
02-10 16:27:37.595  8910  8910 D QSClockBellTower: He is ready to ring the bell. (((QSClockBellSound - TimeText:16:27, TimeContentDescription:16:27, DateText:Thu, February 10, ShortDateText:Thu, Feb 10, Demofalse)))
02-10 16:27:37.595  8910  8910 D QSClockHomeIndicatorView: Home Indicator status_bar_clock notifyTimeChanged(QSClockBellSound - TimeText:16:27, TimeContentDescription:16:27, DateText:Thu, February 10, ShortDateText:Thu, Feb 10, Demofalse) ClockVisibleByPolicy:true, ClockVisibleByUser:true, visible?false, parent:android.widget.LinearLayout{37c4efb V.E...... ........ 0,0-0,48 #7f0a037c app:id/left_clock_container}
02-10 16:27:37.595  8910  8910 D QSClockBellTower: Everyone heard the bell. run(currentTime:1644503257595,   getTime():Thu Feb 10 16:27:37 GMT+02:00 2022,   getTimeZone():libcore.util.ZoneInfo[id="Europe/Helsinki",mRawOffset=7200000,mEarliestRawOffset=5989000,mUseDst=true,mDstSavings=3600000,transitions=118])
02-10 16:27:37.596  8910  8910 D QSClockBellTower: He is ready to ring the bell. (((QSClockBellSound - TimeText:16:27, TimeContentDescription:16:27, DateText:Thu, February 10, ShortDateText:Thu, Feb 10, Demofalse)))
02-10 16:27:37.596  8910  8910 D QSClockHomeIndicatorView: Home Indicator status_bar_clock notifyTimeChanged(QSClockBellSound - TimeText:16:27, TimeContentDescription:16:27, DateText:Thu, February 10, ShortDateText:Thu, Feb 10, Demofalse) ClockVisibleByPolicy:true, ClockVisibleByUser:true, visible?false, parent:android.widget.LinearLayout{37c4efb V.E...... ........ 0,0-0,48 #7f0a037c app:id/left_clock_container}
02-10 16:27:37.596  8910  8910 D QSClockBellTower: Everyone heard the bell. run(currentTime:1644503257595,   getTime():Thu Feb 10 16:27:37 GMT+02:00 2022,   getTimeZone():libcore.util.ZoneInfo[id="Europe/Helsinki",mRawOffset=7200000,mEarliestRawOffset=5989000,mUseDst=true,mDstSavings=3600000,transitions=118])
02-10 16:27:37.605  5083  5083 D SamsungAlarmManager: Cancel Alarm calling from uid:1000 pid :5083 / OP:PendingIntent{7c2dcf2: PendingIntentRecord{275ff43 android broadcastIntent}}
02-10 16:27:37.606 12866 12866 I Finsky  : [2] qgn.onStartJob(3): SCH: job service start with id 9692.
02-10 16:27:37.611  5083  5146 D BatteryExternalStatsWorker: ModemActivityEnergyInfo was updated
02-10 16:27:37.612  5083  5083 I HERMES#Service: hermesSecnvmPowerOn called!.
02-10 16:27:37.612  5083  5083 E DEVROOT#CIF:  VFI_processPdpCmd start
02-10 16:27:37.612  5083 10754 D WindowManager: finishDrawingWindow: Window{dfd9b7a u0 NotificationShade} mDrawState=DRAW_PENDING
02-10 16:27:37.613  8910  8910 D KeyguardUpdateMonitor: handleTimeUpdate
02-10 16:27:37.613  8910  8910 D FaceWidgetPagesController: onTimeChanged()
02-10 16:27:37.613  8910  8910 D FaceWidgetPagesController: refreshViews() reason = ON_TIME_TICK, force = false
02-10 16:27:37.614  8910  8910 D KeyguardUpdateMonitor: handleTimeUpdate
02-10 16:27:37.614  8910  8910 D FaceWidgetPagesController: onTimeChanged()
02-10 16:27:37.614  8910  8910 D FaceWidgetPagesController: refreshViews() reason = ON_TIME_TICK, force = false
02-10 16:27:37.615  8910  8910 I DigitalHorizontalClockView_LOCK_SCREEN: updatePaletteItemTransition : paletteItem = SOLID color : FFF8F8F8, animation = false
02-10 16:27:37.615  5083  5130 I WindowManager: Waiting for drawn Window{dfd9b7a u0 NotificationShade}: removed=false visible=true mHasSurface=true drawState=4
02-10 16:27:37.615  5083  5130 D WindowManager: Window drawn win=Window{dfd9b7a u0 NotificationShade}
02-10 16:27:37.615  5083  5130 D WindowManager: All windows drawn!
02-10 16:27:37.616  5083  5129 I WindowManager: All windows ready for display!
02-10 16:27:37.617  5083  5127 W WindowManager: Setting mWindowManagerDrawComplete
02-10 16:27:37.617  5083  5127 D SemContextService: lock : registerCallback
02-10 16:27:37.617  4701  4701 E DEVROOT#VND:  communicate start cmd:0x3311, length:64
02-10 16:27:37.617  4701  4701 E DEVROOT#VND:  cmd [3311] start...
02-10 16:27:37.617  5083  5127 W CAE     : registerCallback(ContextAwareService.java:192) - [regi 01] Mutex is locked for AUTO_ROTATION
02-10 16:27:37.617  4701  4701 E DEVROOT#VND:  SecnvmPowerOn isn't supported.
02-10 16:27:37.617  4701  4701 E DEVROOT#VND:  cmd [3311] end...[-16777217]
02-10 16:27:37.618  5083  5127 W CAE     : registerCallback(ContextAwareService.java:199) - [regi 04]  com.samsung.android.contextaware.ContextAwareManager$CaListenerDelegate@70c3b7f
02-10 16:27:37.618  5083  5127 W CAE     : getListener(ListenerListManager.java:127) - [getListener1]  com.samsung.android.contextaware.ContextAwareManager$CaListenerDelegate@70c3b7f
02-10 16:27:37.618  5083  5127 W CAE     : getListener(ListenerListManager.java:128) - [getListener2]  com.samsung.android.contextaware.manager.ContextAwareService$Listener@fafb49e
02-10 16:27:37.619  4701  4701 E DEVROOT#VND:  communicate end -16777217 / length : 0
02-10 16:27:37.619  5083  5083 E DEVROOT#CIF:  Response buffer size is 0
02-10 16:27:37.619  5083  5083 E DEVROOT#CIF:  process_cmd was failed. (-16777217)
02-10 16:27:37.619  5083  5083 E DEVROOT#CIF:  VFI_processPdpCmd end (-16777217)
02-10 16:27:37.619  5083  5083 I HERMES#Service: notify key guard showing to hermesd ret : -16777217
02-10 16:27:37.620  5083  5127 I CAE     : sendCmdToSensorHub(SensorHubCommManager.java:156) - -79, 7, 0, 0,
02-10 16:27:37.620  5083  5270 D SensorService: setSContextDataLocked ints length 2 , byte length 4
02-10 16:27:37.620  5083  5270 D SensorService: setSContextDataLocked 7b1
02-10 16:27:37.620  4250  4250 I hwservicemanager: getTransport: Cannot find entry android.hardware.power.stats@1.0::IPowerStats/default in either framework or device manifest.
02-10 16:27:37.620  4684  4684 I SensorsHub: SContextSensor::injecet_sensor_data
02-10 16:27:37.620  4684  4684 D SensorsHub: b1 07 00 00  
02-10 16:27:37.620  4684  4684 D SensorsHub: inject_scontext_data: New ssp_data_injection_fd(23)
02-10 16:27:37.620  4684  4684 D SensorsHub: SContext Data Injection return 4
02-10 16:27:37.620  4250  4250 I hwservicemanager: getTransport: Cannot find entry android.hardware.power@1.0::IPower/default in either framework or device manifest.
02-10 16:27:37.620  5083  5146 E BatteryStatsService: Unable to load Power Hal or power.stats HAL
02-10 16:27:37.621  5083  5146 D BatteryExternalStatsWorker: done updateExternalStatsLocked
02-10 16:27:37.621  5083  5127 D CAE     : getFaultDetectionResult(AutoRotationRunner.java:195) - true
02-10 16:27:37.621  5083  5127 I CAE     : notifyCmdProcessResultObserver(ContextProvider.java:627) - CheckResult = 0, Cause = Success
02-10 16:27:37.621  5083  5127 I CAE     : displayUsedCountForService(ContextAwareService.java:464) - totalCnt = 1, serviceCount = 1, subCollectionCount = 0
02-10 16:27:37.622  5083  5127 D CAE     : showListenerList(ContextAwareService.java:329) - ===== Context Aware Service List =====
02-10 16:27:37.622  5083  5127 I CAE     : showListenerList(ContextAwareService.java:338) - Listener : com.samsung.android.contextaware.manager.ContextAwareService$Listener@fafb49e, Service : AUTO_ROTATION(1)
02-10 16:27:37.622  5083  5127 W CAE     : registerCallback(ContextAwareService.java:213) - [regi 02] Mutex is unlocked for AUTO_ROTATION
02-10 16:27:37.622  5083  5127 W CAE     : setCAProperty(ContextAwareService.java:513) - [setProperty 01] Mutex is locked for AUTO_ROTATION
02-10 16:27:37.623  5083  5127 I CAE     : setPropertyValue(AutoRotationRunner.java:119) - Device Type = 0.0
02-10 16:27:37.623  5083  5127 I CAE     : setCAProperty(ContextAwareService.java:518) - result : true
02-10 16:27:37.623  5083  5127 W CAE     : setCAProperty(ContextAwareService.java:519) - [setProperty 02] Mutex is unlocked for AUTO_ROTATION
02-10 16:27:37.623  5083  5127 D SemContextService: 	.registerCallback : 1, client=com.android.server.policy.WindowOrientationListener$OrientationSensorJudge@8dbc495
02-10 16:27:37.623  5083  5127 D SemContextConnectionList: client packageName : com.android.server.policy.WindowOrientationListener$OrientationSensorJudge@8dbc495
02-10 16:27:37.623  5083  5127 D SemContextService: unlock : registerCallback
02-10 16:27:37.623  5083  5127 D SemContextManager:   .registerListener : listener = com.android.server.policy.WindowOrientationListener$OrientationSensorJudge@8dbc495, service=Auto Rotation
02-10 16:27:37.623  5083  5127 D WindowManager: finishScreenTurningOn: mAwake=true, mScreenOnEarly=true, mScreenOnFully=false, mKeyguardDrawComplete=true, mWindowManagerDrawComplete=true
02-10 16:27:37.623  5083  5127 I WindowManager: Finished screen turning on...
02-10 16:27:37.623  5083  5127 D DisplayPowerController: [api] WindowManagerPolicy.ScreenOnListener : called onScreenOn()
02-10 16:27:37.624  5083  5153 I DisplayPowerController: Unblocked screen on after 124 ms
02-10 16:27:37.624  5083  5153 D DisplayPowerController: animateScreenStateChange: target=2, targetInternal=2, dualScreenPolicy=-1
02-10 16:27:37.624  5083  5153 D DisplayPowerState: !@ ColorFade exit
02-10 16:27:37.624  5083  5153 D PowerManagerService: [input device light] onColorFadeExit(true)
02-10 16:27:37.624  5083  5153 I SurfaceControl: nativeRelease nativeObject s[482095013024]
02-10 16:27:37.624  5083  5153 I SurfaceControl: nativeRelease nativeObject e[482095013024]
02-10 16:27:37.625  4734  5163 I Layer   : id=111772 removeFromCurrentState ColorFade#0 (59)
02-10 16:27:37.625  4734  5163 I SurfaceFlinger: id=111772 Removed ColorFade#0 (59)
02-10 16:27:37.625  5083  5153 D DisplayPowerController: getFinalBrightness : Summary is  71 (0.28) ->  71 (0.28)
02-10 16:27:37.631  5083 11082 D SamsungAlarmManager: setInexact (T:3/F:0/AC:false) 20220210T163355 now=4620056478 - CU:10186/CP:32225/OP:PendingIntent{191d3f3: PendingIntentRecord{8076cff com.google.android.gms/com.google.android.gms.gcm broadcastIntent}}
02-10 16:27:37.631  5083 11082 I SamsungAlarmManager: setLocked to kernel - T:2 / 20220210T163105, set=4620264617, now=4620056478
02-10 16:27:37.631  5083 11082 I SamsungAlarmManager: setLocked to kernel - T:3 / 20220210T162800, set=4620078848, now=4620056479
02-10 16:27:37.632  5083  5146 W BatteryExternalStatsWorker: modem info is invalid: ModemActivityInfo{ mTimestamp=4620056446 mSleepTimeMs=-113095413 mIdleTimeMs=79394006 mTransmitPowerInfo[]=[TransmitPower{ mTimeInMillis=9790367 mPowerRangeInDbm={-2147483648,0}}, TransmitPower{ mTimeInMillis=1000337 mPowerRangeInDbm={0,5}}, TransmitPower{ mTimeInMillis=3846155 mPowerRangeInDbm={5,15}}, TransmitPower{ mTimeInMillis=1817108 mPowerRangeInDbm={15,20}}, TransmitPower{ mTimeInMillis=9794344 mPowerRangeInDbm={20,2147483647}}] mRxTimeMs=241564353}
02-10 16:27:37.633 32225 28183 I NetworkScheduler.Stats: Task com.google.android.gms/com.google.android.gms.checkin.EventLogService started execution. cause:4 exec_start_elapsed_seconds: 4620056 [CONTEXT service_id=218 ]
02-10 16:27:37.638  5083  5269 I CAE     : sendCmdToSensorHub(SensorHubCommManager.java:156) - -63, 71, 0, -15,
02-10 16:27:37.638  5083  5272 D MotionRecognitionService:   mReceiver.onReceive : ACTION_SCREEN_ON
02-10 16:27:37.638  5083  5270 D SensorService: setSContextDataLocked ints length 2 , byte length 4
02-10 16:27:37.638  5083  5270 D SensorService: setSContextDataLocked f10047c1
02-10 16:27:37.639  4684  4684 I SensorsHub: SContextSensor::injecet_sensor_data
02-10 16:27:37.639  4684  4684 D SensorsHub: c1 47 00 f1  
02-10 16:27:37.639  4684  4684 D SensorsHub: inject_scontext_data: New ssp_data_injection_fd(23)
02-10 16:27:37.639  4684  4684 D SensorsHub: SContext Data Injection return 4
02-10 16:27:37.639  5083  5269 I CAE     : handleMessage(CaPowerManager.java:260) - SCREEN_ON_INTENT
02-10 16:27:37.639  5083  5269 I CAE     : handleMessage(CaPowerManager.java:274) - AP_WAKEUP_Already_Delivered
02-10 16:27:37.644  5083  5272 D MotionRecognitionService:   .isMotionEngineEnabled : true
02-10 16:27:37.644  5083  5272 E MotionRecognitionService:  handler : SCREEN_ON end
02-10 16:27:37.644  5083  5272 D LiftUpHandler: already ended..
02-10 16:27:37.646  5083  5083 D WifiP2pService: GopsReceiver : received : android.intent.action.SCREEN_ON
02-10 16:27:37.647  5083  5083 D WifiP2pService: GopsReceiver : received : android.intent.action.SCREEN_ON time : 1ms
02-10 16:27:37.649  8451 23009 I Checkin : [EventLogChimeraService] Opted in for usage reporting: false
02-10 16:27:37.649  8451 23009 I Checkin : [EventLogChimeraService] Aggregate from 1644501315172 (log), 1644501315172 (data)
02-10 16:27:37.652  5083  5083 D NotificationService:      WAKELOCK/UP clear all delayed lists..
02-10 16:27:37.653 12866 28101 I Finsky  : [103817] qex.a(90): SCH: Satisfied jobs for 9692 are: 12-1
02-10 16:27:37.655  5083  5280 D InputReader: Input event(4): value=0 when=608232.170330
02-10 16:27:37.655  5083  5280 D InputReader: !@notifyKey(116), action=1
02-10 16:27:37.655  5083  5280 D InputManager-JNI: !@interceptKeyBeforeQueueing(116), action=1, interactive=true
02-10 16:27:37.655  5083  5280 D PhoneWindowManagerExt: systemKeyEventRequested REMOVE_PASS
02-10 16:27:37.655  5083  5280 D WindowManager: interceptKeyTq s_result=8
02-10 16:27:37.656  5083  5280 D InputManager-JNI: !@handleInterceptActions(116), action=1, wmActions=0
02-10 16:27:37.659  5083  8802 I WifiConnectivityMonitor.NetworkCallbackController: sNetworkCallback onCapabilitiesChanged: 815[ Transports: WIFI Capabilities: NOT_METERED&INTERNET&NOT_RESTRICTED&TRUSTED&NOT_VPN&VALIDATED&NOT_ROAMING&FOREGROUND&NOT_CONGESTED&NOT_SUSPENDED LinkUpBandwidth>=47025Kbps LinkDnBandwidth>=49500Kbps SignalStrength: -52 AdministratorUids: [] SSID: "4G-Gateway-E93E" RequestorUid: -1 RequestorPackageName: null]
02-10 16:27:37.659  5083  5083 D SmartAlertController: ACTION_SCREEN_ON
02-10 16:27:37.664 29355 29656 I HBD     : g onCapabilitiesChanged network : 815 current network state : invalid 
02-10 16:27:37.667  4657  1829 D audio_hw_primary: device-adev_set_parameters: enter with key(screen_state=on)
02-10 16:27:37.667  4657  1829 I audio_hw_primary: device-adev_set_parameters: Screen State = on)
02-10 16:27:37.667  4657  1829 I audio_hw_primary_odm: odm_adev_set_parameters: enter with key()
02-10 16:27:37.682  5083  8802 D SemWifiSwitchForIndividualAppsService: stopTCPMonitoring : already stopped
02-10 16:27:37.683 12866 28229 I Finsky  : [103826] qfn.accept(60): SCH: Job 12-1 starting
02-10 16:27:37.683  5083  5083 D SamsungAlarmManager: Cancel Alarm calling from uid:1000 pid :5083 / L:6f26e91
02-10 16:27:37.684 12866 12866 I Finsky  : [2] ContentSyncJob.v(1): [ContentSync] job started
02-10 16:27:37.685  5083  5083 I SamsungAlarmManager: setLocked to kernel - T:2 / 20220210T163105, set=4620264617, now=4620056533
02-10 16:27:37.686  5083  5083 I SamsungAlarmManager: setLocked to kernel - T:3 / 20220210T162800, set=4620078848, now=4620056533
02-10 16:27:37.696  5083  5083 D SemWifiSwitchForIndividualAppsService: ACTION_SCREEN_ON recieved
02-10 16:27:37.696  5083  5083 D SemWifiSwitchForIndividualAppsService: stopTCPMonitoring : already stopped
02-10 16:27:37.707  5083  5083 D SemWifiApSmartBleScanner: Screen is ON, restarting scanning
02-10 16:27:37.707  5083  9601 I BluetoothAdapter: STATE_BLE_ON
02-10 16:27:37.707  5083  9601 I BluetoothAdapter: appoCount is = 0 G/S = 2/2
02-10 16:27:37.707  5083  9601 D BluetoothLeScanner: Stop Scan with callback
02-10 16:27:37.708  5083 28233 D WifiConnectivityMonitor.DnsPingerHandler: setCurrentLinkProperties: lp={InterfaceName: wlan0 LinkAddresses: [ fe80::64ad:c5ff:fea1:15ea/64,192.168.8.124/24,fd78:6256:10e9:3d00:64ad:c5ff:fea1:15ea/64,fd78:6256:10e9:3d00:5de7:e676:a40d:4880/64 ] DnsAddresses: [ /192.168.8.1 ] Domains: null MTU: 0 ServerAddress: /192.168.8.1 TcpBufferSizes: 524288,1048576,4194304,524288,1048576,4194304 Routes: [ fe80::/64 -> :: wlan0 mtu 0,fd78:6256:10e9:3d00::/64 -> :: wlan0 mtu 0,192.168.8.0/24 -> 0.0.0.0 wlan0 mtu 0,0.0.0.0/0 -> 192.168.8.1 wlan0 mtu 0 ]}
02-10 16:27:37.713  9605 10111 D BtGatt.ContextMap: remove() - id: 5
02-10 16:27:37.713  9605 10111 E BtGatt.ContextMap: remove() - removed: 5
02-10 16:27:37.713  9605  9742 W bt_btm  : btm_ble_disable_resolving_list() rl_state = 0x0, rl_mask = 0x2, to_resume = 1
02-10 16:27:37.713  9605  9742 W bt_btm  : btm_ble_disable_resolving_list() rl_state = 0x0, rl_mask = 0x2, to_resume = 1
02-10 16:27:37.713  9605  9742 I bt_stack: [INFO:gatt_api.cc(1024)] GATT_Deregister gatt_if=5
02-10 16:27:37.714  9605  9742 I bt_stack: [INFO:gatt_api.cc(1075)] Initialize tGATT_REG
02-10 16:27:37.714  5083  9601 D SemWifiApSmartBleScanner: Stopped scanning
02-10 16:27:37.715  9605  9734 W BtGatt.GattService: checkToReportData before boot completed
02-10 16:27:37.715  9605  9734 E BtGatt.GattService: [GSIM LOG]: gsimLogHandler, msg: MESSAGE_SCAN_STOP, appName: android.uid.system, scannerId: 5, reportDelayMillis=0
02-10 16:27:37.732  5083  5083 D EdmStorageProvider: getCount(ClientCertificateManagerTable) - 1
02-10 16:27:37.733  5083  5083 D ClientCertificateManager Service: Send message MSG_UPDATE_LOCK_STATUS
02-10 16:27:37.733  5083  8787 D GnssLocationProvider: receive broadcast intent, action: android.intent.action.SCREEN_ON
02-10 16:27:37.737  5083 10754 I DropBoxManagerService: add tag=event_data isTagEnabled=true flags=0x2
02-10 16:27:37.744  5083  9155 D SLocation: EventGeofenceManager - received : android.intent.action.SCREEN_ON
02-10 16:27:37.754  5083  9067 I ClientCertificateManager Service: handleMessage : 1
02-10 16:27:37.754  5083  9067 D ClientCertificateManager Service: Initialize mInternalHandler MSG_UPDATE_LOCK_STATUS
02-10 16:27:37.754  5083  9155 D SLocation: GeopointGeofenceManager - sgfm received : android.intent.action.SCREEN_ON
02-10 16:27:37.754  5083  9067 I ClientCertificateManager Service: ClientCertificateManager.isPremiumContainer() : false for user : 0
02-10 16:27:37.754  5083  9155 I SLocation: SPManager - 24412 can't use SP! 
02-10 16:27:37.754  5083  9155 I SLocation: SPManager - 24412 can't use SP! 
02-10 16:27:37.756  5083  9067 I ClientCertificateManager Service: ClientCertificateManager.isPremiumContainer() : false for user : 0
02-10 16:27:37.757  5083  5137 W BroadcastQueue: Background execution not allowed: receiving Intent { act=android.intent.action.DROPBOX_ENTRY_ADDED flg=0x10 (has extras) } to com.google.android.gms/.stats.service.DropBoxEntryAddedReceiver
02-10 16:27:37.758  5083  5137 W BroadcastQueue: Background execution not allowed: receiving Intent { act=android.intent.action.DROPBOX_ENTRY_ADDED flg=0x10 (has extras) } to com.google.android.gms/.chimera.GmsIntentOperationService$PersistentTrustedReceiver
02-10 16:27:37.762  5083  9155 D SamsungAlarmManager: setExact (T:3/F:9/AC:false) 20220210T162837 now=4620056609 - CU:1000/CP:5083/L:fd79fe3:DetectMovementSPListener
02-10 16:27:37.762  5083  9155 I SamsungAlarmManager: setLocked to kernel - T:2 / 20220210T163105, set=4620264617, now=4620056610
02-10 16:27:37.762  5083  9155 I SamsungAlarmManager: setLocked to kernel - T:3 / 20220210T162800, set=4620078848, now=4620056610
02-10 16:27:37.766 29355 29355 E HBD     : g activeNetwork is null 
02-10 16:27:37.767 10117 10655 I SDHMS:PowerAnomaly:GATHERERBATTSTATS: BarTender BatteryStatsUpdateReceiver Start / reason : POLLING
02-10 16:27:37.767 10117 10655 I SDHMS:PowerAnomaly:GATHERERBATTSTATS: BarTender addStats To DB Start
02-10 16:27:37.775  4671  4671 D display : setPowerMode:: S3CFB_POWER_MODE mode(2), blank(0)
02-10 16:27:37.775  4671  4671 I display : [compareVsyncPeriod] set the lowest(mode:0) vsync 166 of display(0)
02-10 16:27:37.775  4734  4734 D SurfaceFlinger: Finished setting power mode 2 on display 0
02-10 16:27:37.775  5083  8859 D SurfaceControl: Excessive delay in setPowerMode()
02-10 16:27:37.775  5083  8859 D PowerManagerUtil: !@ display_state: ON: took 272 ms
02-10 16:27:37.777  5083  8859 D DisplayPowerController: setActualDisplayState: OFF -> ON
02-10 16:27:37.777  5083  5153 D DisplayPowerController: animateScreenStateChange: target=2, targetInternal=2, dualScreenPolicy=-1
02-10 16:27:37.778  5083  5153 D DisplayPowerController: getFinalBrightness : Summary is  71 (0.28) ->  71 (0.28)
02-10 16:27:37.778  9247  9247 W ScoverManager: getCoverState : This device is not supported cover
02-10 16:27:37.778  5083  5153 D DisplayPowerController: animateScreenStateChange: target=2, targetInternal=2, dualScreenPolicy=-1
02-10 16:27:37.779  4734  4734 I Layer   : id=111772[1] Destroyed ColorFade#0
02-10 16:27:37.779  5083  5153 D DisplayPowerController: getFinalBrightness : Summary is  71 (0.28) ->  71 (0.28)
02-10 16:27:37.779  5083  5153 D DisplayPowerController: !@mWindowManagerPolicy.screenTurnedOn()
02-10 16:27:37.779  4697  4697 I SehLight: lcd : 71+
02-10 16:27:37.779  5083  5153 D PowerManagerService: DisplayPowerCallbacks : onStateChanged()
02-10 16:27:37.779  8910 23995 D KeyguardViewMediator: onScreenTurnedOn
02-10 16:27:37.779  5083  5153 D PowerManagerService: mDisplayReady: true
02-10 16:27:37.779  5083  5153 D PowerManagerService: mDisplayReady: true
02-10 16:27:37.779  5083  5153 W PowerManagerService: Screen on took 288 ms
02-10 16:27:37.779  5083  5153 D PowerManagerService: Setting HAL interactive mode to true
02-10 16:27:37.780  5083  5153 D PowerManagerService: handleSandman : stopDream
02-10 16:27:37.780  5083  5153 I DreamManagerService: Gently waking up from dream.
02-10 16:27:37.780  4734  4734 I Layer   : id=111765[1] Destroyed com.sec.android.app.launcher/com.sec.android.app.launcher.activities.LauncherActivity$_9173#0
02-10 16:27:37.781  5083  5126 I DreamManagerService: Performing gentle wake from dream.
02-10 16:27:37.784  9247  9247 I NfcService: BASIC ACTION_SCREEN_ON. So screenState is ON_LOCKED by isKeyguardLocked()
02-10 16:27:37.785  9247  9247 D NfcService: MSG_APPLY_SCREEN_STATE 4
02-10 16:27:37.786  4697  4697 I SehLight: lcd : 71-
02-10 16:27:37.786  5083  5083 I WindowManager: Finished waking up... (why=ON_BECAUSE_OF_USER)
02-10 16:27:37.787  4734  4734 D SurfaceFlinger: Display 0 HWC layers:
02-10 16:27:37.787  4734  4734 D SurfaceFlinger:      CLIENT | 0x6f7fa16940 | 0000 | RGBA_8888    |    0.0    0.0  720.0   68.0 |    0    0  720   68 | StatusBar$_8910#0
02-10 16:27:37.787  4734  4734 D SurfaceFlinger:      CLIENT | 0x7003ab29c0 | 0000 | RGBA_8888    |    0.0    0.0  720.0 1600.0 |    0    0  720 1600 | NotificationShade$_8910#0
02-10 16:27:37.787  4734  4734 D SurfaceFlinger:      CLIENT | 0x6f7fa152c0 | 0008 | RGBA_8888    |    0.0    0.0  720.0 1600.0 |    0    0  720 1600 | $_8910#0
02-10 16:27:37.787  4734  4734 D SurfaceFlinger: 
02-10 16:27:37.787  9491  9543 I EventReceiver_FLP: BroadcastReceiver : ACTION_SCREEN_ON
02-10 16:27:37.788  9491  9543 I EventReceiver_FLP: BroadcastReceiver finished
02-10 16:27:37.789  8910 23995 D KeyguardViewMediator: onFinishedWakingUp
02-10 16:27:37.791  4700 28235 I Sec MiscPowerHAL: !@sysfs_write +: /sys/class/power_supply/battery/lcd: 1
02-10 16:27:37.792  4700 28235 I Sec MiscPowerHAL: !@sysfs_write -: /sys/class/power_supply/battery/lcd: 1
02-10 16:27:37.799  5083  5125 D SamsungAlarmManager: setInexact (T:3/F:0/AC:false) 20320208T162737 now=4620056646 - CU:10186/CP:32225/OP:PendingIntent{d213899: PendingIntentRecord{5b9e75e com.google.android.gms/ startService}}
02-10 16:27:37.799  5083  5125 I SamsungAlarmManager: setLocked to kernel - T:2 / 20220210T163105, set=4620264617, now=4620056646
02-10 16:27:37.799  5083  5125 I SamsungAlarmManager: setLocked to kernel - T:3 / 20220210T162800, set=4620078848, now=4620056646
02-10 16:27:37.800  9265  9937 I VolteServiceModule: onSreenOnOffChanged: on =1
02-10 16:27:37.800  9265  9937 I StackIF<0>: updateScreenOnOff: on 1
02-10 16:27:37.800  9265  9937 I SECIMSJ : [5716]> 84
02-10 16:27:37.800  9265  9933 I [IMS6.0]: IMS_onResponse()
02-10 16:27:37.800  9265  9933 I StackIF : processMessage 2
02-10 16:27:37.800  9265  9933 I StackIF : Processing Response
02-10 16:27:37.800  9265  9933 I SECIMSJ : [5716]< 101
02-10 16:27:37.800  9265  9933 I StackIF : processResponse: reqId 101
02-10 16:27:37.800  9265  9933 I StackIF : processResponse: handle -1 result 0 reason 0
02-10 16:27:37.828  8910  8910 D KeyguardViewMediator: handleMessage 15
02-10 16:27:37.828  8910  8910 D KeyguardViewMediator: handleNotifyScreenTurnedOn
02-10 16:27:37.830  5083  5127 I Telecom:SamsungTelecomServiceImpl: isRinging - callingPackage : android
02-10 16:27:37.831  5083  5127 D WindowManager: powerPress: eventTime=608232006 interactive=true count=1 beganFromNonInteractive=true mShortPressOnPowerBehavior=1 systemKeyRequested=false
02-10 16:27:37.832  5083  5125 I DreamManagerService: Leaving dreamland.
02-10 16:27:37.833  5083  5125 D PowerManagerService: [api] release WakeLock DOZE_WAKE_LOCK                 'DreamManagerService' ACQ=-7m19s760ms (uid=1000 pid=5083 pkg=android)
02-10 16:27:37.836 10117 10117 I SDHMS:s : Mode : NORMAL
02-10 16:27:37.836  8910  8910 D KeyguardWallpaperController: onFinishedWakingUp:
02-10 16:27:37.837 10117 10117 I SDHMS:p : writeSysfs:: path = /dev/cpuset/restricted/cpus, value = 0-7
02-10 16:27:37.837  8910  8910 D FaceWidgetViewModel: onFinishedWakingUp()
02-10 16:27:37.837  8910  8910 D FaceWidgetViewModel: updateInfoParameters(waking up) isAODState = false, clockSidePadding = (42, 42), musicSidePadding = (20, 20)
02-10 16:27:37.837  8910  8910 D KeyguardPunchHoleVIView: onFinishedWakingUp
02-10 16:27:37.837  8910  8910 D KeyguardPunchHoleVIView: startVI() - return, face recognition is stopped
02-10 16:27:37.838  8910  8910 D KeyguardPunchHoleVIView_Bouncer: onFinishedWakingUp
02-10 16:27:37.838  8910  8910 D KeyguardPunchHoleVIView_Bouncer: updateScreenRotation() rotation 0 -> 0, screen width 0 -> 720, screen width 0 -> 1600
02-10 16:27:37.838  8910  8910 D KeyguardPunchHoleVIView_Bouncer: updateVILocation() Rect(24, 4 - 103, 84)
02-10 16:27:37.838  8910  8910 D KeyguardPunchHoleVIView_Bouncer: startVI() - return, face recognition is stopped
02-10 16:27:37.841  5083  5126 I DreamManagerService: Performing gentle wake from dream.
02-10 16:27:37.841  5083  5126 I DreamController: Stopping dream: name=ComponentInfo{com.android.systemui/com.android.systemui.doze.DozeService}, isTest=false, canDoze=true, userId=0, reason='finished self'(from 'requested stopDream')
02-10 16:27:37.845 18345 18345 I BluetoothAdapter: STATE_BLE_ON
02-10 16:27:37.846 18345 18396 I BluetoothAdapter: STATE_BLE_ON
02-10 16:27:37.847  5083  5092 I system_server: Background young concurrent copying GC freed 397304(22MB) AllocSpace objects, 37(4256KB) LOS objects, 28% free, 59MB/83MB, paused 1.447ms total 189.081ms
02-10 16:27:37.847  8910  8910 D QSClockBellTower: He is ready to ring the bell. (((QSClockBellSound - TimeText:16:27, TimeContentDescription:16:27, DateText:Thu, February 10, ShortDateText:Thu, Feb 10, Demofalse)))
02-10 16:27:37.847  8910  8910 D QSClockHomeIndicatorView: Home Indicator status_bar_clock notifyTimeChanged(QSClockBellSound - TimeText:16:27, TimeContentDescription:16:27, DateText:Thu, February 10, ShortDateText:Thu, Feb 10, Demofalse) ClockVisibleByPolicy:true, ClockVisibleByUser:true, visible?false, parent:android.widget.LinearLayout{37c4efb V.E...... ........ 0,0-0,48 #7f0a037c app:id/left_clock_container}
02-10 16:27:37.848  8910  8910 D QSClockBellTower: Everyone heard the bell. run(currentTime:1644503257846,   getTime():Thu Feb 10 16:27:37 GMT+02:00 2022,   getTimeZone():libcore.util.ZoneInfo[id="Europe/Helsinki",mRawOffset=7200000,mEarliestRawOffset=5989000,mUseDst=true,mDstSavings=3600000,transitions=118])
02-10 16:27:37.848  8910  8910 D FaceWidgetContainerObserver: onChanged() FaceWidgetContainerLiveData{mIsContainerVisible=true, mIsClipLayoutVisible=0, mRotation=0, mIsOwnerVisible=0, mOwnerInfoGravity=17, mAdditionalInfoGravity=17, mClockSideStartPadding=42, mClockSideEndPadding=42, mMusicSideStartPadding=20, mMusicSideEndPadding=20, mClockScale = 1.0, mInfoSideStartPadding=42, mInfoSideEndPadding=42, mClipLayoutWidth = -1, mClipLayoutHeight = -2, mIsUpdateOwnerInfoText=false, mAdditionalInfoRemoteView=null, mHasCMAS=false, mIsAdditionalViewGoingToSleep=false, mConfig=CustomConfiguration{fontScale=1.1, screenLayout=268435810, orientation=1, screenWidthDp=411, screenHeightDp=827, smallestScreenWidthDp=411, densityDpi=280, uiMode=33, isRTL=false, mConfiguration={1.1 244mcc12mnc [en_US] ldltr sw411dp w411dp h827dp 280dpi nrml long port night finger -keyb/v/h -nav/h winConfig={ mBounds=Rect(0, 0 - 720, 1600) mAppBounds=Rect(0, 68 - 720, 1516) mWindowingMode=fullscreen mDisplayWindowingMode=fullscreen mActivityType=undefined mAlwaysOnTop=undefined mRotation=ROTATION_0} s.11394 bts=0 ff=0 bf=0 themeSeq=0}}}
02-10 16:27:37.848  8910  8910 D KeyguardOwnerInfoView: updateOwnerInfo(hasCMAS): 0
02-10 16:27:37.848  8910  8910 D FaceWidgetOwnerInfoManager: getOwnerInfo() isDeviceOwnerInfo - false
02-10 16:27:37.848  8910  8910 D SecStatusBarMobileView: setStaticDrawableColor:
02-10 16:27:37.849  8910  8910 D DozeService: onDreamingStopped: 
02-10 16:27:37.851  8910  8910 D PluginAODManager: enableTouch : true FaceWidgetContainerWrapper = com.android.systemui.facewidget.plugin.FaceWidgetContainerWrapper@2f63161
02-10 16:27:37.851 18345 18396 I BluetoothAdapter: appoCount is = 0 G/S = 2/2
02-10 16:27:37.851 18345 18396 I BeaconManager[10.2.00.6]: BleScanHelper.directStopLeScan - call BleScanner.stopScan()
02-10 16:27:37.851 18345 18396 I BluetoothAdapter: STATE_BLE_ON
02-10 16:27:37.851 18345 18396 I BluetoothAdapter: appoCount is = 0 G/S = 2/2
02-10 16:27:37.853  9605  9742 W bt_btm  : btm_ble_disable_resolving_list() rl_state = 0x0, rl_mask = 0x2, to_resume = 1
02-10 16:27:37.854  9605 10111 D BtGatt.ContextMap: remove() - id: 4
02-10 16:27:37.854  9605 10111 E BtGatt.ContextMap: remove() - removed: 4
02-10 16:27:37.854  9605  9742 I bt_stack: [INFO:gatt_api.cc(1024)] GATT_Deregister gatt_if=4
02-10 16:27:37.854  9605  9742 I bt_stack: [INFO:gatt_api.cc(1075)] Initialize tGATT_REG
02-10 16:27:37.854 18345 18345 I BeaconManager[10.2.00.6]: BeaconManager.onReceive - receive Action : android.intent.action.SCREEN_ON
02-10 16:27:37.855 18345 18394 I BeaconManager[10.2.00.6]: BeaconManager.BeaconManagerWorkHandler - android.intent.action.SCREEN_ON
02-10 16:27:37.855 18345 18394 I BeaconManager[10.2.00.6]: BeaconManager.BeaconManagerWorkHandler - BroadcastReceiver onReceive end
02-10 16:27:37.855  9605  9734 W BtGatt.GattService: checkToReportData before boot completed
02-10 16:27:37.855  9605  9734 E BtGatt.GattService: [GSIM LOG]: gsimLogHandler, msg: MESSAGE_SCAN_STOP, appName: android.uid.bcmgr, scannerId: 4, reportDelayMillis=0
02-10 16:27:37.858  5083  5153 D PowerManagerService: [api] DreamReceiver: onReceive: android.intent.action.DREAMING_STOPPED
02-10 16:27:37.862  8910  8910 D DozeService: onPluginDisconnected: PluginClockPack
02-10 16:27:37.862  8910  8910 D DozeService: stopClockPack: mClockPackPlugin=com.samsung.android.app.clockpack.plugin.PluginClockPackImpl@8eddd9
02-10 16:27:37.862  8910  8910 I PluginClockPackImpl: onDreamingStopped()
02-10 16:27:37.862  8910  8910 I ClockPack: !@ClockPack: onDestroy
02-10 16:27:37.863  5083  5125 D SamsungAlarmManager: setInexact (T:3/F:0/AC:false) 20320208T162737 now=4620056710 - CU:10186/CP:8451/OP:PendingIntent{8c58436: PendingIntentRecord{225ef37 com.google.android.gms/ startService}}
02-10 16:27:37.863  8910  8910 I MODManager: unregister
02-10 16:27:37.863  5083  5125 I SamsungAlarmManager: setLocked to kernel - T:2 / 20220210T163105, set=4620264617, now=4620056710
02-10 16:27:37.863  5083  5125 I SamsungAlarmManager: setLocked to kernel - T:3 / 20220210T162800, set=4620078848, now=4620056710
02-10 16:27:37.864  5083  5083 D SamsungAlarmManager: Cancel Alarm calling from uid:1000 pid :5083 / L:6f26e91
02-10 16:27:37.864  8910  8910 I MODManager: unregisterDoubleTouchListener
02-10 16:27:37.864  5083 11082 D AODManagerService: unregisterAODDozeCallbackInternal
02-10 16:27:37.864  8910  8910 I ChargingInfoManager: removeMessages: 
02-10 16:27:37.865  8910  8910 W AODChargingInfoTimer: stop : not yet started 
02-10 16:27:37.865  8910  8910 I PluginClockPackImpl: onDestroy()
02-10 16:27:37.866  8910  9866 D KeyguardViewMediator: onDreamingStopped
02-10 16:27:37.867  5083 12313 D SamsungAlarmManager: Cancel Alarm calling from uid:10186 pid :32225 / OP:PendingIntent{493cca4: PendingIntentRecord{fc577e0 com.google.android.gms/com.google.android.gms.gcm broadcastIntent}}
02-10 16:27:37.869  5083 12313 I SamsungAlarmManager: setLocked to kernel - T:2 / 20220210T163105, set=4620264617, now=4620056716
02-10 16:27:37.869  5083 12313 I SamsungAlarmManager: setLocked to kernel - T:3 / 20220210T162800, set=4620078848, now=4620056716
02-10 16:27:37.869 32225 27507 I NetworkScheduler.Stats: Task com.google.android.gms/com.google.android.gms.checkin.EventLogService finished executing. cause:4 result: 1 elapsed_millis: 273 uptime_millis: 273 exec_start_elapsed_seconds: 4620056 [CONTEXT service_id=218 ]
02-10 16:27:37.876 12866 28232 I Finsky  : [103828] tw.s(1): Completed 0 account content syncs with 0 successful.
02-10 16:27:37.876 12866 12866 I Finsky  : [2] ContentSyncJob.a(1): [ContentSync] Installation state replication succeeded.
02-10 16:27:37.877 12866 12866 I Finsky  : [2] qew.r(4): SCH: jobFinished: 12-1. TimeElapsed: 193ms.
02-10 16:27:37.891  5083 10281 D SamsungAlarmManager: Cancel Alarm calling from uid:10186 pid :32225 / OP:PendingIntent{c546141: PendingIntentRecord{8076cff com.google.android.gms/com.google.android.gms.gcm broadcastIntent}}
02-10 16:27:37.892  5083 10281 I SamsungAlarmManager: setLocked to kernel - T:2 / 20220210T163105, set=4620264617, now=4620056739
02-10 16:27:37.892  5083 10281 I SamsungAlarmManager: setLocked to kernel - T:3 / 20220210T162800, set=4620078848, now=4620056740
02-10 16:27:37.920 32225 32255 I NearbySharing: Screen is locked [CONTEXT service_id=194 ]
02-10 16:27:37.920 32225 32255 I NearbySharing: Failed to stop scanning because weren't scanning. [CONTEXT service_id=194 ]
02-10 16:27:37.920 32225 32255 I NearbySharing: Stopping discovery because the screen is locked. [CONTEXT service_id=194 ]
02-10 16:27:37.920 32225 32255 I NearbySharing: Can't stop advertising FastInitiation. Not advertising. [CONTEXT service_id=194 ]
02-10 16:27:37.920 32225 32255 I NearbySharing: Stopping Fast Init advertisement because Bluetooth is off. [CONTEXT service_id=194 ]
02-10 16:27:37.921 32225 32255 I NearbySharing: Stopping advertising because the screen is locked. [CONTEXT service_id=194 ]
02-10 16:27:37.921 32225 32255 I NearbySharing: Stopping FastInitiation scanning because the screen is locked. [CONTEXT service_id=194 ]
02-10 16:27:37.921 32225 32255 I NearbySharing: Can't stop scanning for FastInitiation. Not scanning. [CONTEXT service_id=194 ]
02-10 16:27:37.921 32225 32255 I NearbySharing: Cancelling in use notification [CONTEXT service_id=194 ]
02-10 16:27:37.922 32225 32255 I NearbySharing: Fast Initiation Scanning has stopped [CONTEXT service_id=194 ]
02-10 16:27:37.922 32225 32255 I NearbySharing: Dismissing HUN as there's no device nearby. [CONTEXT service_id=194 ]
02-10 16:27:37.922 32225 32255 I NearbySharing: Cancelling in use notification [CONTEXT service_id=194 ]
02-10 16:27:37.927 21666 21714 I SystemBroadcastReceiver: [#CMH#] onReceive completed :  0
02-10 16:27:37.928 21666 21666 I PolicyManager: [#CMH#] onReceive action = EVENT_SCREEN_ON
02-10 16:27:37.932 12866 20980 I Finsky  : [103608] pgl.accept(30): SCH: Scheduling phonesky job Id: 1-1337, CT: 1644489189118, Constraints: [{ L: 43147031, D: 86347031, C: 1, I: 1, N: 1 }]
02-10 16:27:37.936 10117 10655 I SDHMS:PowerAnomaly:GATHERERBATTSTATS: BarTender addStats To ExtDB Start
02-10 16:27:37.949 32225 18056 I NearbyDiscovery: FastPairHandler: Received action android.intent.action.SCREEN_ON [CONTEXT service_id=49 ]
02-10 16:27:37.949 32225 27507 I NetworkScheduler.Stats: Task com.google.android.gms/com.google.android.gms.tapandpay.gcmtask.TapAndPayGcmTaskService started execution. cause:5 exec_start_elapsed_seconds: 4620056 [CONTEXT service_id=218 ]
02-10 16:27:37.950 32225 28183 W TapAndPay: platformSupportsGooglePay: true [CONTEXT service_id=79 ]
02-10 16:27:37.950 32225 28183 W TapAndPay: hasManagedProfile: false [CONTEXT service_id=79 ]
02-10 16:27:37.950 32225 28183 W TapAndPay: isChromeOsDevice: false [CONTEXT service_id=79 ]
02-10 16:27:37.950 32225 28183 W TapAndPay: isUncertifiedDevice: false [CONTEXT service_id=79 ]
02-10 16:27:37.950 32225 28183 W TapAndPay: deviceSupportsTokenization: true [CONTEXT service_id=79 ]
02-10 16:27:37.950 32225 28183 W TapAndPay: isGooglePayEnabled: true [CONTEXT service_id=79 ]
02-10 16:27:37.952 12866 20980 I Finsky  : [103608] pyk.apply(14): SCH: Scheduling 1 system job(s)
02-10 16:27:37.952 12866 20980 I Finsky  : [103608] pyk.apply(20): SCH: Scheduling system job Id: 9695, L: 29078197, D: 72278197, C: false, I: false, N: 1
02-10 16:27:37.953 32225 18056 I NearbyDiscovery: FastPairScanner2: isScreenOn=true, scanWithScreenOff=false, isLocationEnabled=false, disableLocationRequirement=false, isDiscoveryScanningEnabled=true [CONTEXT service_id=49 ]
02-10 16:27:37.954 32225 18056 I BluetoothAdapter: STATE_BLE_ON
02-10 16:27:37.954 32225 18056 I BluetoothAdapter: appoCount is = 0
02-10 16:27:37.954 18345 18396 I BeaconManager[10.2.00.6]: BleScanHelper.startBleScan - Start filter Scan(SCREEN_ON)
02-10 16:27:37.956 32225 18056 I NearbyDiscovery: FastPairScanner2: eventType=SCREEN_ON, intReq=false, scanning=false, scanAllowed=false, bleEnabled=false, bleScanAvailable=true, lockScanRate=false [CONTEXT service_id=49 ]
02-10 16:27:37.957 18345 18396 I BluetoothAdapter: STATE_BLE_ON
02-10 16:27:37.958 18345 18396 I BluetoothAdapter: appoCount is = 0 G/S = 2/2
02-10 16:27:37.958 18345 18396 I BluetoothAdapter: STATE_BLE_ON
02-10 16:27:37.959 18345 18396 I BluetoothAdapter: appoCount is = 0 G/S = 2/2
02-10 16:27:37.959 18345 18396 I BluetoothAdapter: STATE_BLE_ON
02-10 16:27:37.959 18345 18396 I BluetoothAdapter: appoCount is = 0 G/S = 2/2
02-10 16:27:37.962  5083  5083 D PowerManagerService: [PWL] sb release: PowerManagerService.Broadcasts
02-10 16:27:37.963  9605 10111 D BtGatt.ContextMap: add() - appUid: 5006, appPid: 18345, appName: android.uid.bcmgr
02-10 16:27:37.964  9605  9742 I bt_stack: [INFO:gatt_api.cc(950)] GATT_Register b2eeee4f-aebb-4b83-b84e-da039e927a71
02-10 16:27:37.964  9605  9742 I bt_stack: [INFO:gatt_api.cc(994)] allocated gatt_if=4
02-10 16:27:37.964  9605  9742 I bt_stack: [INFO:gatt_api.cc(1101)] GATT_StartIf gatt_if=4
02-10 16:27:37.964  9605  9699 D BtGatt.GattService: onScannerRegistered() - UUID=b2eeee4f-aebb-4b83-b84e-da039e927a71, scannerId=4, status=0
02-10 16:27:37.966  9605 10111 I BluetoothAdapter: STATE_BLE_ON
02-10 16:27:37.967 10117 10655 I SDHMS:PowerAnomaly:ANALYZERBATTSTATS: BatteryStats Analyze Start
02-10 16:27:37.967  9605 10111 I BluetoothAdapter: bleAppCnt is = 2
02-10 16:27:37.967 10117 10655 I SDHMS:PowerAnomaly:GATHERERBATTSTATS: BarTender BatteryStatsUpdateReceiver End
02-10 16:27:37.967 10117 10655 I SDHMS:y : Polling event handleUpdatedDeltaLocked will starts.
02-10 16:27:37.967 10117 10655 I SDHMS:y : handleUpdatedDeltaLocked : 2022-02-10 16:10:51.458 ~ 2022-02-10 16:27:37.967   reason=POLLING
02-10 16:27:37.967 10117 10655 I SDHMS:y : refreshStats!! devInfo=power = 0.0, screenPower = 0.0, idlePower = 0.0, percent = 0, screenOnTime = 0, screenOffTime = 0, uptime = 0, screenOffUptime = 0, AOD = 0, powerSave = 0, wakelock time = 0 appInfo size=0
02-10 16:27:37.967 10117 10655 I SDHMS:y : Polling event handleUpdatedDeltaLocked finished.
02-10 16:27:37.968  9605 10111 E BluetoothUtils: Permission denial: Location is off.
02-10 16:27:37.969  5083 10290 D SamsungAlarmManager: setInexact (T:3/F:8/AC:false) 20220210T163737 now=4620056817 - CU:1000/CP:10117/OP:PendingIntent{8d2f779: PendingIntentRecord{36a7154 com.sec.android.sdhms broadcastIntent}}
02-10 16:27:37.969  5083 10290 I SamsungAlarmManager: setLocked to kernel - T:2 / 20220210T163105, set=4620264617, now=4620056817
02-10 16:27:37.969  5083 10290 I SamsungAlarmManager: setLocked to kernel - T:3 / 20220210T162800, set=4620078848, now=4620056817
02-10 16:27:37.971  9605  9732 I BluetoothAdapter: STATE_BLE_ON
02-10 16:27:37.971  9605  9732 I BluetoothAdapter: appoCount is = 0 G/S = 2/2
02-10 16:27:37.973  9605  9734 W BtGatt.GattService: checkToReportData before boot completed
02-10 16:27:37.973  9605  9734 E BtGatt.GattService: [GSIM LOG]: gsimLogHandler, msg: MESSAGE_SCAN_START, appName: android.uid.bcmgr, scannerId: 4, reportDelayMillis=0
02-10 16:27:37.973  9605  9732 I BluetoothAdapter: STATE_BLE_ON
02-10 16:27:37.974  9605  9732 I BluetoothAdapter: appoCount is = 0 G/S = 2/2
02-10 16:27:37.974  9605  9732 I BluetoothAdapter: STATE_BLE_ON
02-10 16:27:37.974  9605  9732 I BluetoothAdapter: appoCount is = 0 G/S = 2/2
02-10 16:27:37.976  5083 11082 D SamsungAlarmManager: setInexact (T:3/F:0/AC:false) 20220210T163435 now=4620056824 - CU:10186/CP:32225/OP:PendingIntent{29235: PendingIntentRecord{8076cff com.google.android.gms/com.google.android.gms.gcm broadcastIntent}}
02-10 16:27:37.976  5083 11082 I SamsungAlarmManager: setLocked to kernel - T:2 / 20220210T163105, set=4620264617, now=4620056824
02-10 16:27:37.976  5083 11082 I SamsungAlarmManager: setLocked to kernel - T:3 / 20220210T162800, set=4620078848, now=4620056824
02-10 16:27:37.978  9605  9732 D BtGatt.ScanManager: configureFilterParamter() : onFoundTimeout | onLostTimeout | onFoundCount | numOfTrackingEntries | scanFilterRssiThreshold | trackableScanFilterRssiThreshold | matchMode
02-10 16:27:37.978  9605  9732 D BtGatt.ScanManager: configureFilterParamter() : __________500__|________10000__|___________1__|___________________0__|___________________-128__|____________________________-128__|________1_
02-10 16:27:37.980 32225 28183 I NetworkScheduler.Stats: Task com.google.android.gms/com.google.android.gms.stats.PlatformStatsCollectorService started execution. cause:5 exec_start_elapsed_seconds: 4620056 [CONTEXT service_id=218 ]
02-10 16:27:37.983 12866 28229 I Finsky  : [103826] qgn.a(16): SCH: job service finished with id 9692.
02-10 16:27:37.983 32225 28182 I NetworkScheduler.Stats: Task com.google.android.gms/com.google.android.gms.tapandpay.gcmtask.TapAndPayGcmTaskService finished executing. cause:5 result: 1 elapsed_millis: 68 uptime_millis: 69 exec_start_elapsed_seconds: 4620056 [CONTEXT service_id=218 ]
02-10 16:27:37.984  9605  9732 D BtGatt.ScanManager: configureFilterParamter() : onFoundTimeout | onLostTimeout | onFoundCount | numOfTrackingEntries | scanFilterRssiThreshold | trackableScanFilterRssiThreshold | matchMode
02-10 16:27:37.984  9605  9732 D BtGatt.ScanManager: configureFilterParamter() : __________500__|________10000__|___________1__|___________________0__|___________________-128__|____________________________-128__|________1_
02-10 16:27:37.990  9605  9732 D BtGatt.ScanManager: configureFilterParamter() : onFoundTimeout | onLostTimeout | onFoundCount | numOfTrackingEntries | scanFilterRssiThreshold | trackableScanFilterRssiThreshold | matchMode
02-10 16:27:37.990  9605  9732 D BtGatt.ScanManager: configureFilterParamter() : __________500__|________10000__|___________1__|___________________0__|___________________-128__|____________________________-128__|________1_
02-10 16:27:37.996  9605  9732 D BtGatt.ScanManager: configureFilterParamter() : onFoundTimeout | onLostTimeout | onFoundCount | numOfTrackingEntries | scanFilterRssiThreshold | trackableScanFilterRssiThreshold | matchMode
02-10 16:27:37.996  9605  9732 D BtGatt.ScanManager: configureFilterParamter() : __________500__|________10000__|___________1__|___________________0__|___________________-128__|____________________________-128__|________1_
02-10 16:27:38.000 32225 28182 I NetworkScheduler.Stats: Task com.google.android.gms/com.google.android.gms.stats.PlatformStatsCollectorService finished executing. cause:5 result: 1 elapsed_millis: 48 uptime_millis: 49 exec_start_elapsed_seconds: 4620056 [CONTEXT service_id=218 ]
02-10 16:27:38.002  9605  9732 D BtGatt.ScanManager: configureFilterParamter() : onFoundTimeout | onLostTimeout | onFoundCount | numOfTrackingEntries | scanFilterRssiThreshold | trackableScanFilterRssiThreshold | matchMode
02-10 16:27:38.002  9605  9732 D BtGatt.ScanManager: configureFilterParamter() : __________500__|________10000__|___________1__|___________________0__|___________________-128__|____________________________-128__|________1_
02-10 16:27:38.003  5083 12313 D SamsungAlarmManager: Cancel Alarm calling from uid:10186 pid :32225 / OP:PendingIntent{3a296ca: PendingIntentRecord{8076cff com.google.android.gms/com.google.android.gms.gcm broadcastIntent}}
02-10 16:27:38.004  5083 12313 I SamsungAlarmManager: setLocked to kernel - T:2 / 20220210T163105, set=4620264617, now=4620056851
02-10 16:27:38.004  5083 12313 I SamsungAlarmManager: setLocked to kernel - T:3 / 20220210T162800, set=4620078848, now=4620056851
02-10 16:27:38.008  9605  9732 D BtGatt.ScanManager: configureFilterParamter() : onFoundTimeout | onLostTimeout | onFoundCount | numOfTrackingEntries | scanFilterRssiThreshold | trackableScanFilterRssiThreshold | matchMode
02-10 16:27:38.008  9605  9732 D BtGatt.ScanManager: configureFilterParamter() : __________500__|________10000__|___________1__|___________________0__|___________________-128__|____________________________-128__|________1_
02-10 16:27:38.011  9605  9732 D BtGatt.ScanManager: configureFilterParamter() : onFoundTimeout | onLostTimeout | onFoundCount | numOfTrackingEntries | scanFilterRssiThreshold | trackableScanFilterRssiThreshold | matchMode
02-10 16:27:38.011  9605  9732 D BtGatt.ScanManager: configureFilterParamter() : __________500__|________10000__|___________1__|___________________0__|___________________-128__|____________________________-128__|________1_
02-10 16:27:38.013  9605  9732 D BtGatt.ScanManager: configureFilterParamter() : onFoundTimeout | onLostTimeout | onFoundCount | numOfTrackingEntries | scanFilterRssiThreshold | trackableScanFilterRssiThreshold | matchMode
02-10 16:27:38.013  9605  9732 D BtGatt.ScanManager: configureFilterParamter() : __________500__|________10000__|___________1__|___________________0__|___________________-128__|____________________________-128__|________1_
02-10 16:27:38.014  9605  9742 W bt_btm  : btm_ble_disable_resolving_list() rl_state = 0x0, rl_mask = 0x2, to_resume = 1
02-10 16:27:38.014  9605  9742 W bt_btm  : btm_ble_disable_resolving_list() rl_state = 0x0, rl_mask = 0x2, to_resume = 1
02-10 16:27:38.014  9605  9742 W bt_btm  : btm_ble_disable_resolving_list() rl_state = 0x0, rl_mask = 0x2, to_resume = 1
02-10 16:27:38.028  5083 28234 D WifiConnectivityMonitor.DnsThread:  [|210]
02-10 16:27:38.028  5083  8826 D WifiConnectivityMonitor: DNS resultType : 0, responseTime : 210
02-10 16:27:38.029  5083  8824 D WifiConnectivityMonitor: updateBssidLatestDnsResultType - result: 0
02-10 16:27:38.047  5083 11082 D SamsungAlarmManager: setInexact (T:3/F:0/AC:false) 20220210T163435 now=4620056895 - CU:10186/CP:32225/OP:PendingIntent{8db5517: PendingIntentRecord{8076cff com.google.android.gms/com.google.android.gms.gcm broadcastIntent}}
02-10 16:27:38.047  5083 11082 I SamsungAlarmManager: setLocked to kernel - T:2 / 20220210T163105, set=4620264617, now=4620056895
02-10 16:27:38.047  5083 11082 I SamsungAlarmManager: setLocked to kernel - T:3 / 20220210T162800, set=4620078848, now=4620056895
02-10 16:27:38.049 32225 27507 W TapAndPay: platformSupportsGooglePay: true [CONTEXT service_id=79 ]
02-10 16:27:38.049 32225 27507 W TapAndPay: hasManagedProfile: false [CONTEXT service_id=79 ]
02-10 16:27:38.049 32225 27507 W TapAndPay: isChromeOsDevice: false [CONTEXT service_id=79 ]
