02-10 16:26:48.981 26906 26906 D CollisionEvent: Colliding tetromino: S
02-10 16:26:48.981 26906 26906 D CollisionEvent: Grid at time of collision: {0={3=I, 4=Z, 5=S, 6=T}, 1={4=T, 5=T, 6=T}, 2={4=O, 5=O}, 3={4=J}, 4={4=J, 5=J, 6=J}, 5={5=S, 6=S}, 6={4=S, 5=S}, 7={4=O, 5=O}, 8={4=O, 5=O}, 9={4=J}, 10={4=J, 5=J, 6=J}, 11={4=O, 5=O}, 12={4=O, 5=O}, 13={4=O, 5=O}, 14={4=O, 5=O}, 15={4=O, 5=O}, 16={4=O, 5=O, 3=S}, 17={4=S, 3=S}, 18={4=S, 1=S}, 19={1=S, 2=S}, 20={0=O, 1=O, 2=S}, 21={0=O, 1=O}}
02-10 16:26:48.981 26906 26906 D CollisionEvent: Collision event occurred: Down
02-10 16:26:48.981 26906 26906 D CollisionEvent: Colliding tetromino: S
02-10 16:26:48.982 26906 26906 D CollisionEvent: Grid at time of collision: {0={3=I, 4=Z, 5=S, 6=T}, 1={4=T, 5=T, 6=T}, 2={4=O, 5=O}, 3={4=J}, 4={4=J, 5=J, 6=J}, 5={5=S, 6=S}, 6={4=S, 5=S}, 7={4=O, 5=O}, 8={4=O, 5=O}, 9={4=J}, 10={4=J, 5=J, 6=J}, 11={4=O, 5=O}, 12={4=O, 5=O}, 13={4=O, 5=O}, 14={4=O, 5=O}, 15={4=O, 5=O}, 16={4=O, 5=O, 3=S}, 17={4=S, 3=S}, 18={4=S, 1=S}, 19={1=S, 2=S}, 20={0=O, 1=O, 2=S}, 21={0=O, 1=O}}
02-10 16:26:49.540 26906 26906 D CollisionEvent: Collision event occurred: Down
02-10 16:26:49.540 26906 26906 D CollisionEvent: Colliding tetromino: T
02-10 16:26:49.541 26906 26906 D CollisionEvent: Grid at time of collision: {0={3=I, 4=I, 5=I, 6=I}, 1={4=T, 5=T, 6=T}, 2={5=Z, 6=Z}, 3={5=S, 6=S}, 4={4=S, 5=S}, 5={4=O, 5=O}, 6={4=O, 5=O}, 7={4=Z, 5=Z}, 8={5=Z, 6=Z}, 9={6=T}, 10={4=T, 5=T, 6=T}, 11={5=S, 6=S}, 12={4=S, 5=S, 6=T}, 13={4=T, 5=T, 6=T}, 14={5=S, 6=S}, 15={4=S, 5=S, 6=T}, 16={4=T, 5=T, 6=T}, 17={4=J}, 18={1=Z, 4=J, 5=J, 6=J}, 19={0=Z, 1=Z}, 20={0=Z, 9=T}, 21={8=T, 9=T, 7=T}}
02-10 16:26:49.541 26906 26906 D CollisionEvent: Collision event occurred: Down
02-10 16:26:49.541 26906 26906 D CollisionEvent: Colliding tetromino: T
02-10 16:26:49.542 26906 26906 D CollisionEvent: Grid at time of collision: {0={3=I, 4=I, 5=I, 6=I}, 1={4=T, 5=T, 6=T}, 2={5=Z, 6=Z}, 3={5=S, 6=S}, 4={4=S, 5=S}, 5={4=O, 5=O}, 6={4=O, 5=O}, 7={4=Z, 5=Z}, 8={5=Z, 6=Z}, 9={6=T}, 10={4=T, 5=T, 6=T}, 11={5=S, 6=S}, 12={4=S, 5=S, 6=T}, 13={4=T, 5=T, 6=T}, 14={5=S, 6=S}, 15={4=S, 5=S, 6=T}, 16={4=T, 5=T, 6=T}, 17={4=J}, 18={1=Z, 4=J, 5=J, 6=J}, 19={0=Z, 1=Z}, 20={0=Z, 9=T}, 21={8=T, 9=T, 7=T}}
02-10 16:26:49.543 26906 26906 D CollisionEvent: Collision event occurred: Down
02-10 16:26:49.543 26906 26906 D CollisionEvent: Colliding tetromino: T
02-10 16:26:49.543 26906 26906 D CollisionEvent: Grid at time of collision: {0={3=I, 4=I, 5=T, 6=I}, 1={4=T, 5=T, 6=T}, 2={5=Z, 6=Z}, 3={5=S, 6=S}, 4={4=S, 5=S}, 5={4=O, 5=O}, 6={4=O, 5=O}, 7={4=Z, 5=Z}, 8={5=Z, 6=Z}, 9={6=T}, 10={4=T, 5=T, 6=T}, 11={5=S, 6=S}, 12={4=S, 5=S, 6=T}, 13={4=T, 5=T, 6=T}, 14={5=S, 6=S}, 15={4=S, 5=S, 6=T}, 16={4=T, 5=T, 6=T}, 17={4=J}, 18={1=Z, 4=J, 5=J, 6=J}, 19={0=Z, 1=Z}, 20={0=Z, 9=T}, 21={8=T, 9=T, 7=T}}
02-10 16:26:49.543 26906 26906 D CollisionEvent: Collision event occurred: Down
02-10 16:26:49.543 26906 26906 D CollisionEvent: Colliding tetromino: T
02-10 16:26:49.544 26906 26906 D CollisionEvent: Grid at time of collision: {0={3=I, 4=I, 5=T, 6=I}, 1={4=T, 5=T, 6=T}, 2={5=Z, 6=Z}, 3={5=S, 6=S}, 4={4=S, 5=S}, 5={4=O, 5=O}, 6={4=O, 5=O}, 7={4=Z, 5=Z}, 8={5=Z, 6=Z}, 9={6=T}, 10={4=T, 5=T, 6=T}, 11={5=S, 6=S}, 12={4=S, 5=S, 6=T}, 13={4=T, 5=T, 6=T}, 14={5=S, 6=S}, 15={4=S, 5=S, 6=T}, 16={4=T, 5=T, 6=T}, 17={4=J}, 18={1=Z, 4=J, 5=J, 6=J}, 19={0=Z, 1=Z}, 20={0=Z, 9=T}, 21={8=T, 9=T, 7=T}}
02-10 16:26:49.982 26906 26906 D CollisionEvent: Collision event occurred: Down
02-10 16:26:49.982 26906 26906 D CollisionEvent: Colliding tetromino: S
02-10 16:26:49.983 26906 26906 D CollisionEvent: Grid at time of collision: {0={3=I, 4=Z, 5=S, 6=T}, 1={4=T, 5=T, 6=T}, 2={4=O, 5=O}, 3={4=J}, 4={4=J, 5=J, 6=J}, 5={5=S, 6=S}, 6={4=S, 5=S}, 7={4=O, 5=O}, 8={4=O, 5=O}, 9={4=J}, 10={4=J, 5=J, 6=J}, 11={4=O, 5=O}, 12={4=O, 5=O}, 13={4=O, 5=O}, 14={4=O, 5=O}, 15={4=O, 5=O}, 16={4=O, 5=O, 3=S}, 17={4=S, 3=S}, 18={4=S, 1=S}, 19={1=S, 2=S}, 20={0=O, 1=O, 2=S}, 21={0=O, 1=O}}
02-10 16:26:49.983 26906 26906 D CollisionEvent: Collision event occurred: Down
02-10 16:26:49.983 26906 26906 D CollisionEvent: Colliding tetromino: S
02-10 16:26:49.983 26906 26906 D CollisionEvent: Grid at time of collision: {0={3=I, 4=Z, 5=S, 6=T}, 1={4=T, 5=T, 6=T}, 2={4=O, 5=O}, 3={4=J}, 4={4=J, 5=J, 6=J}, 5={5=S, 6=S}, 6={4=S, 5=S}, 7={4=O, 5=O}, 8={4=O, 5=O}, 9={4=J}, 10={4=J, 5=J, 6=J}, 11={4=O, 5=O}, 12={4=O, 5=O}, 13={4=O, 5=O}, 14={4=O, 5=O}, 15={4=O, 5=O}, 16={4=O, 5=O, 3=S}, 17={4=S, 3=S}, 18={4=S, 1=S}, 19={1=S, 2=S}, 20={0=O, 1=O, 2=S}, 21={0=O, 1=O}}
02-10 16:26:49.984 26906 26906 D CollisionEvent: Collision event occurred: Down
02-10 16:26:49.984 26906 26906 D CollisionEvent: Colliding tetromino: Z
02-10 16:26:49.985 26906 26906 D CollisionEvent: Grid at time of collision: {0={3=I, 4=Z, 5=S, 6=S}, 1={4=S, 5=S, 6=T}, 2={4=O, 5=O}, 3={4=J}, 4={4=J, 5=J, 6=J}, 5={5=S, 6=S}, 6={4=S, 5=S}, 7={4=O, 5=O}, 8={4=O, 5=O}, 9={4=J}, 10={4=J, 5=J, 6=J}, 11={4=O, 5=O}, 12={4=O, 5=O}, 13={4=O, 5=O}, 14={4=O, 5=O}, 15={4=O, 5=O}, 16={4=O, 5=O, 3=S}, 17={4=S, 3=S}, 18={4=S, 1=S}, 19={1=S, 2=S}, 20={0=O, 1=O, 2=S}, 21={0=O, 1=O}}
02-10 16:26:49.985 26906 26906 D CollisionEvent: Collision event occurred: Down
02-10 16:26:49.985 26906 26906 D CollisionEvent: Colliding tetromino: Z
02-10 16:26:49.985 26906 26906 D CollisionEvent: Grid at time of collision: {0={3=I, 4=Z, 5=S, 6=S}, 1={4=S, 5=S, 6=T}, 2={4=O, 5=O}, 3={4=J}, 4={4=J, 5=J, 6=J}, 5={5=S, 6=S}, 6={4=S, 5=S}, 7={4=O, 5=O}, 8={4=O, 5=O}, 9={4=J}, 10={4=J, 5=J, 6=J}, 11={4=O, 5=O}, 12={4=O, 5=O}, 13={4=O, 5=O}, 14={4=O, 5=O}, 15={4=O, 5=O}, 16={4=O, 5=O, 3=S}, 17={4=S, 3=S}, 18={4=S, 1=S}, 19={1=S, 2=S}, 20={0=O, 1=O, 2=S}, 21={0=O, 1=O}}
02-10 16:26:50.541  4618  4618 E audit   : type=1400 audit(1644503210.537:186847): avc:  denied  { dac_override } for  pid=24156 comm="kworker/u16:1" capability=1  scontext=u:r:kernel:s0 tcontext=u:r:kernel:s0 tclass=capability permissive=0 SEPF_SM-A217F_11_0010 audit_filtered
02-10 16:26:50.544 26906 26906 D CollisionEvent: Collision event occurred: Down
02-10 16:26:50.544 26906 26906 D CollisionEvent: Colliding tetromino: T
02-10 16:26:50.545 26906 26906 D CollisionEvent: Grid at time of collision: {0={3=I, 4=I, 5=T, 6=I}, 1={4=T, 5=T, 6=T}, 2={5=Z, 6=Z}, 3={5=S, 6=S}, 4={4=S, 5=S}, 5={4=O, 5=O}, 6={4=O, 5=O}, 7={4=Z, 5=Z}, 8={5=Z, 6=Z}, 9={6=T}, 10={4=T, 5=T, 6=T}, 11={5=S, 6=S}, 12={4=S, 5=S, 6=T}, 13={4=T, 5=T, 6=T}, 14={5=S, 6=S}, 15={4=S, 5=S, 6=T}, 16={4=T, 5=T, 6=T}, 17={4=J}, 18={1=Z, 4=J, 5=J, 6=J}, 19={0=Z, 1=Z}, 20={0=Z, 9=T}, 21={8=T, 9=T, 7=T}}
02-10 16:26:50.545 26906 26906 D CollisionEvent: Collision event occurred: Down
02-10 16:26:50.545 26906 26906 D CollisionEvent: Colliding tetromino: T
02-10 16:26:50.545 26906 26906 D CollisionEvent: Grid at time of collision: {0={3=I, 4=I, 5=T, 6=I}, 1={4=T, 5=T, 6=T}, 2={5=Z, 6=Z}, 3={5=S, 6=S}, 4={4=S, 5=S}, 5={4=O, 5=O}, 6={4=O, 5=O}, 7={4=Z, 5=Z}, 8={5=Z, 6=Z}, 9={6=T}, 10={4=T, 5=T, 6=T}, 11={5=S, 6=S}, 12={4=S, 5=S, 6=T}, 13={4=T, 5=T, 6=T}, 14={5=S, 6=S}, 15={4=S, 5=S, 6=T}, 16={4=T, 5=T, 6=T}, 17={4=J}, 18={1=Z, 4=J, 5=J, 6=J}, 19={0=Z, 1=Z}, 20={0=Z, 9=T}, 21={8=T, 9=T, 7=T}}
02-10 16:26:50.547 26906 26906 D CollisionEvent: Collision event occurred: Down
02-10 16:26:50.547 26906 26906 D CollisionEvent: Colliding tetromino: T
02-10 16:26:50.547 26906 26906 D CollisionEvent: Grid at time of collision: {0={3=I, 4=I, 5=T, 6=I}, 1={4=T, 5=T, 6=T}, 2={5=Z, 6=Z}, 3={5=S, 6=S}, 4={4=S, 5=S}, 5={4=O, 5=O}, 6={4=O, 5=O}, 7={4=Z, 5=Z}, 8={5=Z, 6=Z}, 9={6=T}, 10={4=T, 5=T, 6=T}, 11={5=S, 6=S}, 12={4=S, 5=S, 6=T}, 13={4=T, 5=T, 6=T}, 14={5=S, 6=S}, 15={4=S, 5=S, 6=T}, 16={4=T, 5=T, 6=T}, 17={4=J}, 18={1=Z, 4=J, 5=J, 6=J}, 19={0=Z, 1=Z}, 20={0=Z, 9=T}, 21={8=T, 9=T, 7=T}}
02-10 16:26:50.547 26906 26906 D CollisionEvent: Collision event occurred: Down
02-10 16:26:50.547 26906 26906 D CollisionEvent: Colliding tetromino: T
02-10 16:26:50.548 26906 26906 D CollisionEvent: Grid at time of collision: {0={3=I, 4=I, 5=T, 6=I}, 1={4=T, 5=T, 6=T}, 2={5=Z, 6=Z}, 3={5=S, 6=S}, 4={4=S, 5=S}, 5={4=O, 5=O}, 6={4=O, 5=O}, 7={4=Z, 5=Z}, 8={5=Z, 6=Z}, 9={6=T}, 10={4=T, 5=T, 6=T}, 11={5=S, 6=S}, 12={4=S, 5=S, 6=T}, 13={4=T, 5=T, 6=T}, 14={5=S, 6=S}, 15={4=S, 5=S, 6=T}, 16={4=T, 5=T, 6=T}, 17={4=J}, 18={1=Z, 4=J, 5=J, 6=J}, 19={0=Z, 1=Z}, 20={0=Z, 9=T}, 21={8=T, 9=T, 7=T}}
02-10 16:26:50.557 22593 22593 I wpa_supplicant: Heartbeat 1028
02-10 16:26:50.984 26906 26906 D CollisionEvent: Collision event occurred: Down
02-10 16:26:50.984 26906 26906 D CollisionEvent: Colliding tetromino: Z
02-10 16:26:50.985 26906 26906 D CollisionEvent: Grid at time of collision: {0={3=I, 4=Z, 5=S, 6=S}, 1={4=S, 5=S, 6=T}, 2={4=O, 5=O}, 3={4=J}, 4={4=J, 5=J, 6=J}, 5={5=S, 6=S}, 6={4=S, 5=S}, 7={4=O, 5=O}, 8={4=O, 5=O}, 9={4=J}, 10={4=J, 5=J, 6=J}, 11={4=O, 5=O}, 12={4=O, 5=O}, 13={4=O, 5=O}, 14={4=O, 5=O}, 15={4=O, 5=O}, 16={4=O, 5=O, 3=S}, 17={4=S, 3=S}, 18={4=S, 1=S}, 19={1=S, 2=S}, 20={0=O, 1=O, 2=S}, 21={0=O, 1=O}}
02-10 16:26:50.985 26906 26906 D CollisionEvent: Collision event occurred: Down
02-10 16:26:50.985 26906 26906 D CollisionEvent: Colliding tetromino: Z
02-10 16:26:50.986 26906 26906 D CollisionEvent: Grid at time of collision: {0={3=I, 4=Z, 5=S, 6=S}, 1={4=S, 5=S, 6=T}, 2={4=O, 5=O}, 3={4=J}, 4={4=J, 5=J, 6=J}, 5={5=S, 6=S}, 6={4=S, 5=S}, 7={4=O, 5=O}, 8={4=O, 5=O}, 9={4=J}, 10={4=J, 5=J, 6=J}, 11={4=O, 5=O}, 12={4=O, 5=O}, 13={4=O, 5=O}, 14={4=O, 5=O}, 15={4=O, 5=O}, 16={4=O, 5=O, 3=S}, 17={4=S, 3=S}, 18={4=S, 1=S}, 19={1=S, 2=S}, 20={0=O, 1=O, 2=S}, 21={0=O, 1=O}}
02-10 16:26:50.987 26906 26906 D CollisionEvent: Collision event occurred: Down
02-10 16:26:50.987 26906 26906 D CollisionEvent: Colliding tetromino: Z
02-10 16:26:50.987 26906 26906 D CollisionEvent: Grid at time of collision: {0={3=I, 4=Z, 5=Z, 6=S}, 1={4=S, 5=Z, 6=Z}, 2={4=O, 5=O}, 3={4=J}, 4={4=J, 5=J, 6=J}, 5={5=S, 6=S}, 6={4=S, 5=S}, 7={4=O, 5=O}, 8={4=O, 5=O}, 9={4=J}, 10={4=J, 5=J, 6=J}, 11={4=O, 5=O}, 12={4=O, 5=O}, 13={4=O, 5=O}, 14={4=O, 5=O}, 15={4=O, 5=O}, 16={4=O, 5=O, 3=S}, 17={4=S, 3=S}, 18={4=S, 1=S}, 19={1=S, 2=S}, 20={0=O, 1=O, 2=S}, 21={0=O, 1=O}}
02-10 16:26:50.987 26906 26906 D CollisionEvent: Collision event occurred: Down
02-10 16:26:50.987 26906 26906 D CollisionEvent: Colliding tetromino: Z
02-10 16:26:50.988 26906 26906 D CollisionEvent: Grid at time of collision: {0={3=I, 4=Z, 5=Z, 6=S}, 1={4=S, 5=Z, 6=Z}, 2={4=O, 5=O}, 3={4=J}, 4={4=J, 5=J, 6=J}, 5={5=S, 6=S}, 6={4=S, 5=S}, 7={4=O, 5=O}, 8={4=O, 5=O}, 9={4=J}, 10={4=J, 5=J, 6=J}, 11={4=O, 5=O}, 12={4=O, 5=O}, 13={4=O, 5=O}, 14={4=O, 5=O}, 15={4=O, 5=O}, 16={4=O, 5=O, 3=S}, 17={4=S, 3=S}, 18={4=S, 1=S}, 19={1=S, 2=S}, 20={0=O, 1=O, 2=S}, 21={0=O, 1=O}}
02-10 16:26:51.547 26906 26906 D CollisionEvent: Collision event occurred: Down
02-10 16:26:51.548 26906 26906 D CollisionEvent: Colliding tetromino: T
02-10 16:26:51.548 26906 26906 D CollisionEvent: Grid at time of collision: {0={3=I, 4=I, 5=T, 6=I}, 1={4=T, 5=T, 6=T}, 2={5=Z, 6=Z}, 3={5=S, 6=S}, 4={4=S, 5=S}, 5={4=O, 5=O}, 6={4=O, 5=O}, 7={4=Z, 5=Z}, 8={5=Z, 6=Z}, 9={6=T}, 10={4=T, 5=T, 6=T}, 11={5=S, 6=S}, 12={4=S, 5=S, 6=T}, 13={4=T, 5=T, 6=T}, 14={5=S, 6=S}, 15={4=S, 5=S, 6=T}, 16={4=T, 5=T, 6=T}, 17={4=J}, 18={1=Z, 4=J, 5=J, 6=J}, 19={0=Z, 1=Z}, 20={0=Z, 9=T}, 21={8=T, 9=T, 7=T}}
02-10 16:26:51.548 26906 26906 D CollisionEvent: Collision event occurred: Down
02-10 16:26:51.548 26906 26906 D CollisionEvent: Colliding tetromino: T
02-10 16:26:51.549 26906 26906 D CollisionEvent: Grid at time of collision: {0={3=I, 4=I, 5=T, 6=I}, 1={4=T, 5=T, 6=T}, 2={5=Z, 6=Z}, 3={5=S, 6=S}, 4={4=S, 5=S}, 5={4=O, 5=O}, 6={4=O, 5=O}, 7={4=Z, 5=Z}, 8={5=Z, 6=Z}, 9={6=T}, 10={4=T, 5=T, 6=T}, 11={5=S, 6=S}, 12={4=S, 5=S, 6=T}, 13={4=T, 5=T, 6=T}, 14={5=S, 6=S}, 15={4=S, 5=S, 6=T}, 16={4=T, 5=T, 6=T}, 17={4=J}, 18={1=Z, 4=J, 5=J, 6=J}, 19={0=Z, 1=Z}, 20={0=Z, 9=T}, 21={8=T, 9=T, 7=T}}
02-10 16:26:51.550 26906 26906 D CollisionEvent: Collision event occurred: Down
02-10 16:26:51.550 26906 26906 D CollisionEvent: Colliding tetromino: J
02-10 16:26:51.550 26906 26906 D CollisionEvent: Grid at time of collision: {0={3=I, 4=I, 5=T, 6=I}, 1={4=T, 5=T, 6=T}, 2={5=Z, 6=Z}, 3={5=S, 6=S}, 4={4=S, 5=S}, 5={4=O, 5=O}, 6={4=O, 5=O}, 7={4=Z, 5=Z}, 8={5=Z, 6=Z}, 9={6=T}, 10={4=T, 5=T, 6=T}, 11={5=S, 6=S}, 12={4=S, 5=S, 6=T}, 13={4=T, 5=T, 6=T}, 14={5=S, 6=S}, 15={4=S, 5=S, 6=T}, 16={4=T, 5=T, 6=T}, 17={4=J}, 18={1=Z, 4=J, 5=J, 6=J}, 19={0=Z, 1=Z}, 20={0=Z, 9=T}, 21={8=T, 9=T, 7=T}}
02-10 16:26:51.550 26906 26906 D CollisionEvent: Collision event occurred: Down
02-10 16:26:51.550 26906 26906 D CollisionEvent: Colliding tetromino: J
02-10 16:26:51.551 26906 26906 D CollisionEvent: Grid at time of collision: {0={3=I, 4=I, 5=T, 6=I}, 1={4=T, 5=T, 6=T}, 2={5=Z, 6=Z}, 3={5=S, 6=S}, 4={4=S, 5=S}, 5={4=O, 5=O}, 6={4=O, 5=O}, 7={4=Z, 5=Z}, 8={5=Z, 6=Z}, 9={6=T}, 10={4=T, 5=T, 6=T}, 11={5=S, 6=S}, 12={4=S, 5=S, 6=T}, 13={4=T, 5=T, 6=T}, 14={5=S, 6=S}, 15={4=S, 5=S, 6=T}, 16={4=T, 5=T, 6=T}, 17={4=J}, 18={1=Z, 4=J, 5=J, 6=J}, 19={0=Z, 1=Z}, 20={0=Z, 9=T}, 21={8=T, 9=T, 7=T}}
02-10 16:26:51.987 26906 26906 D CollisionEvent: Collision event occurred: Down
02-10 16:26:51.987 26906 26906 D CollisionEvent: Colliding tetromino: Z
02-10 16:26:51.988 26906 26906 D CollisionEvent: Grid at time of collision: {0={3=I, 4=Z, 5=Z, 6=S}, 1={4=S, 5=Z, 6=Z}, 2={4=O, 5=O}, 3={4=J}, 4={4=J, 5=J, 6=J}, 5={5=S, 6=S}, 6={4=S, 5=S}, 7={4=O, 5=O}, 8={4=O, 5=O}, 9={4=J}, 10={4=J, 5=J, 6=J}, 11={4=O, 5=O}, 12={4=O, 5=O}, 13={4=O, 5=O}, 14={4=O, 5=O}, 15={4=O, 5=O}, 16={4=O, 5=O, 3=S}, 17={4=S, 3=S}, 18={4=S, 1=S}, 19={1=S, 2=S}, 20={0=O, 1=O, 2=S}, 21={0=O, 1=O}}
02-10 16:26:51.988 26906 26906 D CollisionEvent: Collision event occurred: Down
02-10 16:26:51.988 26906 26906 D CollisionEvent: Colliding tetromino: Z
02-10 16:26:51.988 26906 26906 D CollisionEvent: Grid at time of collision: {0={3=I, 4=Z, 5=Z, 6=S}, 1={4=S, 5=Z, 6=Z}, 2={4=O, 5=O}, 3={4=J}, 4={4=J, 5=J, 6=J}, 5={5=S, 6=S}, 6={4=S, 5=S}, 7={4=O, 5=O}, 8={4=O, 5=O}, 9={4=J}, 10={4=J, 5=J, 6=J}, 11={4=O, 5=O}, 12={4=O, 5=O}, 13={4=O, 5=O}, 14={4=O, 5=O}, 15={4=O, 5=O}, 16={4=O, 5=O, 3=S}, 17={4=S, 3=S}, 18={4=S, 1=S}, 19={1=S, 2=S}, 20={0=O, 1=O, 2=S}, 21={0=O, 1=O}}
02-10 16:26:51.989 26906 26906 D CollisionEvent: Collision event occurred: Down
02-10 16:26:51.990 26906 26906 D CollisionEvent: Colliding tetromino: S
02-10 16:26:51.990 26906 26906 D CollisionEvent: Grid at time of collision: {0={3=I, 4=Z, 5=Z, 6=S}, 1={4=S, 5=Z, 6=Z}, 2={4=O, 5=O}, 3={4=J}, 4={4=J, 5=J, 6=J}, 5={5=S, 6=S}, 6={4=S, 5=S}, 7={4=O, 5=O}, 8={4=O, 5=O}, 9={4=J}, 10={4=J, 5=J, 6=J}, 11={4=O, 5=O}, 12={4=O, 5=O}, 13={4=O, 5=O}, 14={4=O, 5=O}, 15={4=O, 5=O}, 16={4=O, 5=O, 3=S}, 17={4=S, 3=S}, 18={4=S, 1=S}, 19={1=S, 2=S}, 20={0=O, 1=O, 2=S}, 21={0=O, 1=O}}
02-10 16:26:51.990 26906 26906 D CollisionEvent: Collision event occurred: Down
02-10 16:26:51.990 26906 26906 D CollisionEvent: Colliding tetromino: S
02-10 16:26:51.990 26906 26906 D CollisionEvent: Grid at time of collision: {0={3=I, 4=Z, 5=Z, 6=S}, 1={4=S, 5=Z, 6=Z}, 2={4=O, 5=O}, 3={4=J}, 4={4=J, 5=J, 6=J}, 5={5=S, 6=S}, 6={4=S, 5=S}, 7={4=O, 5=O}, 8={4=O, 5=O}, 9={4=J}, 10={4=J, 5=J, 6=J}, 11={4=O, 5=O}, 12={4=O, 5=O}, 13={4=O, 5=O}, 14={4=O, 5=O}, 15={4=O, 5=O}, 16={4=O, 5=O, 3=S}, 17={4=S, 3=S}, 18={4=S, 1=S}, 19={1=S, 2=S}, 20={0=O, 1=O, 2=S}, 21={0=O, 1=O}}
02-10 16:26:52.188  4734  4734 I SurfaceFlinger: SFWD update time=608186703323474
02-10 16:26:52.550 26906 26906 D CollisionEvent: Collision event occurred: Down
02-10 16:26:52.550 26906 26906 D CollisionEvent: Colliding tetromino: J
02-10 16:26:52.551 26906 26906 D CollisionEvent: Grid at time of collision: {0={3=I, 4=I, 5=T, 6=I}, 1={4=T, 5=T, 6=T}, 2={5=Z, 6=Z}, 3={5=S, 6=S}, 4={4=S, 5=S}, 5={4=O, 5=O}, 6={4=O, 5=O}, 7={4=Z, 5=Z}, 8={5=Z, 6=Z}, 9={6=T}, 10={4=T, 5=T, 6=T}, 11={5=S, 6=S}, 12={4=S, 5=S, 6=T}, 13={4=T, 5=T, 6=T}, 14={5=S, 6=S}, 15={4=S, 5=S, 6=T}, 16={4=T, 5=T, 6=T}, 17={4=J}, 18={1=Z, 4=J, 5=J, 6=J}, 19={0=Z, 1=Z}, 20={0=Z, 9=T}, 21={8=T, 9=T, 7=T}}
02-10 16:26:52.551 26906 26906 D CollisionEvent: Collision event occurred: Down
02-10 16:26:52.551 26906 26906 D CollisionEvent: Colliding tetromino: J
02-10 16:26:52.551 26906 26906 D CollisionEvent: Grid at time of collision: {0={3=I, 4=I, 5=T, 6=I}, 1={4=T, 5=T, 6=T}, 2={5=Z, 6=Z}, 3={5=S, 6=S}, 4={4=S, 5=S}, 5={4=O, 5=O}, 6={4=O, 5=O}, 7={4=Z, 5=Z}, 8={5=Z, 6=Z}, 9={6=T}, 10={4=T, 5=T, 6=T}, 11={5=S, 6=S}, 12={4=S, 5=S, 6=T}, 13={4=T, 5=T, 6=T}, 14={5=S, 6=S}, 15={4=S, 5=S, 6=T}, 16={4=T, 5=T, 6=T}, 17={4=J}, 18={1=Z, 4=J, 5=J, 6=J}, 19={0=Z, 1=Z}, 20={0=Z, 9=T}, 21={8=T, 9=T, 7=T}}
02-10 16:26:52.552 26906 26906 D CollisionEvent: Collision event occurred: Down
02-10 16:26:52.552 26906 26906 D CollisionEvent: Colliding tetromino: I
02-10 16:26:52.553 26906 26906 D CollisionEvent: Grid at time of collision: {0={3=I, 4=J, 5=T, 6=I}, 1={4=J, 5=J, 6=J}, 2={5=Z, 6=Z}, 3={5=S, 6=S}, 4={4=S, 5=S}, 5={4=O, 5=O}, 6={4=O, 5=O}, 7={4=Z, 5=Z}, 8={5=Z, 6=Z}, 9={6=T}, 10={4=T, 5=T, 6=T}, 11={5=S, 6=S}, 12={4=S, 5=S, 6=T}, 13={4=T, 5=T, 6=T}, 14={5=S, 6=S}, 15={4=S, 5=S, 6=T}, 16={4=T, 5=T, 6=T}, 17={4=J}, 18={1=Z, 4=J, 5=J, 6=J}, 19={0=Z, 1=Z}, 20={0=Z, 9=T}, 21={8=T, 9=T, 7=T}}
02-10 16:26:52.553 26906 26906 D CollisionEvent: Collision event occurred: Down
02-10 16:26:52.553 26906 26906 D CollisionEvent: Colliding tetromino: I
02-10 16:26:52.553 26906 26906 D CollisionEvent: Grid at time of collision: {0={3=I, 4=J, 5=T, 6=I}, 1={4=J, 5=J, 6=J}, 2={5=Z, 6=Z}, 3={5=S, 6=S}, 4={4=S, 5=S}, 5={4=O, 5=O}, 6={4=O, 5=O}, 7={4=Z, 5=Z}, 8={5=Z, 6=Z}, 9={6=T}, 10={4=T, 5=T, 6=T}, 11={5=S, 6=S}, 12={4=S, 5=S, 6=T}, 13={4=T, 5=T, 6=T}, 14={5=S, 6=S}, 15={4=S, 5=S, 6=T}, 16={4=T, 5=T, 6=T}, 17={4=J}, 18={1=Z, 4=J, 5=J, 6=J}, 19={0=Z, 1=Z}, 20={0=Z, 9=T}, 21={8=T, 9=T, 7=T}}
02-10 16:26:52.990 26906 26906 D CollisionEvent: Collision event occurred: Down
02-10 16:26:52.990 26906 26906 D CollisionEvent: Colliding tetromino: S
02-10 16:26:52.990 26906 26906 D CollisionEvent: Grid at time of collision: {0={3=I, 4=Z, 5=Z, 6=S}, 1={4=S, 5=Z, 6=Z}, 2={4=O, 5=O}, 3={4=J}, 4={4=J, 5=J, 6=J}, 5={5=S, 6=S}, 6={4=S, 5=S}, 7={4=O, 5=O}, 8={4=O, 5=O}, 9={4=J}, 10={4=J, 5=J, 6=J}, 11={4=O, 5=O}, 12={4=O, 5=O}, 13={4=O, 5=O}, 14={4=O, 5=O}, 15={4=O, 5=O}, 16={4=O, 5=O, 3=S}, 17={4=S, 3=S}, 18={4=S, 1=S}, 19={1=S, 2=S}, 20={0=O, 1=O, 2=S}, 21={0=O, 1=O}}
02-10 16:26:52.991 26906 26906 D CollisionEvent: Collision event occurred: Down
02-10 16:26:52.991 26906 26906 D CollisionEvent: Colliding tetromino: S
02-10 16:26:52.991 26906 26906 D CollisionEvent: Grid at time of collision: {0={3=I, 4=Z, 5=Z, 6=S}, 1={4=S, 5=Z, 6=Z}, 2={4=O, 5=O}, 3={4=J}, 4={4=J, 5=J, 6=J}, 5={5=S, 6=S}, 6={4=S, 5=S}, 7={4=O, 5=O}, 8={4=O, 5=O}, 9={4=J}, 10={4=J, 5=J, 6=J}, 11={4=O, 5=O}, 12={4=O, 5=O}, 13={4=O, 5=O}, 14={4=O, 5=O}, 15={4=O, 5=O}, 16={4=O, 5=O, 3=S}, 17={4=S, 3=S}, 18={4=S, 1=S}, 19={1=S, 2=S}, 20={0=O, 1=O, 2=S}, 21={0=O, 1=O}}
02-10 16:26:52.992 26906 26906 D CollisionEvent: Collision event occurred: Down
02-10 16:26:52.992 26906 26906 D CollisionEvent: Colliding tetromino: Z
02-10 16:26:52.992 26906 26906 D CollisionEvent: Grid at time of collision: {0={3=I, 4=Z, 5=S, 6=S}, 1={4=S, 5=S, 6=Z}, 2={4=O, 5=O}, 3={4=J}, 4={4=J, 5=J, 6=J}, 5={5=S, 6=S}, 6={4=S, 5=S}, 7={4=O, 5=O}, 8={4=O, 5=O}, 9={4=J}, 10={4=J, 5=J, 6=J}, 11={4=O, 5=O}, 12={4=O, 5=O}, 13={4=O, 5=O}, 14={4=O, 5=O}, 15={4=O, 5=O}, 16={4=O, 5=O, 3=S}, 17={4=S, 3=S}, 18={4=S, 1=S}, 19={1=S, 2=S}, 20={0=O, 1=O, 2=S}, 21={0=O, 1=O}}
02-10 16:26:52.992 26906 26906 D CollisionEvent: Collision event occurred: Down
02-10 16:26:52.992 26906 26906 D CollisionEvent: Colliding tetromino: Z
02-10 16:26:52.993 26906 26906 D CollisionEvent: Grid at time of collision: {0={3=I, 4=Z, 5=S, 6=S}, 1={4=S, 5=S, 6=Z}, 2={4=O, 5=O}, 3={4=J}, 4={4=J, 5=J, 6=J}, 5={5=S, 6=S}, 6={4=S, 5=S}, 7={4=O, 5=O}, 8={4=O, 5=O}, 9={4=J}, 10={4=J, 5=J, 6=J}, 11={4=O, 5=O}, 12={4=O, 5=O}, 13={4=O, 5=O}, 14={4=O, 5=O}, 15={4=O, 5=O}, 16={4=O, 5=O, 3=S}, 17={4=S, 3=S}, 18={4=S, 1=S}, 19={1=S, 2=S}, 20={0=O, 1=O, 2=S}, 21={0=O, 1=O}}
02-10 16:26:53.311  8910  8975 D NetworkController.SecMobileSignalController(0/1): onSignalStrengthsChanged level=3
02-10 16:26:53.312  8910  8975 D MobileSignalIconsSelector: getDataIconGroup(): 13
02-10 16:26:53.553 26906 26906 D CollisionEvent: Collision event occurred: Down
02-10 16:26:53.553 26906 26906 D CollisionEvent: Colliding tetromino: I
02-10 16:26:53.554 26906 26906 D CollisionEvent: Grid at time of collision: {0={3=I, 4=J, 5=T, 6=I}, 1={4=J, 5=J, 6=J}, 2={5=Z, 6=Z}, 3={5=S, 6=S}, 4={4=S, 5=S}, 5={4=O, 5=O}, 6={4=O, 5=O}, 7={4=Z, 5=Z}, 8={5=Z, 6=Z}, 9={6=T}, 10={4=T, 5=T, 6=T}, 11={5=S, 6=S}, 12={4=S, 5=S, 6=T}, 13={4=T, 5=T, 6=T}, 14={5=S, 6=S}, 15={4=S, 5=S, 6=T}, 16={4=T, 5=T, 6=T}, 17={4=J}, 18={1=Z, 4=J, 5=J, 6=J}, 19={0=Z, 1=Z}, 20={0=Z, 9=T}, 21={8=T, 9=T, 7=T}}
02-10 16:26:53.554 26906 26906 D CollisionEvent: Collision event occurred: Down
02-10 16:26:53.554 26906 26906 D CollisionEvent: Colliding tetromino: I
02-10 16:26:53.554 26906 26906 D CollisionEvent: Grid at time of collision: {0={3=I, 4=J, 5=T, 6=I}, 1={4=J, 5=J, 6=J}, 2={5=Z, 6=Z}, 3={5=S, 6=S}, 4={4=S, 5=S}, 5={4=O, 5=O}, 6={4=O, 5=O}, 7={4=Z, 5=Z}, 8={5=Z, 6=Z}, 9={6=T}, 10={4=T, 5=T, 6=T}, 11={5=S, 6=S}, 12={4=S, 5=S, 6=T}, 13={4=T, 5=T, 6=T}, 14={5=S, 6=S}, 15={4=S, 5=S, 6=T}, 16={4=T, 5=T, 6=T}, 17={4=J}, 18={1=Z, 4=J, 5=J, 6=J}, 19={0=Z, 1=Z}, 20={0=Z, 9=T}, 21={8=T, 9=T, 7=T}}
02-10 16:26:53.555 26906 26906 D CollisionEvent: Collision event occurred: Down
02-10 16:26:53.555 26906 26906 D CollisionEvent: Colliding tetromino: O
02-10 16:26:53.556 26906 26906 D CollisionEvent: Grid at time of collision: {0={3=I, 4=I, 5=I, 6=I}, 1={4=J, 5=J, 6=J}, 2={5=Z, 6=Z}, 3={5=S, 6=S}, 4={4=S, 5=S}, 5={4=O, 5=O}, 6={4=O, 5=O}, 7={4=Z, 5=Z}, 8={5=Z, 6=Z}, 9={6=T}, 10={4=T, 5=T, 6=T}, 11={5=S, 6=S}, 12={4=S, 5=S, 6=T}, 13={4=T, 5=T, 6=T}, 14={5=S, 6=S}, 15={4=S, 5=S, 6=T}, 16={4=T, 5=T, 6=T}, 17={4=J}, 18={1=Z, 4=J, 5=J, 6=J}, 19={0=Z, 1=Z}, 20={0=Z, 9=T}, 21={8=T, 9=T, 7=T}}
02-10 16:26:53.556 26906 26906 D CollisionEvent: Collision event occurred: Down
02-10 16:26:53.556 26906 26906 D CollisionEvent: Colliding tetromino: O
02-10 16:26:53.556 26906 26906 D CollisionEvent: Grid at time of collision: {0={3=I, 4=I, 5=I, 6=I}, 1={4=J, 5=J, 6=J}, 2={5=Z, 6=Z}, 3={5=S, 6=S}, 4={4=S, 5=S}, 5={4=O, 5=O}, 6={4=O, 5=O}, 7={4=Z, 5=Z}, 8={5=Z, 6=Z}, 9={6=T}, 10={4=T, 5=T, 6=T}, 11={5=S, 6=S}, 12={4=S, 5=S, 6=T}, 13={4=T, 5=T, 6=T}, 14={5=S, 6=S}, 15={4=S, 5=S, 6=T}, 16={4=T, 5=T, 6=T}, 17={4=J}, 18={1=Z, 4=J, 5=J, 6=J}, 19={0=Z, 1=Z}, 20={0=Z, 9=T}, 21={8=T, 9=T, 7=T}}
02-10 16:26:53.992 26906 26906 D CollisionEvent: Collision event occurred: Down
02-10 16:26:53.992 26906 26906 D CollisionEvent: Colliding tetromino: Z
02-10 16:26:53.992 26906 26906 D CollisionEvent: Grid at time of collision: {0={3=I, 4=Z, 5=S, 6=S}, 1={4=S, 5=S, 6=Z}, 2={4=O, 5=O}, 3={4=J}, 4={4=J, 5=J, 6=J}, 5={5=S, 6=S}, 6={4=S, 5=S}, 7={4=O, 5=O}, 8={4=O, 5=O}, 9={4=J}, 10={4=J, 5=J, 6=J}, 11={4=O, 5=O}, 12={4=O, 5=O}, 13={4=O, 5=O}, 14={4=O, 5=O}, 15={4=O, 5=O}, 16={4=O, 5=O, 3=S}, 17={4=S, 3=S}, 18={4=S, 1=S}, 19={1=S, 2=S}, 20={0=O, 1=O, 2=S}, 21={0=O, 1=O}}
02-10 16:26:53.992 26906 26906 D CollisionEvent: Collision event occurred: Down
02-10 16:26:53.992 26906 26906 D CollisionEvent: Colliding tetromino: Z
02-10 16:26:53.993 26906 26906 D CollisionEvent: Grid at time of collision: {0={3=I, 4=Z, 5=S, 6=S}, 1={4=S, 5=S, 6=Z}, 2={4=O, 5=O}, 3={4=J}, 4={4=J, 5=J, 6=J}, 5={5=S, 6=S}, 6={4=S, 5=S}, 7={4=O, 5=O}, 8={4=O, 5=O}, 9={4=J}, 10={4=J, 5=J, 6=J}, 11={4=O, 5=O}, 12={4=O, 5=O}, 13={4=O, 5=O}, 14={4=O, 5=O}, 15={4=O, 5=O}, 16={4=O, 5=O, 3=S}, 17={4=S, 3=S}, 18={4=S, 1=S}, 19={1=S, 2=S}, 20={0=O, 1=O, 2=S}, 21={0=O, 1=O}}
02-10 16:26:53.994 26906 26906 D CollisionEvent: Collision event occurred: Down
02-10 16:26:53.994 26906 26906 D CollisionEvent: Colliding tetromino: T
02-10 16:26:53.994 26906 26906 D CollisionEvent: Grid at time of collision: {0={3=I, 4=Z, 5=Z, 6=S}, 1={4=S, 5=Z, 6=Z}, 2={4=O, 5=O}, 3={4=J}, 4={4=J, 5=J, 6=J}, 5={5=S, 6=S}, 6={4=S, 5=S}, 7={4=O, 5=O}, 8={4=O, 5=O}, 9={4=J}, 10={4=J, 5=J, 6=J}, 11={4=O, 5=O}, 12={4=O, 5=O}, 13={4=O, 5=O}, 14={4=O, 5=O}, 15={4=O, 5=O}, 16={4=O, 5=O, 3=S}, 17={4=S, 3=S}, 18={4=S, 1=S}, 19={1=S, 2=S}, 20={0=O, 1=O, 2=S}, 21={0=O, 1=O}}
02-10 16:26:53.994 26906 26906 D CollisionEvent: Collision event occurred: Down
02-10 16:26:53.994 26906 26906 D CollisionEvent: Colliding tetromino: T
02-10 16:26:53.995 26906 26906 D CollisionEvent: Grid at time of collision: {0={3=I, 4=Z, 5=Z, 6=S}, 1={4=S, 5=Z, 6=Z}, 2={4=O, 5=O}, 3={4=J}, 4={4=J, 5=J, 6=J}, 5={5=S, 6=S}, 6={4=S, 5=S}, 7={4=O, 5=O}, 8={4=O, 5=O}, 9={4=J}, 10={4=J, 5=J, 6=J}, 11={4=O, 5=O}, 12={4=O, 5=O}, 13={4=O, 5=O}, 14={4=O, 5=O}, 15={4=O, 5=O}, 16={4=O, 5=O, 3=S}, 17={4=S, 3=S}, 18={4=S, 1=S}, 19={1=S, 2=S}, 20={0=O, 1=O, 2=S}, 21={0=O, 1=O}}
02-10 16:26:54.555 26906 26906 D CollisionEvent: Collision event occurred: Down
02-10 16:26:54.556 26906 26906 D CollisionEvent: Colliding tetromino: O
02-10 16:26:54.556 26906 26906 D CollisionEvent: Grid at time of collision: {0={3=I, 4=I, 5=I, 6=I}, 1={4=J, 5=J, 6=J}, 2={5=Z, 6=Z}, 3={5=S, 6=S}, 4={4=S, 5=S}, 5={4=O, 5=O}, 6={4=O, 5=O}, 7={4=Z, 5=Z}, 8={5=Z, 6=Z}, 9={6=T}, 10={4=T, 5=T, 6=T}, 11={5=S, 6=S}, 12={4=S, 5=S, 6=T}, 13={4=T, 5=T, 6=T}, 14={5=S, 6=S}, 15={4=S, 5=S, 6=T}, 16={4=T, 5=T, 6=T}, 17={4=J}, 18={1=Z, 4=J, 5=J, 6=J}, 19={0=Z, 1=Z}, 20={0=Z, 9=T}, 21={8=T, 9=T, 7=T}}
02-10 16:26:54.556 26906 26906 D CollisionEvent: Collision event occurred: Down
02-10 16:26:54.556 26906 26906 D CollisionEvent: Colliding tetromino: O
02-10 16:26:54.557 26906 26906 D CollisionEvent: Grid at time of collision: {0={3=I, 4=I, 5=I, 6=I}, 1={4=J, 5=J, 6=J}, 2={5=Z, 6=Z}, 3={5=S, 6=S}, 4={4=S, 5=S}, 5={4=O, 5=O}, 6={4=O, 5=O}, 7={4=Z, 5=Z}, 8={5=Z, 6=Z}, 9={6=T}, 10={4=T, 5=T, 6=T}, 11={5=S, 6=S}, 12={4=S, 5=S, 6=T}, 13={4=T, 5=T, 6=T}, 14={5=S, 6=S}, 15={4=S, 5=S, 6=T}, 16={4=T, 5=T, 6=T}, 17={4=J}, 18={1=Z, 4=J, 5=J, 6=J}, 19={0=Z, 1=Z}, 20={0=Z, 9=T}, 21={8=T, 9=T, 7=T}}
02-10 16:26:54.558 26906 26906 D CollisionEvent: Collision event occurred: Down
02-10 16:26:54.558 26906 26906 D CollisionEvent: Colliding tetromino: J
02-10 16:26:54.558 26906 26906 D CollisionEvent: Grid at time of collision: {0={3=I, 4=O, 5=O, 6=I}, 1={4=O, 5=O, 6=J}, 2={5=Z, 6=Z}, 3={5=S, 6=S}, 4={4=S, 5=S}, 5={4=O, 5=O}, 6={4=O, 5=O}, 7={4=Z, 5=Z}, 8={5=Z, 6=Z}, 9={6=T}, 10={4=T, 5=T, 6=T}, 11={5=S, 6=S}, 12={4=S, 5=S, 6=T}, 13={4=T, 5=T, 6=T}, 14={5=S, 6=S}, 15={4=S, 5=S, 6=T}, 16={4=T, 5=T, 6=T}, 17={4=J}, 18={1=Z, 4=J, 5=J, 6=J}, 19={0=Z, 1=Z}, 20={0=Z, 9=T}, 21={8=T, 9=T, 7=T}}
02-10 16:26:54.558 26906 26906 D CollisionEvent: Collision event occurred: Down
02-10 16:26:54.558 26906 26906 D CollisionEvent: Colliding tetromino: J
02-10 16:26:54.559 26906 26906 D CollisionEvent: Grid at time of collision: {0={3=I, 4=O, 5=O, 6=I}, 1={4=O, 5=O, 6=J}, 2={5=Z, 6=Z}, 3={5=S, 6=S}, 4={4=S, 5=S}, 5={4=O, 5=O}, 6={4=O, 5=O}, 7={4=Z, 5=Z}, 8={5=Z, 6=Z}, 9={6=T}, 10={4=T, 5=T, 6=T}, 11={5=S, 6=S}, 12={4=S, 5=S, 6=T}, 13={4=T, 5=T, 6=T}, 14={5=S, 6=S}, 15={4=S, 5=S, 6=T}, 16={4=T, 5=T, 6=T}, 17={4=J}, 18={1=Z, 4=J, 5=J, 6=J}, 19={0=Z, 1=Z}, 20={0=Z, 9=T}, 21={8=T, 9=T, 7=T}}
02-10 16:26:54.991  8451  8451 D BoundBrokerSvc: onUnbind: Intent { act=com.google.android.gms.safetynet.service.START pkg=com.google.android.gms }
02-10 16:26:54.995 26906 26906 D CollisionEvent: Collision event occurred: Down
02-10 16:26:54.995 26906 26906 D CollisionEvent: Colliding tetromino: T
02-10 16:26:54.995 26906 26906 D CollisionEvent: Grid at time of collision: {0={3=I, 4=Z, 5=Z, 6=S}, 1={4=S, 5=Z, 6=Z}, 2={4=O, 5=O}, 3={4=J}, 4={4=J, 5=J, 6=J}, 5={5=S, 6=S}, 6={4=S, 5=S}, 7={4=O, 5=O}, 8={4=O, 5=O}, 9={4=J}, 10={4=J, 5=J, 6=J}, 11={4=O, 5=O}, 12={4=O, 5=O}, 13={4=O, 5=O}, 14={4=O, 5=O}, 15={4=O, 5=O}, 16={4=O, 5=O, 3=S}, 17={4=S, 3=S}, 18={4=S, 1=S}, 19={1=S, 2=S}, 20={0=O, 1=O, 2=S}, 21={0=O, 1=O}}
02-10 16:26:54.995 26906 26906 D CollisionEvent: Collision event occurred: Down
02-10 16:26:54.995 26906 26906 D CollisionEvent: Colliding tetromino: T
02-10 16:26:54.995 26906 26906 D CollisionEvent: Grid at time of collision: {0={3=I, 4=Z, 5=Z, 6=S}, 1={4=S, 5=Z, 6=Z}, 2={4=O, 5=O}, 3={4=J}, 4={4=J, 5=J, 6=J}, 5={5=S, 6=S}, 6={4=S, 5=S}, 7={4=O, 5=O}, 8={4=O, 5=O}, 9={4=J}, 10={4=J, 5=J, 6=J}, 11={4=O, 5=O}, 12={4=O, 5=O}, 13={4=O, 5=O}, 14={4=O, 5=O}, 15={4=O, 5=O}, 16={4=O, 5=O, 3=S}, 17={4=S, 3=S}, 18={4=S, 1=S}, 19={1=S, 2=S}, 20={0=O, 1=O, 2=S}, 21={0=O, 1=O}}
02-10 16:26:54.996 26906 26906 D CollisionEvent: Collision event occurred: Down
02-10 16:26:54.996 26906 26906 D CollisionEvent: Colliding tetromino: T
02-10 16:26:54.996 26906 26906 D CollisionEvent: Grid at time of collision: {0={3=I, 4=Z, 5=Z, 6=T}, 1={4=T, 5=T, 6=T}, 2={4=O, 5=O}, 3={4=J}, 4={4=J, 5=J, 6=J}, 5={5=S, 6=S}, 6={4=S, 5=S}, 7={4=O, 5=O}, 8={4=O, 5=O}, 9={4=J}, 10={4=J, 5=J, 6=J}, 11={4=O, 5=O}, 12={4=O, 5=O}, 13={4=O, 5=O}, 14={4=O, 5=O}, 15={4=O, 5=O}, 16={4=O, 5=O, 3=S}, 17={4=S, 3=S}, 18={4=S, 1=S}, 19={1=S, 2=S}, 20={0=O, 1=O, 2=S}, 21={0=O, 1=O}}
02-10 16:26:54.996 26906 26906 D CollisionEvent: Collision event occurred: Down
02-10 16:26:54.996 26906 26906 D CollisionEvent: Colliding tetromino: T
02-10 16:26:54.996 26906 26906 D CollisionEvent: Grid at time of collision: {0={3=I, 4=Z, 5=Z, 6=T}, 1={4=T, 5=T, 6=T}, 2={4=O, 5=O}, 3={4=J}, 4={4=J, 5=J, 6=J}, 5={5=S, 6=S}, 6={4=S, 5=S}, 7={4=O, 5=O}, 8={4=O, 5=O}, 9={4=J}, 10={4=J, 5=J, 6=J}, 11={4=O, 5=O}, 12={4=O, 5=O}, 13={4=O, 5=O}, 14={4=O, 5=O}, 15={4=O, 5=O}, 16={4=O, 5=O, 3=S}, 17={4=S, 3=S}, 18={4=S, 1=S}, 19={1=S, 2=S}, 20={0=O, 1=O, 2=S}, 21={0=O, 1=O}}
02-10 16:26:55.558 26906 26906 D CollisionEvent: Collision event occurred: Down
02-10 16:26:55.558 26906 26906 D CollisionEvent: Colliding tetromino: J
02-10 16:26:55.558 26906 26906 D CollisionEvent: Grid at time of collision: {0={3=I, 4=O, 5=O, 6=I}, 1={4=O, 5=O, 6=J}, 2={5=Z, 6=Z}, 3={5=S, 6=S}, 4={4=S, 5=S}, 5={4=O, 5=O}, 6={4=O, 5=O}, 7={4=Z, 5=Z}, 8={5=Z, 6=Z}, 9={6=T}, 10={4=T, 5=T, 6=T}, 11={5=S, 6=S}, 12={4=S, 5=S, 6=T}, 13={4=T, 5=T, 6=T}, 14={5=S, 6=S}, 15={4=S, 5=S, 6=T}, 16={4=T, 5=T, 6=T}, 17={4=J}, 18={1=Z, 4=J, 5=J, 6=J}, 19={0=Z, 1=Z}, 20={0=Z, 9=T}, 21={8=T, 9=T, 7=T}}
02-10 16:26:55.559 26906 26906 D CollisionEvent: Collision event occurred: Down
02-10 16:26:55.559 26906 26906 D CollisionEvent: Colliding tetromino: J
02-10 16:26:55.559 26906 26906 D CollisionEvent: Grid at time of collision: {0={3=I, 4=O, 5=O, 6=I}, 1={4=O, 5=O, 6=J}, 2={5=Z, 6=Z}, 3={5=S, 6=S}, 4={4=S, 5=S}, 5={4=O, 5=O}, 6={4=O, 5=O}, 7={4=Z, 5=Z}, 8={5=Z, 6=Z}, 9={6=T}, 10={4=T, 5=T, 6=T}, 11={5=S, 6=S}, 12={4=S, 5=S, 6=T}, 13={4=T, 5=T, 6=T}, 14={5=S, 6=S}, 15={4=S, 5=S, 6=T}, 16={4=T, 5=T, 6=T}, 17={4=J}, 18={1=Z, 4=J, 5=J, 6=J}, 19={0=Z, 1=Z}, 20={0=Z, 9=T}, 21={8=T, 9=T, 7=T}}
02-10 16:26:55.560 26906 26906 D CollisionEvent: Collision event occurred: Down
02-10 16:26:55.560 26906 26906 D CollisionEvent: Colliding tetromino: S
02-10 16:26:55.560 26906 26906 D CollisionEvent: Grid at time of collision: {0={3=I, 4=J, 5=O, 6=I}, 1={4=J, 5=J, 6=J}, 2={5=Z, 6=Z}, 3={5=S, 6=S}, 4={4=S, 5=S}, 5={4=O, 5=O}, 6={4=O, 5=O}, 7={4=Z, 5=Z}, 8={5=Z, 6=Z}, 9={6=T}, 10={4=T, 5=T, 6=T}, 11={5=S, 6=S}, 12={4=S, 5=S, 6=T}, 13={4=T, 5=T, 6=T}, 14={5=S, 6=S}, 15={4=S, 5=S, 6=T}, 16={4=T, 5=T, 6=T}, 17={4=J}, 18={1=Z, 4=J, 5=J, 6=J}, 19={0=Z, 1=Z}, 20={0=Z, 9=T}, 21={8=T, 9=T, 7=T}}
02-10 16:26:55.560 26906 26906 D CollisionEvent: Collision event occurred: Down
02-10 16:26:55.561 26906 26906 D CollisionEvent: Colliding tetromino: S
02-10 16:26:55.561 26906 26906 D CollisionEvent: Grid at time of collision: {0={3=I, 4=J, 5=O, 6=I}, 1={4=J, 5=J, 6=J}, 2={5=Z, 6=Z}, 3={5=S, 6=S}, 4={4=S, 5=S}, 5={4=O, 5=O}, 6={4=O, 5=O}, 7={4=Z, 5=Z}, 8={5=Z, 6=Z}, 9={6=T}, 10={4=T, 5=T, 6=T}, 11={5=S, 6=S}, 12={4=S, 5=S, 6=T}, 13={4=T, 5=T, 6=T}, 14={5=S, 6=S}, 15={4=S, 5=S, 6=T}, 16={4=T, 5=T, 6=T}, 17={4=J}, 18={1=Z, 4=J, 5=J, 6=J}, 19={0=Z, 1=Z}, 20={0=Z, 9=T}, 21={8=T, 9=T, 7=T}}
02-10 16:26:55.695  5083  5887 D BatteryService: Sending ACTION_BATTERY_CHANGED. scale:100, info:{.chargerAcOnline = false, .chargerUsbOnline = true, .chargerWirelessOnline = false, .maxChargingCurrent = 0, .maxChargingVoltage = 0, .batteryStatus = CHARGING, .batteryHealth = GOOD, .batteryPresent = true, .batteryLevel = 65, .batteryVoltage = 4024, .batteryTemperature = 266, .batteryCurrent = 477, .batteryCycleCount = 0, .batteryFullCharge = 5000000, .batteryChargeCounter = 3250000, .batteryTechnology = Li-ion}
02-10 16:26:55.695  5083  5887 D BatteryService: online:4, current avg:474, charge type:1, POGO powered:false, power sharing:false, high voltage charger:false, charger_type:0, capacity:280000, misc_event:0x10000, current_event:0x0, current_now:477
02-10 16:26:55.698  5083  5272 D MotionRecognitionService:   onReceive : ACTION_BATTERY_CHANGED, Plugged: 2
02-10 16:26:55.698  5083  5272 I MotionRecognitionService: [TA] In/out: true, curr state: 1
02-10 16:26:55.698  5083  5272 I MotionRecognitionService: [TA] Before receiving the SAR request for Main. Return.
02-10 16:26:55.699  8910  8910 D KeyguardUpdateMonitor: received broadcast android.intent.action.BATTERY_CHANGED
02-10 16:26:55.700  5083  5083 D PhoneWindowManagerExt: ACTION_BATTERY_CHANGED - Level=65, status=2
02-10 16:26:55.700  8910  8910 I PowerUI : BATTERY_HEALTH_CHECK extraHealth=2 mBatteryMiscEvent=65536
02-10 16:26:55.700  8910  8910 D PowerUI : priorPlugType = 2 mPlugType = 2 priorBatteryStatus = 2 mBatteryStatus = 2
02-10 16:26:55.700  5083  5083 D SemWifiApBroadcastReceiver: Received : android.intent.action.BATTERY_CHANGED
02-10 16:26:55.701  9301  9301 D SemBigDataInfoController: Intent : android.intent.action.BATTERY_CHANGED
02-10 16:26:55.701  9301  9301 D SemBigDataInfoController: Intent : android.intent.action.BATTERY_CHANGED
02-10 16:26:55.702  8910  8910 D PowerUI.Notification: showChargingNotice oldChargingType : 1 currentChargingType : 1 oldChargingTime : 10669000 mChargingTime : 10636000
02-10 16:26:55.702  8910  8910 D PowerUI.Notification: showChargingNotification()
02-10 16:26:55.707  5083  8971 D ApplicationPolicy: isStatusBarNotificationAllowedAsUser: packageName = com.android.systemui,userId = 0
02-10 16:26:55.707  5083  8971 D PersonaManagerAdapter: ContainerOnlyMode - EOS
02-10 16:26:55.707  5083  8971 D ApplicationPolicy: isStatusBarNotificationAllowedAsUser: packageName = com.android.systemui,userId = -1
02-10 16:26:55.707  5083  8971 D PersonaManagerAdapter: ContainerOnlyMode - EOS
02-10 16:26:55.707  5083  8971 D ApplicationPolicy: isStatusBarNotificationAllowedAsUser: converting userId from USER_ALLto 0
02-10 16:26:55.707  5083  8971 D PersonaManagerAdapter: ContainerOnlyMode - EOS
02-10 16:26:55.708  8910  8910 D PowerUI : Battery swelling mode - priorBatterySwellingMode = 0 mBatterySwellingMode = 0 mBatteryStatus = 2
02-10 16:26:55.708  8910  8910 I PowerUI : mBatteryMiscEvent = 65536
02-10 16:26:55.709  8910  8910 D KeyguardUpdateMonitor: handleBatteryUpdate
02-10 16:26:55.711  8910  8910 D KeyguardSecIndicationPolicy:  add T Event pos = DEFAULT, type =              BATTERY, id = 16358, text = Charging: 65%
02-10 16:26:55.711  8910  8910 D KeyguardSecIndicationPolicy: 2 h 57 m until full, duration = 3000
02-10 16:26:55.712  8910  8910 D KeyguardSecIndicationPolicy:   update top pos = DEFAULT, item = [id=16357|ty=BATTERY_RESTING|pr=20|txt=Charging: 65%
02-10 16:26:55.712  8910  8910 D KeyguardSecIndicationPolicy: 2 h 57 m until full|ti=duration=PERSISTENT|an=false] -> [id=16358|ty=BATTERY|pr=40|txt=Charging: 65%
02-10 16:26:55.712  8910  8910 D KeyguardSecIndicationPolicy: 2 h 57 m until full|ti=duration=3000|an=false]
02-10 16:26:55.712  8910  8910 D KeyguardSecIndicationController: onIndicationChanged() return - keyguard is not visible, pos = DEFAULT, item = [id=16358|ty=BATTERY|pr=40|txt=Charging: 65%
02-10 16:26:55.712  8910  8910 D KeyguardSecIndicationController: 2 h 57 m until full|ti=duration=3000|an=false]
02-10 16:26:55.712  8910  8910 D KeyguardSecIndicationPolicy: update Event pos = DEFAULT, type =      BATTERY_RESTING, id = 16359, text = Charging: 65%
02-10 16:26:55.712  8910  8910 D KeyguardSecIndicationPolicy: 2 h 57 m until full
02-10 16:26:55.712  8910  8910 D KeyguardSecIndicationController: addBatteryIndication() status = BatteryStatus{status=2,level=65,plugged=2,health=2,maxChargingWattage=-1,remaining=10636000ultraFastCharger=0}
02-10 16:26:55.712  8910  8910 I AODBatteryManager: updateBatteryData: ACTION_BATTERY_CHANGED
02-10 16:26:55.713  8910  8910 I AODBatteryManager: saveBatteryData : AOD BatteryData [mBatteryLevel=65, mBatteryStatus=CHARGING, mBatteryPlugType=USB, mBatteryPlugged=true, mRemainingChargeTime=10636000, mBatteryChargingType=1, mBatteryChargerType=NORMAL, mBatteryOnline=USB, mBatterySwellingMode=NONE]
02-10 16:26:55.713  8910  8910 I ChargingInfoManager: updateChargingInfo: newState = AOD ChargingInfo [mState=BATTERY_AND_REMAIN_TIME, mIsCharging=true, mIsFullyCharged=false], oldState = AOD ChargingInfo [mState=BATTERY_AND_REMAIN_TIME, mIsCharging=true, mIsFullyCharged=false]
02-10 16:26:55.759 10117 10147 W System  : A resource failed to call close. 
02-10 16:26:55.760 10117 10147 W System  : A resource failed to call close. 
02-10 16:26:55.761 10117 10147 W System  : A resource failed to call close. 
02-10 16:26:55.761 10117 10147 W System  : A resource failed to call close. 
02-10 16:26:55.762 10117 10147 W System  : A resource failed to call close. 
02-10 16:26:55.762 10117 10147 W System  : A resource failed to call close. 
02-10 16:26:55.763 10117 10147 W System  : A resource failed to call close. 
02-10 16:26:55.763 10117 10147 W System  : A resource failed to call close. 
02-10 16:26:55.763 10117 10147 W System  : A resource failed to call close. 
02-10 16:26:55.764 10117 10147 W System  : A resource failed to call close. 
02-10 16:26:55.765 10117 10147 W System  : A resource failed to call close. 
02-10 16:26:55.765 10117 10147 W System  : A resource failed to call close. 
02-10 16:26:55.766 10117 10147 W System  : A resource failed to call close. 
02-10 16:26:55.766 10117 10147 W System  : A resource failed to call close. 
02-10 16:26:55.767 10117 10147 W System  : A resource failed to call close. 
02-10 16:26:55.767 10117 10147 W System  : A resource failed to call close. 
02-10 16:26:55.768 10117 10147 W System  : A resource failed to call close. 
02-10 16:26:55.768 10117 10147 W System  : A resource failed to call close. 
02-10 16:26:55.769 10117 10147 W System  : A resource failed to call close. 
02-10 16:26:55.769 10117 10147 W System  : A resource failed to call close. 
02-10 16:26:55.770 10117 10147 W System  : A resource failed to call close. 
02-10 16:26:55.770 10117 10147 W System  : A resource failed to call close. 
02-10 16:26:55.770 10117 10147 W System  : A resource failed to call close. 
02-10 16:26:55.771 10117 10147 W System  : A resource failed to call close. 
02-10 16:26:55.771 10117 10147 W System  : A resource failed to call close. 
02-10 16:26:55.771 10117 10147 W System  : A resource failed to call close. 
02-10 16:26:55.772 10117 10147 W System  : A resource failed to call close. 
02-10 16:26:55.772 10117 10147 W System  : A resource failed to call close. 
02-10 16:26:55.772 10117 10147 W System  : A resource failed to call close. 
02-10 16:26:55.772 10117 10147 W System  : A resource failed to call close. 
02-10 16:26:55.773 10117 10147 W System  : A resource failed to call close. 
02-10 16:26:55.773 10117 10147 W System  : A resource failed to call close. 
02-10 16:26:55.773 10117 10147 W System  : A resource failed to call close. 
02-10 16:26:55.774 10117 10147 W System  : A resource failed to call close. 
02-10 16:26:55.774 10117 10147 W System  : A resource failed to call close. 
02-10 16:26:55.774 10117 10147 W System  : A resource failed to call close. 
02-10 16:26:55.774 10117 10147 W System  : A resource failed to call close. 
02-10 16:26:55.775 10117 10147 W System  : A resource failed to call close. 
02-10 16:26:55.775 10117 10147 W System  : A resource failed to call close. 
02-10 16:26:55.775 10117 10147 W System  : A resource failed to call close. 
02-10 16:26:55.775 10117 10147 W System  : A resource failed to call close. 
02-10 16:26:55.775 10117 10147 W System  : A resource failed to call close. 
02-10 16:26:55.776 10117 10147 W System  : A resource failed to call close. 
02-10 16:26:55.776 10117 10147 W System  : A resource failed to call close. 
02-10 16:26:55.776 10117 10147 W System  : A resource failed to call close. 
02-10 16:26:55.776 10117 10147 W System  : A resource failed to call close. 
02-10 16:26:55.777 10117 10147 W System  : A resource failed to call close. 
02-10 16:26:55.777 10117 10147 W System  : A resource failed to call close. 
02-10 16:26:55.777 10117 10147 W System  : A resource failed to call close. 
02-10 16:26:55.777 10117 10147 W System  : A resource failed to call close. 
02-10 16:26:55.778 10117 10147 W System  : A resource failed to call close. 
02-10 16:26:55.778 10117 10147 W System  : A resource failed to call close. 
02-10 16:26:55.778 10117 10147 W System  : A resource failed to call close. 
02-10 16:26:55.778 10117 10147 W System  : A resource failed to call close. 
02-10 16:26:55.779 10117 10147 W System  : A resource failed to call close. 
02-10 16:26:55.779 10117 10147 W System  : A resource failed to call close. 
02-10 16:26:55.779 10117 10147 W System  : A resource failed to call close. 
02-10 16:26:55.779 10117 10147 W System  : A resource failed to call close. 
02-10 16:26:55.779 10117 10147 W System  : A resource failed to call close. 
02-10 16:26:55.780 10117 10147 W System  : A resource failed to call close. 
02-10 16:26:55.780 10117 10147 W System  : A resource failed to call close. 
02-10 16:26:55.780 10117 10147 W System  : A resource failed to call close. 
02-10 16:26:55.780 10117 10147 W System  : A resource failed to call close. 
02-10 16:26:55.780 10117 10147 W System  : A resource failed to call close. 
02-10 16:26:55.780 10117 10147 W System  : A resource failed to call close. 
02-10 16:26:55.781 10117 10147 W System  : A resource failed to call close. 
02-10 16:26:55.781 10117 10147 W System  : A resource failed to call close. 
02-10 16:26:55.781 10117 10147 W System  : A resource failed to call close. 
02-10 16:26:55.781 10117 10147 W System  : A resource failed to call close. 
02-10 16:26:55.782 10117 10147 W System  : A resource failed to call close. 
02-10 16:26:55.782 10117 10147 W System  : A resource failed to call close. 
02-10 16:26:55.782 10117 10147 W System  : A resource failed to call close. 
02-10 16:26:55.782 10117 10147 W System  : A resource failed to call close. 
02-10 16:26:55.782 10117 10147 W System  : A resource failed to call close. 
02-10 16:26:55.783 10117 10147 W System  : A resource failed to call close. 
02-10 16:26:55.783 10117 10147 W System  : A resource failed to call close. 
02-10 16:26:55.783 10117 10147 W System  : A resource failed to call close. 
02-10 16:26:55.783 10117 10147 W System  : A resource failed to call close. 
02-10 16:26:55.783 10117 10147 W System  : A resource failed to call close. 
02-10 16:26:55.783 10117 10147 W System  : A resource failed to call close. 
02-10 16:26:55.784 10117 10147 W System  : A resource failed to call close. 
02-10 16:26:55.784 10117 10147 W System  : A resource failed to call close. 
02-10 16:26:55.784 10117 10147 W System  : A resource failed to call close. 
02-10 16:26:55.784 10117 10147 W System  : A resource failed to call close. 
02-10 16:26:55.784 10117 10147 W System  : A resource failed to call close. 
02-10 16:26:55.784 10117 10147 W System  : A resource failed to call close. 
02-10 16:26:55.785 10117 10147 W System  : A resource failed to call close. 
02-10 16:26:55.785 10117 10147 W System  : A resource failed to call close. 
02-10 16:26:55.785 10117 10147 W System  : A resource failed to call close. 
02-10 16:26:55.785 10117 10147 W System  : A resource failed to call close. 
02-10 16:26:55.785 10117 10147 W System  : A resource failed to call close. 
02-10 16:26:55.786 10117 10147 W System  : A resource failed to call close. 
02-10 16:26:55.786 10117 10147 W System  : A resource failed to call close. 
02-10 16:26:55.786 10117 10147 W System  : A resource failed to call close. 
02-10 16:26:55.786 10117 10147 W System  : A resource failed to call close. 
02-10 16:26:55.786 10117 10147 W System  : A resource failed to call close. 
02-10 16:26:55.786 10117 10147 W System  : A resource failed to call close. 
02-10 16:26:55.787 10117 10147 W System  : A resource failed to call close. 
02-10 16:26:55.787 10117 10147 W System  : A resource failed to call close. 
02-10 16:26:55.787 10117 10147 W System  : A resource failed to call close. 
02-10 16:26:55.787 10117 10147 W System  : A resource failed to call close. 
02-10 16:26:55.787 10117 10147 W System  : A resource failed to call close. 
02-10 16:26:55.787 10117 10147 W System  : A resource failed to call close. 
02-10 16:26:55.788 10117 10147 W System  : A resource failed to call close. 
02-10 16:26:55.788 10117 10147 W System  : A resource failed to call close. 
02-10 16:26:55.788 10117 10147 W System  : A resource failed to call close. 
02-10 16:26:55.788 10117 10147 W System  : A resource failed to call close. 
02-10 16:26:55.788 10117 10147 W System  : A resource failed to call close. 
02-10 16:26:55.788 10117 10147 W System  : A resource failed to call close. 
02-10 16:26:55.789 10117 10147 W System  : A resource failed to call close. 
02-10 16:26:55.790 10117 10147 W System  : A resource failed to call close. 
02-10 16:26:55.790 10117 10147 W System  : A resource failed to call close. 
02-10 16:26:55.791 10117 10147 W System  : A resource failed to call close. 
02-10 16:26:55.792 10117 10147 W System  : A resource failed to call close. 
02-10 16:26:55.792 10117 10147 W System  : A resource failed to call close. 
02-10 16:26:55.793 10117 10147 W System  : A resource failed to call close. 
02-10 16:26:55.794 10117 10147 W System  : A resource failed to call close. 
02-10 16:26:55.794 10117 10147 W System  : A resource failed to call close. 
02-10 16:26:55.795 10117 10147 W System  : A resource failed to call close. 
02-10 16:26:55.795 10117 10147 W System  : A resource failed to call close. 
02-10 16:26:55.796 10117 10147 W System  : A resource failed to call close. 
02-10 16:26:55.796 10117 10147 W System  : A resource failed to call close. 
02-10 16:26:55.797 10117 10147 W System  : A resource failed to call close. 
02-10 16:26:55.919  9173  9173 I Launcher.NotificationListener: onNotificationPosted : com.android.systemui number : 0
02-10 16:26:55.921  8910  8910 D InterruptionStateProvider: No bubble up: not allowed to bubble: -1|com.android.systemui|2131362956|charging_state|10059
02-10 16:26:55.923  8910  8910 D InterruptionStateProvider:  no Heads up : edgelighting enabled app. -1|com.android.systemui|2131362956|charging_state|10059
02-10 16:26:55.977  8910  8910 E ExpandableNotifRow: onNotificationUpdated() NSSL is null..
02-10 16:26:55.980  8910  8910 D FaceWidgetNotificationManager: updateFaceWidgetMusicNotificationKey() return : mFaceWidgetMusicNotificationKey is empty
02-10 16:26:55.996 26906 26906 D CollisionEvent: Collision event occurred: Down
02-10 16:26:55.996 26906 26906 D CollisionEvent: Colliding tetromino: T
02-10 16:26:55.997 26906 26906 D CollisionEvent: Grid at time of collision: {0={3=I, 4=Z, 5=Z, 6=T}, 1={4=T, 5=T, 6=T}, 2={4=O, 5=O}, 3={4=J}, 4={4=J, 5=J, 6=J}, 5={5=S, 6=S}, 6={4=S, 5=S}, 7={4=O, 5=O}, 8={4=O, 5=O}, 9={4=J}, 10={4=J, 5=J, 6=J}, 11={4=O, 5=O}, 12={4=O, 5=O}, 13={4=O, 5=O}, 14={4=O, 5=O}, 15={4=O, 5=O}, 16={4=O, 5=O, 3=S}, 17={4=S, 3=S}, 18={4=S, 1=S}, 19={1=S, 2=S}, 20={0=O, 1=O, 2=S}, 21={0=O, 1=O}}
02-10 16:26:55.997 26906 26906 D CollisionEvent: Collision event occurred: Down
02-10 16:26:55.997 26906 26906 D CollisionEvent: Colliding tetromino: T
02-10 16:26:55.997 26906 26906 D CollisionEvent: Grid at time of collision: {0={3=I, 4=Z, 5=Z, 6=T}, 1={4=T, 5=T, 6=T}, 2={4=O, 5=O}, 3={4=J}, 4={4=J, 5=J, 6=J}, 5={5=S, 6=S}, 6={4=S, 5=S}, 7={4=O, 5=O}, 8={4=O, 5=O}, 9={4=J}, 10={4=J, 5=J, 6=J}, 11={4=O, 5=O}, 12={4=O, 5=O}, 13={4=O, 5=O}, 14={4=O, 5=O}, 15={4=O, 5=O}, 16={4=O, 5=O, 3=S}, 17={4=S, 3=S}, 18={4=S, 1=S}, 19={1=S, 2=S}, 20={0=O, 1=O, 2=S}, 21={0=O, 1=O}}
02-10 16:26:55.998 26906 26906 D CollisionEvent: Collision event occurred: Down
02-10 16:26:55.998 26906 26906 D CollisionEvent: Colliding tetromino: T
02-10 16:26:55.998 26906 26906 D CollisionEvent: Grid at time of collision: {0={3=I, 4=Z, 5=Z, 6=T}, 1={4=T, 5=T, 6=T}, 2={4=O, 5=O}, 3={4=J}, 4={4=J, 5=J, 6=J}, 5={5=S, 6=S}, 6={4=S, 5=S}, 7={4=O, 5=O}, 8={4=O, 5=O}, 9={4=J}, 10={4=J, 5=J, 6=J}, 11={4=O, 5=O}, 12={4=O, 5=O}, 13={4=O, 5=O}, 14={4=O, 5=O}, 15={4=O, 5=O}, 16={4=O, 5=O, 3=S}, 17={4=S, 3=S}, 18={4=S, 1=S}, 19={1=S, 2=S}, 20={0=O, 1=O, 2=S}, 21={0=O, 1=O}}
02-10 16:26:55.998 26906 26906 D CollisionEvent: Collision event occurred: Down
02-10 16:26:55.998 26906 26906 D CollisionEvent: Colliding tetromino: T
02-10 16:26:55.998 26906 26906 D CollisionEvent: Grid at time of collision: {0={3=I, 4=Z, 5=Z, 6=T}, 1={4=T, 5=T, 6=T}, 2={4=O, 5=O}, 3={4=J}, 4={4=J, 5=J, 6=J}, 5={5=S, 6=S}, 6={4=S, 5=S}, 7={4=O, 5=O}, 8={4=O, 5=O}, 9={4=J}, 10={4=J, 5=J, 6=J}, 11={4=O, 5=O}, 12={4=O, 5=O}, 13={4=O, 5=O}, 14={4=O, 5=O}, 15={4=O, 5=O}, 16={4=O, 5=O, 3=S}, 17={4=S, 3=S}, 18={4=S, 1=S}, 19={1=S, 2=S}, 20={0=O, 1=O, 2=S}, 21={0=O, 1=O}}
